CONFIG compute_units=all oracle=none
LOAD_OK final_head_s1_2p6b   1096.2ms  rss +15 MB  in=1 out=1
  IN  lfm_h_in [1, 1, 2048] 65552
  OUT logits [1, 1, 128000]
LOAD_OK segment_0_s16_ctx512_kvio_prefill   3450.0ms  rss +5 MB  in=17 out=14
  IN  cache_mask_in [1, 1, 1, 512] 65552
  IN  conv_in_l0 [1, 2, 2048] 65552
  IN  conv_in_l1 [1, 2, 2048] 65552
  IN  conv_in_l3 [1, 2, 2048] 65552
  IN  conv_in_l4 [1, 2, 2048] 65552
  IN  conv_in_l6 [1, 2, 2048] 65552
  IN  conv_in_l7 [1, 2, 2048] 65552
  IN  conv_in_l8 [1, 2, 2048] 65552
  IN  cos_in [1, 16, 64] 65552
  IN  hidden_states [1, 16, 2048] 65552
  IN  kv_in_l2_K [1, 8, 512, 64] 65552
  IN  kv_in_l2_V [1, 8, 512, 64] 65552
  IN  kv_in_l5_K [1, 8, 512, 64] 65552
  IN  kv_in_l5_V [1, 8, 512, 64] 65552
  IN  kv_in_l9_K [1, 8, 512, 64] 65552
  IN  kv_in_l9_V [1, 8, 512, 64] 65552
  IN  sin_in [1, 16, 64] 65552
  OUT layer_0_liv_conv_cache_out [1, 2, 2048]
  OUT layer_1_liv_conv_cache_out [1, 2, 2048]
  OUT layer_2_attn_kv_out_K [1, 8, 512, 64]
  OUT layer_2_attn_kv_out_V [1, 8, 512, 64]
  OUT layer_3_liv_conv_cache_out [1, 2, 2048]
  OUT layer_4_liv_conv_cache_out [1, 2, 2048]
  OUT layer_5_attn_kv_out_K [1, 8, 512, 64]
  OUT layer_5_attn_kv_out_V [1, 8, 512, 64]
  OUT layer_6_liv_conv_cache_out [1, 2, 2048]
  OUT layer_7_liv_conv_cache_out [1, 2, 2048]
  OUT layer_8_liv_conv_cache_out [1, 2, 2048]
  OUT layer_9_attn_kv_out_K [1, 8, 512, 64]
  OUT layer_9_attn_kv_out_V [1, 8, 512, 64]
  OUT out [1, 16, 2048]
LOAD_OK segment_1_s16_ctx512_kvio_prefill   3753.3ms  rss +1 MB  in=16 out=13
  IN  cache_mask_in [1, 1, 1, 512] 65552
  IN  conv_in_l10 [1, 2, 2048] 65552
  IN  conv_in_l11 [1, 2, 2048] 65552
  IN  conv_in_l12 [1, 2, 2048] 65552
  IN  conv_in_l14 [1, 2, 2048] 65552
  IN  conv_in_l15 [1, 2, 2048] 65552
  IN  conv_in_l16 [1, 2, 2048] 65552
  IN  conv_in_l18 [1, 2, 2048] 65552
  IN  conv_in_l19 [1, 2, 2048] 65552
  IN  cos_in [1, 16, 64] 65552
  IN  hidden_states [1, 16, 2048] 65552
  IN  kv_in_l13_K [1, 8, 512, 64] 65552
  IN  kv_in_l13_V [1, 8, 512, 64] 65552
  IN  kv_in_l17_K [1, 8, 512, 64] 65552
  IN  kv_in_l17_V [1, 8, 512, 64] 65552
  IN  sin_in [1, 16, 64] 65552
  OUT layer_10_liv_conv_cache_out [1, 2, 2048]
  OUT layer_11_liv_conv_cache_out [1, 2, 2048]
  OUT layer_12_liv_conv_cache_out [1, 2, 2048]
  OUT layer_13_attn_kv_out_K [1, 8, 512, 64]
  OUT layer_13_attn_kv_out_V [1, 8, 512, 64]
  OUT layer_14_liv_conv_cache_out [1, 2, 2048]
  OUT layer_15_liv_conv_cache_out [1, 2, 2048]
  OUT layer_16_liv_conv_cache_out [1, 2, 2048]
  OUT layer_17_attn_kv_out_K [1, 8, 512, 64]
  OUT layer_17_attn_kv_out_V [1, 8, 512, 64]
  OUT layer_18_liv_conv_cache_out [1, 2, 2048]
  OUT layer_19_liv_conv_cache_out [1, 2, 2048]
  OUT out [1, 16, 2048]
LOAD_OK segment_2_s16_ctx512_kvio_prefill   3638.2ms  rss +0 MB  in=17 out=14
  IN  cache_mask_in [1, 1, 1, 512] 65552
  IN  conv_in_l20 [1, 2, 2048] 65552
  IN  conv_in_l22 [1, 2, 2048] 65552
  IN  conv_in_l23 [1, 2, 2048] 65552
  IN  conv_in_l25 [1, 2, 2048] 65552
  IN  conv_in_l26 [1, 2, 2048] 65552
  IN  conv_in_l28 [1, 2, 2048] 65552
  IN  conv_in_l29 [1, 2, 2048] 65552
  IN  cos_in [1, 16, 64] 65552
  IN  hidden_states [1, 16, 2048] 65552
  IN  kv_in_l21_K [1, 8, 512, 64] 65552
  IN  kv_in_l21_V [1, 8, 512, 64] 65552
  IN  kv_in_l24_K [1, 8, 512, 64] 65552
  IN  kv_in_l24_V [1, 8, 512, 64] 65552
  IN  kv_in_l27_K [1, 8, 512, 64] 65552
  IN  kv_in_l27_V [1, 8, 512, 64] 65552
  IN  sin_in [1, 16, 64] 65552
  OUT layer_20_liv_conv_cache_out [1, 2, 2048]
  OUT layer_21_attn_kv_out_K [1, 8, 512, 64]
  OUT layer_21_attn_kv_out_V [1, 8, 512, 64]
  OUT layer_22_liv_conv_cache_out [1, 2, 2048]
  OUT layer_23_liv_conv_cache_out [1, 2, 2048]
  OUT layer_24_attn_kv_out_K [1, 8, 512, 64]
  OUT layer_24_attn_kv_out_V [1, 8, 512, 64]
  OUT layer_25_liv_conv_cache_out [1, 2, 2048]
  OUT layer_26_liv_conv_cache_out [1, 2, 2048]
  OUT layer_27_attn_kv_out_K [1, 8, 512, 64]
  OUT layer_27_attn_kv_out_V [1, 8, 512, 64]
  OUT layer_28_liv_conv_cache_out [1, 2, 2048]
  OUT layer_29_liv_conv_cache_out [1, 2, 2048]
  OUT out [1, 16, 2048]
WARM_RELOAD final_head_s1_2p6b 1100.5ms
[
  {
    "rss_delta_bytes" : 16023600,
    "rss_after_bytes" : 18055744,
    "input_names" : [
      "lfm_h_in"
    ],
    "package" : "final_head_s1_2p6b",
    "outputs" : 1,
    "inputs" : 1,
    "ok" : true,
    "output_names" : [
      "logits"
    ],
    "load_ms" : 1096.198625
  },
  {
    "load_ms" : 3449.954459,
    "rss_delta_bytes" : 5472280,
    "input_names" : [
      "cache_mask_in",
      "conv_in_l0",
      "conv_in_l1",
      "conv_in_l3",
      "conv_in_l4",
      "conv_in_l6",
      "conv_in_l7",
      "conv_in_l8",
      "cos_in",
      "hidden_states",
      "kv_in_l2_K",
      "kv_in_l2_V",
      "kv_in_l5_K",
      "kv_in_l5_V",
      "kv_in_l9_K",
      "kv_in_l9_V",
      "sin_in"
    ],
    "ok" : true,
    "package" : "segment_0_s16_ctx512_kvio_prefill",
    "rss_after_bytes" : 23577176,
    "inputs" : 17,
    "output_names" : [
      "layer_0_liv_conv_cache_out",
      "layer_1_liv_conv_cache_out",
      "layer_2_attn_kv_out_K",
      "layer_2_attn_kv_out_V",
      "layer_3_liv_conv_cache_out",
      "layer_4_liv_conv_cache_out",
      "layer_5_attn_kv_out_K",
      "layer_5_attn_kv_out_V",
      "layer_6_liv_conv_cache_out",
      "layer_7_liv_conv_cache_out",
      "layer_8_liv_conv_cache_out",
      "layer_9_attn_kv_out_K",
      "layer_9_attn_kv_out_V",
      "out"
    ],
    "outputs" : 14
  },
  {
    "load_ms" : 3753.3343749999999,
    "output_names" : [
      "layer_10_liv_conv_cache_out",
      "layer_11_liv_conv_cache_out",
      "layer_12_liv_conv_cache_out",
      "layer_13_attn_kv_out_K",
      "layer_13_attn_kv_out_V",
      "layer_14_liv_conv_cache_out",
      "layer_15_liv_conv_cache_out",
      "layer_16_liv_conv_cache_out",
      "layer_17_attn_kv_out_K",
      "layer_17_attn_kv_out_V",
      "layer_18_liv_conv_cache_out",
      "layer_19_liv_conv_cache_out",
      "out"
    ],
    "rss_delta_bytes" : 1081344,
    "rss_after_bytes" : 24691288,
    "outputs" : 13,
    "input_names" : [
      "cache_mask_in",
      "conv_in_l10",
      "conv_in_l11",
      "conv_in_l12",
      "conv_in_l14",
      "conv_in_l15",
      "conv_in_l16",
      "conv_in_l18",
      "conv_in_l19",
      "cos_in",
      "hidden_states",
      "kv_in_l13_K",
      "kv_in_l13_V",
      "kv_in_l17_K",
      "kv_in_l17_V",
      "sin_in"
    ],
    "inputs" : 16,
    "ok" : true,
    "package" : "segment_1_s16_ctx512_kvio_prefill"
  },
  {
    "rss_delta_bytes" : 229376,
    "rss_after_bytes" : 24937048,
    "load_ms" : 3638.1655409999998,
    "outputs" : 14,
    "input_names" : [
      "cache_mask_in",
      "conv_in_l20",
      "conv_in_l22",
      "conv_in_l23",
      "conv_in_l25",
      "conv_in_l26",
      "conv_in_l28",
      "conv_in_l29",
      "cos_in",
      "hidden_states",
      "kv_in_l21_K",
      "kv_in_l21_V",
      "kv_in_l24_K",
      "kv_in_l24_V",
      "kv_in_l27_K",
      "kv_in_l27_V",
      "sin_in"
    ],
    "inputs" : 17,
    "package" : "segment_2_s16_ctx512_kvio_prefill",
    "ok" : true,
    "output_names" : [
      "layer_20_liv_conv_cache_out",
      "layer_21_attn_kv_out_K",
      "layer_21_attn_kv_out_V",
      "layer_22_liv_conv_cache_out",
      "layer_23_liv_conv_cache_out",
      "layer_24_attn_kv_out_K",
      "layer_24_attn_kv_out_V",
      "layer_25_liv_conv_cache_out",
      "layer_26_liv_conv_cache_out",
      "layer_27_attn_kv_out_K",
      "layer_27_attn_kv_out_V",
      "layer_28_liv_conv_cache_out",
      "layer_29_liv_conv_cache_out",
      "out"
    ]
  }
]
