CONFIG compute_units=all oracle=none
SCORE_BEGIN {"candidateViewDigest":"sha256:a130e4547fe8c2cb3adb2c7be0df56a8926d4bcc9a431329366538e88e57cf7a","promptTokens":624,"probes":[{"offset":614,"axis":"evidence_sufficient"},{"axis":"still_needed","offset":617},{"offset":620,"axis":"full_content_needed"},{"offset":623,"axis":"unresolved_evidence"}],"row":0,"candidateId":"cand-ct-00-0001","promptDigest":"sha256:964d402b7f71a1b03a3e2b6925d72b74fca69b7da3bd942eae267f8e57bf6445","axis":"","requestId":"sdr-ct-00"}
HID seg0s16 pos=15 sha=25244ab624c23558 first8=[0.0040,-0.0081,0.0452,-0.0041,-0.0080,0.0121,0.0030,0.0006]
HID seg1s16 pos=15 sha=61564faa09831d05 first8=[0.0014,-0.0001,0.1376,0.0097,0.0010,0.0282,-0.0025,0.0050]
HID seg2s16 pos=15 sha=a655de1e5f04629f first8=[-0.1090,0.0768,0.0153,-0.0225,0.1281,0.1117,-0.2261,-0.1624]
HID seg0s16 pos=31 sha=1ebe4682b905286e first8=[0.0052,-0.0066,0.0349,0.0008,0.0004,0.0081,0.0025,-0.0089]
HID seg1s16 pos=31 sha=cf56b9a1ebe75f71 first8=[0.0216,-0.0078,0.1289,-0.0060,0.0189,0.0283,0.0021,-0.0189]
HID seg2s16 pos=31 sha=47a03c42880cf062 first8=[0.0288,-0.1729,0.1826,0.0638,0.1405,-0.0701,-0.0870,-0.2466]
HID seg0s16 pos=47 sha=ad84cc2266660fd5 first8=[0.0087,0.0001,0.0307,-0.0029,-0.0036,0.0014,-0.0045,-0.0022]
HID seg1s16 pos=47 sha=5e314c7e048fcbbe first8=[0.0063,0.0125,0.1205,0.0146,0.0170,0.0057,0.0025,-0.0031]
HID seg2s16 pos=47 sha=8218136cf76ade75 first8=[-0.1175,0.1158,-0.0938,0.1270,0.2003,0.0886,-0.0597,-0.1368]
HID seg0s16 pos=63 sha=0c85b7cc4639d4f9 first8=[-0.0037,-0.0097,0.0340,0.0042,-0.0002,0.0102,-0.0077,-0.0133]
HID seg1s16 pos=63 sha=3c1651ce1ed2892c first8=[-0.0158,0.0004,0.1292,0.0154,-0.0087,0.0183,-0.0007,-0.0305]
HID seg2s16 pos=63 sha=9409e3a1c98d1ec3 first8=[-0.0741,0.1232,0.1750,0.2446,-0.0923,-0.0996,0.1512,-0.1012]
HID seg0s16 pos=79 sha=c6a8ac2f689bfe83 first8=[0.0001,-0.0024,0.0334,0.0014,0.0000,0.0078,-0.0099,-0.0025]
HID seg1s16 pos=79 sha=87013693cc1eeac2 first8=[0.0066,-0.0105,0.1025,-0.0051,-0.0001,0.0112,-0.0000,-0.0262]
HID seg2s16 pos=79 sha=16fc694d577425c7 first8=[-0.2046,0.0327,0.2981,-0.0402,0.0803,0.1857,-0.0610,-0.2888]
HID seg0s16 pos=95 sha=e3eae88e4ec01c86 first8=[0.0032,-0.0077,0.0401,0.0020,-0.0092,0.0027,-0.0031,-0.0053]
HID seg1s16 pos=95 sha=51dcd11c217ee91c first8=[-0.0043,-0.0186,0.1088,-0.0071,0.0089,0.0258,0.0147,-0.0163]
HID seg2s16 pos=95 sha=59a0fbb7fc87e92d first8=[-0.0481,0.1289,0.2150,-0.0042,-0.1467,0.0316,0.0074,-0.0791]
HID seg0s16 pos=111 sha=042198a7db7342d5 first8=[0.0024,-0.0056,0.0407,0.0009,-0.0068,0.0083,-0.0004,-0.0058]
HID seg1s16 pos=111 sha=578abf077d9d0ef3 first8=[-0.0068,-0.0071,0.1083,0.0023,0.0031,0.0264,0.0017,-0.0087]
HID seg2s16 pos=111 sha=aede7780db25f5fd first8=[0.0790,0.0189,-0.0198,0.0215,-0.0833,0.1650,-0.0163,-0.0489]
HID seg0s16 pos=127 sha=7b952808d9ff9869 first8=[-0.0036,-0.0067,0.0359,-0.0049,-0.0077,-0.0029,-0.0025,-0.0002]
HID seg1s16 pos=127 sha=ac95dcfceb54d09a first8=[-0.0083,-0.0042,0.0655,0.0006,0.0051,0.0199,0.0016,-0.0053]
HID seg2s16 pos=127 sha=abcaa3185b1888a6 first8=[0.2212,-0.1749,0.1776,0.1576,-0.0506,0.1857,0.2488,-0.1544]
HID seg0s16 pos=143 sha=2ee9a1d0749ffaea first8=[0.0054,-0.0057,0.0387,0.0002,-0.0098,-0.0024,0.0000,-0.0185]
HID seg1s16 pos=143 sha=ba29dd3c87644887 first8=[-0.0218,0.0037,0.0669,-0.0064,0.0259,0.0071,-0.0009,-0.0200]
HID seg2s16 pos=143 sha=c25c7cebbd254215 first8=[-0.0825,-0.0594,0.1636,0.1782,0.0288,-0.1477,0.0422,-0.1070]
HID seg0s16 pos=159 sha=5a78f6d9c94cd561 first8=[0.0041,-0.0035,0.0311,-0.0001,-0.0049,0.0076,-0.0030,-0.0087]
HID seg1s16 pos=159 sha=77a65856fd3a365b first8=[-0.0222,-0.0097,0.0877,0.0158,0.0101,0.0247,0.0085,-0.0224]
HID seg2s16 pos=159 sha=c7fa0a358791b46a first8=[0.0948,0.1349,-0.0712,0.0017,0.0023,0.0180,-0.0182,-0.1212]
HID seg0s16 pos=175 sha=2430dbf5dd741e02 first8=[-0.0037,-0.0060,0.0300,-0.0069,-0.0054,-0.0036,-0.0052,-0.0023]
HID seg1s16 pos=175 sha=ece2ee6a3e978956 first8=[-0.0022,-0.0022,0.0616,0.0169,0.0041,-0.0006,-0.0128,-0.0025]
HID seg2s16 pos=175 sha=9f9b6acc314f468f first8=[0.0639,-0.1263,0.1993,0.0936,-0.0134,0.1812,0.3054,-0.2629]
HID seg0s16 pos=191 sha=ecacea28601c6ecb first8=[0.0047,-0.0072,0.0337,0.0011,-0.0049,-0.0049,0.0003,-0.0161]
HID seg1s16 pos=191 sha=4b7b0d8c0a0b13f4 first8=[-0.0160,0.0007,0.0782,-0.0017,0.0257,-0.0005,-0.0094,-0.0166]
HID seg2s16 pos=191 sha=c304ba0c91b2c27a first8=[-0.0761,0.0460,0.1034,0.2013,-0.0200,-0.1625,0.0450,-0.1294]
HID seg0s16 pos=207 sha=4ddece6ed98b2eb8 first8=[0.0042,-0.0013,0.0292,0.0011,-0.0030,0.0063,-0.0006,-0.0093]
HID seg1s16 pos=207 sha=5831ddca91174414 first8=[-0.0179,-0.0096,0.0865,0.0225,0.0107,0.0149,-0.0067,-0.0262]
HID seg2s16 pos=207 sha=3337d35df525fbb7 first8=[0.1183,0.1416,-0.1027,0.0147,0.0099,-0.0464,-0.0385,-0.1287]
HID seg0s16 pos=223 sha=3d4b2ba101873780 first8=[-0.0042,-0.0027,0.0255,-0.0052,-0.0032,0.0014,-0.0022,-0.0013]
HID seg1s16 pos=223 sha=d06cc10f854d89de first8=[-0.0072,0.0014,0.0662,0.0135,0.0017,0.0001,-0.0029,0.0059]
HID seg2s16 pos=223 sha=095089bb102f4157 first8=[0.0845,-0.1505,0.1859,0.1020,0.0257,0.0684,0.2922,-0.2681]
HID seg0s16 pos=239 sha=3585cce736cf5d99 first8=[0.0058,-0.0055,0.0298,0.0009,-0.0054,-0.0051,0.0033,-0.0174]
HID seg1s16 pos=239 sha=be54bb754b0a8196 first8=[-0.0140,0.0042,0.0895,-0.0037,0.0264,-0.0067,-0.0096,-0.0208]
HID seg2s16 pos=239 sha=4610a83f8372398a first8=[-0.0251,0.0217,0.1680,0.1361,-0.0391,-0.0450,0.0831,-0.1826]
HID seg0s16 pos=255 sha=7c2d0e69ce0b8c7b first8=[0.0039,-0.0020,0.0244,0.0003,-0.0023,0.0048,-0.0013,-0.0079]
HID seg1s16 pos=255 sha=b8fa0cc847645712 first8=[-0.0107,-0.0077,0.0806,0.0248,0.0175,0.0145,-0.0100,-0.0092]
HID seg2s16 pos=255 sha=f5b0a72c7c6ab234 first8=[0.1616,0.1654,-0.1106,0.0086,0.0373,-0.0222,0.0273,-0.1232]
HID seg0s16 pos=271 sha=abc4ecaf33f86492 first8=[0.0031,0.0010,0.0240,-0.0009,-0.0030,0.0015,-0.0025,0.0006]
HID seg1s16 pos=271 sha=5820115b90a5a413 first8=[-0.0116,0.0128,0.0720,0.0056,0.0128,0.0048,-0.0110,-0.0051]
HID seg2s16 pos=271 sha=17527322961bc97a first8=[0.0048,0.1865,0.1117,0.0203,0.0148,0.1178,-0.0146,-0.0439]
HID seg0s16 pos=287 sha=f6fd4dfc446d4747 first8=[-0.0004,0.0024,0.0238,0.0030,0.0008,0.0051,-0.0011,-0.0069]
HID seg1s16 pos=287 sha=aacd31980569e116 first8=[0.0018,-0.0121,0.0810,0.0107,-0.0025,-0.0098,0.0114,-0.0133]
HID seg2s16 pos=287 sha=8ad4235d4bec521d first8=[0.0050,0.1216,0.1242,0.1937,0.0062,-0.0842,0.1432,-0.0976]
HID seg0s16 pos=303 sha=52dbe0c6dccbc0fc first8=[0.0039,0.0055,0.0141,-0.0051,-0.0025,-0.0138,0.0029,-0.0141]
HID seg1s16 pos=303 sha=f76693d0c2e7a354 first8=[0.0128,0.0154,0.0590,0.0083,0.0020,-0.0405,-0.0147,-0.0215]
HID seg2s16 pos=303 sha=59044d8ce1140239 first8=[0.0412,0.0324,0.0917,0.1526,-0.0942,-0.2416,0.0719,-0.1160]
HID seg0s16 pos=319 sha=50c506fa85d796cb first8=[0.0029,-0.0011,0.0174,-0.0018,-0.0035,-0.0041,-0.0030,0.0002]
HID seg1s16 pos=319 sha=eea8b2dc463a2f7a first8=[-0.0238,0.0031,0.0812,0.0121,0.0120,-0.0059,-0.0026,-0.0101]
HID seg2s16 pos=319 sha=ddea61db22271e74 first8=[-0.0192,0.0723,-0.0079,0.1678,-0.0847,-0.1685,0.1439,0.1929]
HID seg0s16 pos=335 sha=166d673611be71c6 first8=[-0.0003,0.0034,0.0209,0.0057,0.0047,0.0064,-0.0009,-0.0074]
HID seg1s16 pos=335 sha=f291458fc6adc35e first8=[0.0048,-0.0187,0.0739,0.0139,-0.0079,-0.0123,0.0111,-0.0195]
HID seg2s16 pos=335 sha=550b82581dc5dea4 first8=[0.0063,0.1398,0.0915,0.2025,-0.0638,-0.0499,0.1451,-0.0842]
HID seg0s16 pos=351 sha=90c2ed31941b4781 first8=[0.0009,0.0058,0.0128,-0.0037,-0.0023,-0.0102,0.0030,-0.0150]
HID seg1s16 pos=351 sha=aa691d6975fd313f first8=[0.0132,0.0163,0.0591,0.0130,0.0093,-0.0289,-0.0150,-0.0242]
HID seg2s16 pos=351 sha=e9f6bfaff2c50279 first8=[0.0779,0.0227,0.0635,0.2286,-0.0716,-0.2438,0.0984,-0.0301]
HID seg0s16 pos=367 sha=ba124847b82df51e first8=[-0.0070,0.0018,0.0201,-0.0043,-0.0017,0.0039,-0.0041,0.0019]
HID seg1s16 pos=367 sha=1164a3c44994027a first8=[-0.0187,0.0049,0.0901,0.0241,0.0144,-0.0018,-0.0080,0.0086]
HID seg2s16 pos=367 sha=136f254b0ee94d04 first8=[0.0586,-0.0500,0.1278,0.1335,-0.0560,-0.0147,0.0235,0.1802]
HID seg0s16 pos=383 sha=619552a03352675f first8=[-0.0008,-0.0005,0.0157,0.0050,0.0041,0.0029,-0.0013,-0.0049]
HID seg1s16 pos=383 sha=b74acabf3bc86ea8 first8=[-0.0018,-0.0234,0.0665,0.0139,-0.0066,-0.0105,0.0140,-0.0135]
HID seg2s16 pos=383 sha=59943c961a987c1e first8=[0.0032,0.1183,0.0858,0.2317,-0.0993,-0.0695,0.1511,-0.1183]
HID seg0s16 pos=399 sha=5291c5a60a635f92 first8=[0.0027,0.0046,0.0086,-0.0043,-0.0028,-0.0121,0.0043,-0.0155]
HID seg1s16 pos=399 sha=ecfe96dbeeb6b519 first8=[0.0073,0.0126,0.0462,0.0149,0.0101,-0.0462,-0.0154,-0.0270]
HID seg2s16 pos=399 sha=beccc5e6292e2c87 first8=[0.0560,0.0526,0.0925,0.1798,-0.0015,-0.2446,0.1561,-0.0811]
HID seg0s16 pos=415 sha=e396d12e44ccd3c1 first8=[0.0009,0.0023,0.0134,-0.0005,-0.0030,-0.0040,-0.0036,-0.0022]
HID seg1s16 pos=415 sha=7d38403bbfc9cea3 first8=[-0.0221,0.0048,0.0950,0.0180,0.0203,-0.0158,-0.0067,-0.0003]
HID seg2s16 pos=415 sha=026045f7a826a740 first8=[0.1207,-0.0600,0.0195,0.1917,-0.0428,-0.0906,0.2253,0.1871]
HID seg0s16 pos=431 sha=9efa281bca43e5aa first8=[-0.0002,0.0011,0.0142,0.0051,0.0010,-0.0009,-0.0030,-0.0049]
HID seg1s16 pos=431 sha=59e31e9317544eed first8=[0.0053,-0.0270,0.0720,0.0247,-0.0069,-0.0220,0.0049,-0.0218]
HID seg2s16 pos=431 sha=4f13e0580cec6a9b first8=[0.0370,0.1621,0.0973,0.1880,-0.1190,-0.0451,0.2018,-0.1493]
HID seg0s16 pos=447 sha=4b4606dee718be5b first8=[0.0018,0.0016,0.0087,-0.0020,-0.0029,-0.0121,0.0034,-0.0166]
HID seg1s16 pos=447 sha=8889148a57e587aa first8=[0.0070,0.0127,0.0519,0.0049,0.0063,-0.0401,-0.0114,-0.0222]
HID seg2s16 pos=447 sha=c1044092aa7004a9 first8=[0.0399,0.0463,0.0344,0.1355,-0.0335,-0.2151,0.1841,-0.0772]
HID seg0s16 pos=463 sha=ae3c772fa4293ea5 first8=[-0.0023,0.0001,0.0267,-0.0022,-0.0043,-0.0015,-0.0057,-0.0098]
HID seg1s16 pos=463 sha=57ac1213d4cfb4b2 first8=[-0.0030,-0.0231,0.0778,0.0220,0.0078,-0.0249,-0.0098,-0.0260]
HID seg2s16 pos=463 sha=b222b0c20827e80b first8=[-0.0001,0.0533,0.1945,0.2224,-0.0071,-0.1183,0.0336,-0.3835]
HID seg0s16 pos=479 sha=d15b7d69d3d104ab first8=[0.0009,-0.0073,0.0280,0.0031,-0.0029,0.0134,0.0054,-0.0036]
HID seg1s16 pos=479 sha=b45c5e4332fe5bd0 first8=[-0.0016,-0.0041,0.0687,0.0174,0.0098,0.0253,-0.0065,-0.0100]
HID seg2s16 pos=479 sha=e26aa49f8c14590c first8=[-0.2700,0.1426,0.1600,0.2084,0.1443,0.2358,0.0036,-0.2908]
HID seg0s16 pos=495 sha=b7153fa70dfe3c5a first8=[-0.0034,0.0040,0.0266,-0.0022,-0.0016,0.0081,-0.0012,-0.0186]
HID seg1s16 pos=495 sha=8c16e86a4ec7d040 first8=[-0.0016,-0.0173,0.0784,-0.0022,-0.0036,0.0151,0.0028,-0.0176]
HID seg2s16 pos=495 sha=fb1c02186d7bb71a first8=[-0.0551,-0.1492,0.0883,0.2249,0.0365,0.0593,-0.0429,-0.1329]
HID seg0s16 pos=511 sha=1ba96fb1efac6d3f first8=[-0.0079,-0.0021,0.0216,-0.0026,-0.0029,0.0065,0.0007,-0.0022]
HID seg1s16 pos=511 sha=685f2b48787999f8 first8=[0.0019,-0.0144,0.0757,-0.0035,-0.0112,0.0292,-0.0139,0.0143]
HID seg2s16 pos=511 sha=cce17486ec6fdf78 first8=[0.1013,-0.0215,0.0189,0.1187,0.1198,0.2162,-0.0178,0.1248]
HID seg0s16 pos=527 sha=785de2fe92fa716d first8=[-0.0050,-0.0018,0.0138,0.0043,-0.0094,0.0120,0.0038,-0.0022]
HID seg1s16 pos=527 sha=c2482d8533ce86d6 first8=[-0.0310,-0.0062,0.0609,0.0104,-0.0010,0.0350,0.0085,-0.0093]
HID seg2s16 pos=527 sha=5dc865ec1a44b36a first8=[-0.1022,0.1202,-0.0309,0.0488,0.0452,0.2386,-0.0278,-0.1388]
HID seg0s16 pos=543 sha=f619bf5089a6bb6d first8=[-0.0000,-0.0045,0.0056,0.0061,-0.0039,0.0051,0.0001,-0.0054]
HID seg1s16 pos=543 sha=874e15c434c6997d first8=[0.0189,-0.0006,0.0372,0.0183,-0.0186,0.0056,-0.0112,-0.0087]
HID seg2s16 pos=543 sha=cdab981acd97875f first8=[-0.0322,0.1479,0.1763,0.4158,0.1643,0.2186,0.0131,-0.1142]
HID seg0s16 pos=559 sha=52e8d97b8721ecb7 first8=[-0.0039,0.0009,-0.0056,-0.0021,-0.0061,0.0108,-0.0047,0.0111]
HID seg1s16 pos=559 sha=72f137641a902c34 first8=[0.0063,-0.0066,0.0151,0.0112,0.0055,0.0271,0.0002,0.0066]
HID seg2s16 pos=559 sha=342b4983cce2596b first8=[0.0175,0.1334,0.1278,-0.0759,0.0710,0.0300,0.2318,-0.0248]
HID seg0s16 pos=575 sha=8ba00a54e64087b3 first8=[0.0069,0.0050,-0.0069,-0.0009,0.0030,0.0077,0.0079,0.0084]
HID seg1s16 pos=575 sha=d555aed2aab8d017 first8=[0.0233,0.0061,0.0143,-0.0152,-0.0084,0.0097,-0.0123,-0.0120]
HID seg2s16 pos=575 sha=1a5dab3c23786923 first8=[0.0892,0.2106,0.2629,0.2207,-0.0245,-0.1885,0.1285,-0.0170]
HID seg0s16 pos=591 sha=a083ce48437ab812 first8=[0.0023,0.0045,0.0047,-0.0007,-0.0079,0.0122,-0.0032,-0.0066]
HID seg1s16 pos=591 sha=35c8ea0347080847 first8=[0.0088,0.0070,0.0334,0.0142,-0.0095,0.0069,0.0180,-0.0109]
HID seg2s16 pos=591 sha=0689188ce9b36f45 first8=[0.1823,0.2494,-0.0334,0.0125,0.2100,0.1316,-0.0132,-0.0842]
HID seg0s16 pos=607 sha=c1bc82b8f2d77dbb first8=[0.0002,0.0033,-0.0048,0.0051,0.0013,0.0086,-0.0042,-0.0074]
HID seg1s16 pos=607 sha=a3a2eae4a3fa3563 first8=[0.0175,-0.0066,-0.0035,-0.0084,0.0005,-0.0054,0.0090,-0.0164]
HID seg2s16 pos=607 sha=7ee6a405824d756a first8=[0.1788,0.0920,0.0336,0.1279,-0.0564,-0.0376,0.1205,-0.1721]
HID seg0s16 pos=623 sha=857b0bfde9733fd9 first8=[-0.0021,0.0000,0.0058,0.0024,-0.0043,0.0134,-0.0076,-0.0055]
HID seg1s16 pos=623 sha=30e12a5cae863352 first8=[-0.0085,0.0065,0.0318,-0.0010,0.0216,0.0000,0.0263,-0.0123]
HID seg2s16 pos=623 sha=1f3b2efa7e8f54d9 first8=[0.1312,0.0850,0.0342,0.0144,0.0620,0.0349,0.0845,-0.0752]
PROBE_JSON {"probs":{"12447":0.88559944360120546,"11683":3.3785868559087122e-06,"2243":8.3269955936652037e-08,"17550":3.1312583080252227e-05,"18171":3.1672228301700537e-07,"794":3.9098306501815237e-09,"2752":1.071457672483943e-06,"4547":0.11436438986911605},"offset":6,"abs":{"794":3.9058201673796604e-09,"11683":3.3751212928977942e-06,"4547":0.11424708135635619,"2752":1.0703586318980746e-06,"12447":0.88469104585826552,"2243":8.3184542332822333e-08,"18171":3.1639740724036584e-07,"17550":3.1280464406283718e-05}}
PROBE_JSON {"probs":{"17550":0.58609127460493393,"12447":0.043124899122456581,"2243":3.8413859353498626e-05,"11683":3.3900111895782825e-05,"18171":0.00074200487642082978,"794":0.00027296833928417997,"2752":0.33394474199454638,"4547":0.035751797091108907},"offset":9,"abs":{"794":9.0347634868038885e-05,"11683":1.1220330312217107e-05,"4547":0.011833204971441622,"2752":0.11052973284353827,"12447":0.014273569784151617,"2243":1.2714299936187634e-05,"18171":0.00024559033410604292,"17550":0.19398572235962949}}
PROBE_JSON {"probs":{"12447":0.043342616142112857,"11683":0.00028305511646074328,"2243":5.6174006746070622e-05,"17550":0.8051361209810155,"18171":0.0031152950208878931,"794":0.00026178318853349304,"2752":0.13991167875726573,"4547":0.0078932767869775849},"offset":12,"abs":{"794":1.0394709140943132e-07,"11683":1.123936041480666e-07,"4547":3.1342087637187105e-06,"2752":5.5555179622116096e-05,"12447":1.7210191789957803e-05,"2243":2.2305193266147207e-08,"18171":1.2370001989724758e-06,"17550":0.00031969798531940834}}
PROBE_JSON {"probs":{"17550":0.85526255911119098,"12447":0.014947342255412449,"2243":2.8348138891457683e-06,"11683":6.9616310103276823e-06,"18171":0.00041420096860605375,"794":2.0946598856925853e-05,"2752":0.12712343053795519,"4547":0.0022217240830788329},"offset":15,"abs":{"794":4.0539880953024003e-06,"11683":1.3473485329301996e-06,"4547":0.00042999071330714756,"2752":0.024603367714013041,"12447":0.0028928967405998148,"2243":5.4864762711560645e-07,"18171":8.0164126274679678e-05,"17550":0.16552683596402665}}
SCORE_END {"ms":675668.57641700003,"row":0,"rss_bytes":434357424}
SCORE_DONE scored=1 skipped=0
TIMING
  embed        n=39 total=318.0ms mean=8.15ms
  head         n=4 total=2751.0ms mean=687.75ms
  load_head    n=1 total=1405.6ms mean=1405.57ms
  load_seg0_s16 n=1 total=3814.3ms mean=3814.34ms
  load_seg1_s16 n=1 total=2540.7ms mean=2540.67ms
  load_seg2_s16 n=1 total=7661.4ms mean=7661.45ms
  seg0         n=39 total=199908.9ms mean=5125.87ms
  seg1         n=39 total=206947.8ms mean=5306.35ms
  seg2         n=39 total=207143.5ms mean=5311.37ms
