CONFIG compute_units=all oracle=none
SCORE_BEGIN {"candidateId":"cand-axis-es-pos-01","promptTokens":240,"row":0,"requestId":"sdr-axis-es-pos-01","probes":[{"offset":239,"axis":"evidence_sufficient"}],"candidateViewDigest":"sha256:35058c58a0cc39c4f602ce726e7045bf06464f6b299e008b2df460f3edd3d534","promptDigest":"sha256:985d033346b5461817365eb1cb46eef2ab7d14e84839dd07782acf2bc43edaee","axis":"evidence_sufficient"}
HID seg0s16 pos=15 sha=7c304665f2947bc7 first8=[0.0097,-0.0011,0.0359,-0.0002,-0.0062,-0.0031,0.0015,-0.0001]
HID seg1s16 pos=15 sha=4cbab74e09d0ca19 first8=[-0.0113,0.0219,0.1144,0.0045,0.0049,-0.0122,-0.0019,-0.0033]
HID seg2s16 pos=15 sha=c46ad9d73338f9ea first8=[-0.1996,0.1320,0.1202,-0.1066,0.0952,-0.0269,-0.2598,-0.2319]
HID seg0s16 pos=31 sha=212bf36b886b2dcc first8=[0.0025,-0.0075,0.0379,-0.0038,-0.0080,-0.0069,-0.0066,-0.0232]
HID seg1s16 pos=31 sha=612f0e068695c7a8 first8=[0.0010,-0.0060,0.1121,-0.0094,0.0080,0.0037,0.0009,-0.0597]
HID seg2s16 pos=31 sha=10033634cd41241f first8=[-0.0888,0.0981,0.0938,-0.0305,-0.0043,0.1503,-0.0526,-0.2581]
HID seg0s16 pos=47 sha=221680c0a925b6f1 first8=[0.0056,-0.0002,0.0355,-0.0039,-0.0034,-0.0125,-0.0017,-0.0042]
HID seg1s16 pos=47 sha=d596d7bb69fd50c2 first8=[-0.0125,0.0102,0.0988,0.0189,0.0070,-0.0116,-0.0133,-0.0102]
HID seg2s16 pos=47 sha=ae7fc7e4462cc863 first8=[-0.1163,0.0603,-0.0822,0.0788,-0.1164,0.0752,0.1047,-0.1114]
HID seg0s16 pos=63 sha=e258d0457e1c56b5 first8=[0.0056,-0.0039,0.0363,-0.0009,-0.0047,-0.0045,0.0035,0.0034]
HID seg1s16 pos=63 sha=22b51d29daab654e first8=[0.0105,0.0031,0.0985,-0.0090,0.0037,0.0109,-0.0008,-0.0170]
HID seg2s16 pos=63 sha=ef6178f41f7b6d15 first8=[0.0601,0.0552,-0.0078,0.0900,-0.1117,-0.1030,0.0331,0.0134]
HID seg0s16 pos=79 sha=cd364d7db539b6f7 first8=[0.0017,-0.0058,0.0300,-0.0027,0.0058,-0.0015,-0.0039,-0.0048]
HID seg1s16 pos=79 sha=ddc4249f68a6a164 first8=[0.0184,-0.0041,0.0818,-0.0109,0.0096,-0.0317,-0.0025,-0.0250]
HID seg2s16 pos=79 sha=b279b1adb4acb3e2 first8=[0.0478,0.0220,-0.0011,0.0199,-0.0547,-0.0873,0.0858,-0.2727]
HID seg0s16 pos=95 sha=9dfaf9e19d1dbca4 first8=[0.0009,-0.0125,0.0295,-0.0089,-0.0109,-0.0087,-0.0006,0.0034]
HID seg1s16 pos=95 sha=f5e3e3cd89bc6c34 first8=[-0.0268,-0.0140,0.1132,-0.0063,0.0019,-0.0116,-0.0036,0.0063]
HID seg2s16 pos=95 sha=b3cafbddff884566 first8=[-0.1328,0.2163,0.0403,0.1377,-0.0245,0.0339,-0.1296,0.0371]
HID seg0s16 pos=111 sha=9dd53397470e38bd first8=[0.0005,-0.0040,0.0392,-0.0023,-0.0049,0.0059,0.0013,0.0109]
HID seg1s16 pos=111 sha=5a3f6595ce1d0350 first8=[-0.0141,0.0049,0.1138,0.0018,-0.0061,0.0011,0.0123,0.0072]
HID seg2s16 pos=111 sha=2c29be1418eeecfe first8=[0.0237,0.2844,0.0949,-0.0345,-0.0791,-0.0139,0.1077,-0.0213]
HID seg0s16 pos=127 sha=cc6d15cfe99eaf5f first8=[0.0012,-0.0030,0.0448,0.0051,-0.0049,0.0083,0.0017,0.0050]
HID seg1s16 pos=127 sha=112b487ad0f97895 first8=[-0.0002,-0.0193,0.0994,0.0074,0.0020,0.0110,0.0126,-0.0011]
HID seg2s16 pos=127 sha=de2f3692c6d3679e first8=[-0.0042,0.0778,0.1969,0.2067,-0.0699,0.2203,0.0737,-0.2983]
HID seg0s16 pos=143 sha=26c06ec6a49c8cd3 first8=[0.0030,-0.0037,0.0320,-0.0024,-0.0023,0.0042,-0.0014,0.0023]
HID seg1s16 pos=143 sha=cd8ac50ac19cd9c8 first8=[-0.0144,0.0130,0.1008,0.0065,0.0076,0.0042,0.0123,-0.0037]
HID seg2s16 pos=143 sha=f46987336f9f26eb first8=[0.0190,0.0047,0.0037,-0.1061,0.0439,0.0104,0.1274,-0.0994]
HID seg0s16 pos=159 sha=47487212dac21f3b first8=[-0.0065,-0.0045,0.0449,0.0030,-0.0014,0.0198,-0.0028,-0.0045]
HID seg1s16 pos=159 sha=127ca44984b046b4 first8=[-0.0060,-0.0093,0.1035,0.0008,0.0048,0.0207,0.0192,-0.0101]
HID seg2s16 pos=159 sha=e0b9c430e04b8b26 first8=[-0.0373,0.0807,0.2761,0.2426,-0.0904,0.2230,0.1300,-0.1689]
HID seg0s16 pos=175 sha=34be0dbf49902162 first8=[0.0005,-0.0017,0.0222,-0.0052,0.0014,0.0003,0.0023,0.0011]
HID seg1s16 pos=175 sha=0a3cb3221a676086 first8=[-0.0098,-0.0028,0.0827,-0.0024,0.0062,0.0014,0.0164,-0.0101]
HID seg2s16 pos=175 sha=13e5f771350ae64f first8=[0.0693,0.0245,-0.0008,-0.1301,-0.1714,0.0320,0.0839,-0.2656]
HID seg0s16 pos=191 sha=1c25245a130c20b8 first8=[-0.0002,0.0002,0.0307,-0.0070,-0.0029,-0.0034,-0.0046,0.0039]
HID seg1s16 pos=191 sha=3ef5ca1fa6644399 first8=[-0.0058,-0.0142,0.0621,-0.0116,0.0090,-0.0008,0.0107,0.0074]
HID seg2s16 pos=191 sha=6ea4bf25b3e9f369 first8=[-0.1033,-0.0881,-0.0406,0.2378,-0.0001,-0.0610,0.1772,-0.2092]
HID seg0s16 pos=207 sha=89292170ab6a7feb first8=[-0.0049,-0.0061,0.0355,-0.0033,0.0021,0.0209,-0.0062,0.0080]
HID seg1s16 pos=207 sha=3c36cf34e495ed6a first8=[-0.0144,-0.0319,0.0912,-0.0103,-0.0147,0.0452,0.0048,0.0106]
HID seg2s16 pos=207 sha=2b8169c70a4b0a1f first8=[-0.0888,0.1165,0.1335,0.0693,-0.1487,0.1554,-0.0074,-0.1169]
HID seg0s16 pos=223 sha=29cd78da95760676 first8=[0.0018,0.0114,0.0280,-0.0013,-0.0056,0.0079,-0.0012,-0.0024]
HID seg1s16 pos=223 sha=66848154ac1b8098 first8=[0.0023,0.0042,0.0601,0.0215,0.0129,0.0115,-0.0133,0.0014]
HID seg2s16 pos=223 sha=c16a3be92962672e first8=[-0.0648,0.0384,0.2429,0.2096,0.1214,0.1775,0.0399,-0.3354]
HID seg0s16 pos=239 sha=4c97d406d0cc45e3 first8=[-0.0002,-0.0052,0.0198,-0.0004,0.0002,0.0155,-0.0075,-0.0058]
HID seg1s16 pos=239 sha=41e3fe9f9c7d2b57 first8=[-0.0017,0.0015,0.0510,-0.0322,0.0086,0.0515,0.0003,-0.0122]
HID seg2s16 pos=239 sha=4d3fdd38f5b48646 first8=[0.0681,0.0781,-0.0630,-0.0911,0.1545,0.1533,-0.0621,-0.2524]
PROBE_JSON {"abs":{"17550":0.0095709940113018928,"2752":0.00063622663644972977,"4547":0.0091327062855354468,"18171":0.004084398892316727,"12447":0.078894543436985445,"2243":0.011818600069187314,"794":0.00026939530776812903,"11683":0.067482079078877988},"offset":15,"probs":{"2243":0.064977011947924476,"4547":0.050210343184319876,"794":0.0014810977636176312,"12447":0.4337511770870468,"18171":0.022455454459286286,"17550":0.052619987865334394,"11683":0.37100704253549988,"2752":0.0034978851569705898}}
SCORE_END {"rss_bytes":203260912,"ms":261255.07170900001,"row":0}
SCORE_BEGIN {"requestId":"sdr-axis-es-pos-02","promptTokens":240,"candidateViewDigest":"sha256:39bf3996b5e077320111baba0ea8b1556e750c6e4f523665fdef2fba03daf150","probes":[{"offset":239,"axis":"evidence_sufficient"}],"row":1,"candidateId":"cand-axis-es-pos-02","promptDigest":"sha256:3a7eecd6c188b5288b73231f391638306bdbc5c10d57f45c4f9997d8489a79ee","axis":"evidence_sufficient"}
HID seg0s16 pos=15 sha=590bc2b205447be4 first8=[0.0005,0.0016,0.0381,0.0026,-0.0030,-0.0083,0.0003,-0.0198]
HID seg1s16 pos=15 sha=3533eda2dabe789c first8=[0.0111,-0.0027,0.1111,-0.0025,-0.0006,-0.0199,0.0036,-0.0267]
HID seg2s16 pos=15 sha=62e9ac75887a3d32 first8=[0.1015,0.2690,0.0652,0.1260,-0.0957,0.1520,-0.0309,-0.0773]
HID seg0s16 pos=31 sha=ee192157832c01d5 first8=[0.0073,-0.0076,0.0283,0.0037,-0.0090,0.0045,-0.0042,-0.0076]
HID seg1s16 pos=31 sha=1a707b58436c4c89 first8=[0.0078,-0.0285,0.1219,0.0100,-0.0071,0.0153,-0.0031,-0.0297]
HID seg2s16 pos=31 sha=10f79ef8766bf727 first8=[-0.0861,0.0015,0.1526,0.0166,-0.0056,0.2238,-0.0778,-0.4399]
HID seg0s16 pos=47 sha=82b1f3de98b67050 first8=[0.0006,-0.0107,0.0312,0.0045,-0.0020,0.0036,0.0032,0.0007]
HID seg1s16 pos=47 sha=354d344b6f4837ea first8=[-0.0204,-0.0117,0.0989,0.0228,0.0101,0.0104,-0.0019,0.0040]
HID seg2s16 pos=47 sha=e9f35c460d0e86ba first8=[-0.2463,-0.0164,0.1091,0.1257,-0.0015,-0.1603,-0.2644,0.0103]
HID seg0s16 pos=63 sha=bee2d8a3d93a09e5 first8=[0.0050,-0.0036,0.0380,-0.0004,-0.0038,-0.0043,0.0045,0.0064]
HID seg1s16 pos=63 sha=49f288b070ecd792 first8=[0.0050,-0.0005,0.1000,-0.0098,0.0015,0.0119,-0.0047,-0.0134]
HID seg2s16 pos=63 sha=b8deeeb9350754e2 first8=[0.0987,0.1078,-0.0651,0.1731,-0.1007,-0.1036,0.1357,0.1008]
HID seg0s16 pos=79 sha=d10ffe069b5a0695 first8=[0.0017,-0.0055,0.0322,-0.0011,0.0058,-0.0002,-0.0022,-0.0049]
HID seg1s16 pos=79 sha=7d51759d01adde5c first8=[0.0186,-0.0010,0.0898,-0.0096,0.0056,-0.0309,-0.0050,-0.0259]
HID seg2s16 pos=79 sha=aa6d805968e09b60 first8=[0.0854,0.0230,-0.0054,0.0133,-0.0459,-0.0544,0.1176,-0.2712]
HID seg0s16 pos=95 sha=f81f4c495a73631c first8=[0.0024,-0.0116,0.0315,-0.0075,-0.0126,-0.0105,0.0002,0.0023]
HID seg1s16 pos=95 sha=7f2c56eb81c248dc first8=[-0.0218,-0.0083,0.1256,-0.0027,0.0037,-0.0021,-0.0060,0.0080]
HID seg2s16 pos=95 sha=e173a3a691d3fbd7 first8=[-0.1187,0.2610,0.0386,0.1105,0.0309,0.1019,-0.1158,0.0731]
HID seg0s16 pos=111 sha=9572ddff4cfd8ef6 first8=[-0.0007,-0.0022,0.0412,-0.0011,-0.0041,0.0078,0.0012,0.0099]
HID seg1s16 pos=111 sha=58ec270ba207d115 first8=[-0.0025,-0.0023,0.1183,-0.0057,-0.0058,0.0054,0.0102,0.0034]
HID seg2s16 pos=111 sha=ac146af912a538b2 first8=[-0.0092,0.2095,0.1176,-0.0133,-0.1797,0.0714,0.0764,0.0094]
HID seg0s16 pos=127 sha=503de522dedce455 first8=[0.0015,-0.0039,0.0461,0.0065,-0.0059,0.0083,0.0013,0.0056]
HID seg1s16 pos=127 sha=387ad9bc51878130 first8=[-0.0012,-0.0240,0.1113,0.0027,-0.0009,0.0110,0.0090,-0.0081]
HID seg2s16 pos=127 sha=5c3b7a4aa561a583 first8=[-0.0134,0.1062,0.2710,0.1823,-0.1583,0.2720,0.0855,-0.2881]
HID seg0s16 pos=143 sha=92151d604111483a first8=[0.0020,-0.0040,0.0311,0.0003,-0.0012,0.0046,-0.0016,0.0022]
HID seg1s16 pos=143 sha=1bd77c2313ad9c6d first8=[-0.0178,0.0054,0.1031,0.0062,-0.0056,-0.0021,0.0126,-0.0135]
HID seg2s16 pos=143 sha=27e808135b4c4337 first8=[0.0504,0.0337,0.0083,-0.0444,-0.0168,0.0032,0.0988,-0.0620]
HID seg0s16 pos=159 sha=fadca67ba1cb3192 first8=[-0.0063,-0.0013,0.0434,0.0035,-0.0014,0.0183,-0.0031,-0.0064]
HID seg1s16 pos=159 sha=f365f3dbf15bfc2f first8=[-0.0071,-0.0110,0.1067,0.0040,0.0009,0.0185,0.0196,-0.0233]
HID seg2s16 pos=159 sha=bac00cca4fd3034a first8=[-0.0854,0.1212,0.2795,0.1451,-0.1060,0.2556,0.1192,-0.1407]
HID seg0s16 pos=175 sha=5641d348fefc131b first8=[0.0016,-0.0025,0.0221,-0.0035,0.0022,-0.0001,0.0034,0.0015]
HID seg1s16 pos=175 sha=2ad8fc225da6d66a first8=[-0.0016,0.0026,0.0844,-0.0009,0.0048,-0.0019,0.0091,-0.0164]
HID seg2s16 pos=175 sha=d3f5bf372b336f14 first8=[0.0585,-0.0035,0.0011,-0.1078,-0.1560,0.0421,0.0724,-0.2715]
HID seg0s16 pos=191 sha=2b3dd7904b73c941 first8=[-0.0021,-0.0016,0.0286,-0.0074,-0.0036,-0.0061,-0.0054,0.0031]
HID seg1s16 pos=191 sha=7f72845371207ec8 first8=[0.0013,-0.0154,0.0690,-0.0078,0.0040,-0.0013,0.0077,0.0029]
HID seg2s16 pos=191 sha=c498a389183096fa first8=[-0.1016,-0.0411,-0.0436,0.2112,-0.0137,-0.0341,0.2023,-0.1801]
HID seg0s16 pos=207 sha=6c5d1710e687ef8b first8=[-0.0056,-0.0063,0.0367,-0.0037,0.0002,0.0189,-0.0063,0.0087]
HID seg1s16 pos=207 sha=d8b8804935f46a8d first8=[-0.0166,-0.0259,0.0959,-0.0110,-0.0191,0.0475,0.0139,0.0099]
HID seg2s16 pos=207 sha=75bb044c95101ace first8=[-0.0897,0.1782,0.1229,0.0411,-0.1284,0.1543,-0.0123,-0.1254]
HID seg0s16 pos=223 sha=c32d594140c5bcc5 first8=[0.0016,0.0113,0.0280,-0.0010,-0.0035,0.0086,-0.0007,-0.0028]
HID seg1s16 pos=223 sha=113d3521ee699932 first8=[-0.0004,0.0126,0.0637,0.0171,0.0157,0.0112,-0.0147,-0.0004]
HID seg2s16 pos=223 sha=fe0596e637e46e5b first8=[-0.0883,0.1116,0.1833,0.1722,0.1161,0.1268,0.0675,-0.3621]
HID seg0s16 pos=239 sha=fd70a27e340ea3e0 first8=[0.0001,-0.0051,0.0204,0.0020,-0.0017,0.0163,-0.0073,-0.0039]
HID seg1s16 pos=239 sha=ffa261637d9e565b first8=[0.0023,-0.0010,0.0447,-0.0294,0.0111,0.0500,0.0000,-0.0125]
HID seg2s16 pos=239 sha=0958d9b1cd776c29 first8=[0.0429,0.1462,-0.0697,-0.1427,0.1505,0.1843,-0.1109,-0.3015]
PROBE_JSON {"abs":{"794":0.00027058820418732199,"12447":0.034349684868038667,"11683":0.067253418135161308,"4547":0.0036204301490356809,"2752":0.00030186295514229774,"2243":0.0090309299306417581,"17550":0.0053926145659458791,"18171":0.004505698119237506},"probs":{"11683":0.53921263397911723,"2752":0.0024202237396451416,"4547":0.029027248442236444,"18171":0.036124994359485317,"12447":0.27540286527628893,"2243":0.072406602522352356,"794":0.0021694745389787633,"17550":0.043235957141895792},"offset":15}
SCORE_END {"row":1,"ms":262563.88866699999,"rss_bytes":345031784}
SCORE_BEGIN {"requestId":"sdr-axis-es-neg-01","promptTokens":240,"candidateViewDigest":"sha256:4ca1ddbc612c3c10e2988d21380d78d490248be2bdfdc39f110e71922289d417","probes":[{"offset":239,"axis":"evidence_sufficient"}],"row":2,"candidateId":"cand-axis-es-neg-01","promptDigest":"sha256:a69a85650b13d0123bd411d4ddb14bd53795a12dd3e61a978b257a293b3d3ba0","axis":"evidence_sufficient"}
HID seg0s16 pos=15 sha=f85cff9013e84a2f first8=[0.0071,-0.0068,0.0392,0.0077,-0.0081,-0.0083,-0.0043,0.0037]
HID seg1s16 pos=15 sha=d5df71db187bfd9b first8=[0.0031,-0.0140,0.1210,0.0099,-0.0052,-0.0281,-0.0012,0.0023]
HID seg2s16 pos=15 sha=72e6303e65825bf8 first8=[-0.1798,0.1506,0.2001,0.0931,0.0609,-0.1556,0.1670,-0.2018]
HID seg0s16 pos=31 sha=975a06f7e961d9a9 first8=[0.0005,-0.0123,0.0341,0.0006,-0.0049,0.0021,-0.0051,-0.0155]
HID seg1s16 pos=31 sha=65b740461f8535e6 first8=[0.0072,-0.0093,0.1261,-0.0013,-0.0125,0.0253,-0.0032,-0.0433]
HID seg2s16 pos=31 sha=b02889f7addcafb5 first8=[-0.0842,0.1641,0.2297,-0.0570,-0.0218,0.0760,-0.0600,-0.2983]
HID seg0s16 pos=47 sha=f7f6ada940653375 first8=[0.0067,-0.0136,0.0251,0.0039,-0.0007,-0.0051,-0.0009,0.0033]
HID seg1s16 pos=47 sha=c5a0f60502278502 first8=[-0.0163,-0.0103,0.0873,0.0089,0.0081,-0.0192,-0.0054,0.0014]
HID seg2s16 pos=47 sha=2feced9f1992cccf first8=[0.0058,0.1389,-0.0909,-0.0633,0.1995,-0.1420,-0.0483,0.0991]
HID seg0s16 pos=63 sha=d088dce82c432785 first8=[0.0129,-0.0088,0.0356,0.0053,-0.0040,-0.0097,0.0026,0.0028]
HID seg1s16 pos=63 sha=a0371aa71bba68ba first8=[0.0031,-0.0025,0.0998,-0.0013,0.0134,0.0142,-0.0166,0.0059]
HID seg2s16 pos=63 sha=6daeebcd229e78ef first8=[-0.0093,0.1288,-0.0068,-0.0919,0.0243,-0.0373,-0.1592,-0.0310]
HID seg0s16 pos=79 sha=fdf0a25b68fb7f85 first8=[-0.0011,-0.0068,0.0385,-0.0069,-0.0011,-0.0010,-0.0041,0.0063]
HID seg1s16 pos=79 sha=f6779ba431b1142a first8=[0.0038,-0.0023,0.0869,-0.0260,0.0039,-0.0193,0.0192,0.0052]
HID seg2s16 pos=79 sha=7fd3fd061c424923 first8=[-0.1289,0.1665,0.0328,0.1978,-0.0336,-0.1870,0.2161,-0.0726]
HID seg0s16 pos=95 sha=9ec51f7ccf7de637 first8=[0.0035,-0.0110,0.0352,0.0037,-0.0042,0.0098,-0.0034,-0.0170]
HID seg1s16 pos=95 sha=3c7b6861c2a73342 first8=[-0.0038,-0.0075,0.1183,0.0103,0.0122,0.0156,0.0173,-0.0167]
HID seg2s16 pos=95 sha=e0bec81e339a0a8d first8=[0.1912,0.1423,0.1272,0.0241,-0.1241,0.0219,-0.0010,-0.0309]
HID seg0s16 pos=111 sha=4df70db360c725e7 first8=[0.0019,-0.0029,0.0395,-0.0016,-0.0044,0.0028,0.0004,0.0083]
HID seg1s16 pos=111 sha=185dfde6c94c68e0 first8=[-0.0179,0.0107,0.1102,-0.0011,0.0100,0.0015,0.0130,-0.0061]
HID seg2s16 pos=111 sha=9a046fa170e6f896 first8=[0.1154,0.0611,0.1019,-0.0447,0.0140,-0.0210,0.1154,-0.0766]
HID seg0s16 pos=127 sha=0e2e7ac426675180 first8=[-0.0025,-0.0035,0.0465,0.0027,-0.0055,0.0076,-0.0004,0.0011]
HID seg1s16 pos=127 sha=a8cd77005a011d8e first8=[-0.0018,-0.0228,0.1047,0.0057,0.0042,0.0077,0.0034,-0.0132]
HID seg2s16 pos=127 sha=ff48c16681da27fa first8=[-0.0388,0.0200,0.2327,0.1425,-0.0640,0.1606,0.1427,-0.3259]
HID seg0s16 pos=143 sha=f2083d6f013d8eda first8=[0.0025,-0.0020,0.0308,-0.0019,-0.0023,0.0063,-0.0038,0.0013]
HID seg1s16 pos=143 sha=805656f8e7014214 first8=[-0.0079,0.0181,0.1066,0.0061,0.0027,-0.0040,0.0121,-0.0068]
HID seg2s16 pos=143 sha=5b086556998604a3 first8=[0.0084,-0.0879,0.0085,-0.2427,0.0264,-0.0308,0.0898,-0.0995]
HID seg0s16 pos=159 sha=2fd723230ab67c76 first8=[-0.0080,-0.0027,0.0408,0.0002,-0.0015,0.0167,-0.0038,-0.0037]
HID seg1s16 pos=159 sha=24f4ef5ba0ffea28 first8=[-0.0012,-0.0071,0.1077,0.0013,0.0075,0.0185,0.0161,-0.0110]
HID seg2s16 pos=159 sha=6a5c1b3eb86c4c8d first8=[-0.0659,0.0814,0.2471,0.1815,-0.0740,0.1642,0.1143,-0.1963]
HID seg0s16 pos=175 sha=d9f4e3c3a8877567 first8=[0.0020,-0.0029,0.0210,-0.0054,0.0022,-0.0006,0.0036,0.0020]
HID seg1s16 pos=175 sha=cd01c382d7c701d8 first8=[-0.0048,-0.0015,0.0903,-0.0023,0.0106,-0.0077,0.0093,-0.0131]
HID seg2s16 pos=175 sha=2d07f0bd1d48d44b first8=[0.0735,0.0039,-0.0434,-0.1326,-0.1375,0.0096,0.0673,-0.2598]
HID seg0s16 pos=191 sha=5966f3d006c0e032 first8=[-0.0006,-0.0002,0.0284,-0.0049,-0.0004,-0.0108,-0.0057,-0.0009]
HID seg1s16 pos=191 sha=c2df22b0a5ece5d7 first8=[-0.0024,-0.0153,0.0665,-0.0139,0.0042,-0.0034,0.0146,-0.0089]
HID seg2s16 pos=191 sha=75bb429dcc4e7296 first8=[-0.0684,-0.0162,0.0097,0.2686,0.0222,-0.0751,0.2563,-0.2524]
HID seg0s16 pos=207 sha=eee3a0498147ae8f first8=[-0.0055,-0.0076,0.0372,-0.0024,0.0000,0.0196,-0.0048,0.0091]
HID seg1s16 pos=207 sha=f6f87c4082b1afd7 first8=[-0.0206,-0.0273,0.0906,-0.0093,-0.0203,0.0464,0.0114,0.0163]
HID seg2s16 pos=207 sha=988a6f531e4dba97 first8=[-0.1307,0.1615,0.1243,0.0745,-0.0942,0.1443,0.0010,-0.1697]
HID seg0s16 pos=223 sha=cf27f6e4fa64fdb7 first8=[0.0006,0.0121,0.0291,-0.0005,-0.0045,0.0060,-0.0022,-0.0036]
HID seg1s16 pos=223 sha=5cd7592886d85501 first8=[0.0006,-0.0019,0.0628,0.0137,0.0137,-0.0010,-0.0134,-0.0036]
HID seg2s16 pos=223 sha=62026b12d2719698 first8=[-0.0609,0.0124,0.2137,0.1307,0.1094,0.1196,0.0249,-0.2947]
HID seg0s16 pos=239 sha=d9055beb7adb838f first8=[0.0011,-0.0052,0.0200,-0.0009,-0.0024,0.0152,-0.0101,-0.0048]
HID seg1s16 pos=239 sha=2de9a7e613c23bef first8=[0.0015,-0.0030,0.0463,-0.0310,0.0112,0.0526,-0.0001,-0.0067]
HID seg2s16 pos=239 sha=e24a660399af8fb8 first8=[0.0484,0.0366,-0.0657,-0.1165,0.1444,0.1333,-0.0617,-0.2117]
PROBE_JSON {"probs":{"11683":0.57776041321319471,"2752":0.0026965462101342639,"4547":0.021044921512925075,"18171":0.031839949430204698,"12447":0.23711239583051216,"2243":0.091414972022179616,"794":0.0017684381797395371,"17550":0.03636236360110974},"abs":{"794":0.00037560616948085487,"12447":0.05036131867919983,"4547":0.0044698211376884246,"11683":0.12271301206392533,"2752":0.00057273101453047246,"2243":0.019416017968752267,"17550":0.0077231583563155655,"18171":0.0067626234148058977},"offset":15}
SCORE_END {"ms":262317.21645800001,"row":2,"rss_bytes":496076000}
SCORE_BEGIN {"requestId":"sdr-axis-es-neg-02","promptTokens":240,"candidateViewDigest":"sha256:21f0a1000e4bce37c3e4c08ac8eb5e930bcd2bf10f7de924d97d571da83bf275","probes":[{"offset":239,"axis":"evidence_sufficient"}],"row":3,"candidateId":"cand-axis-es-neg-02","promptDigest":"sha256:feb6557fb0877025f5eb1a53d612b3b73a5b95a75117f099d682fdec22bba6e9","axis":"evidence_sufficient"}
HID seg0s16 pos=15 sha=214be92064a5db7f first8=[0.0058,-0.0059,0.0361,0.0037,-0.0021,-0.0054,-0.0002,-0.0076]
HID seg1s16 pos=15 sha=5660c7f602afc884 first8=[-0.0116,-0.0000,0.1257,0.0136,0.0077,-0.0055,0.0030,-0.0093]
HID seg2s16 pos=15 sha=7f228abe22cd0784 first8=[-0.0400,0.0760,0.1049,0.0964,-0.0058,-0.0411,0.1083,-0.1293]
HID seg0s16 pos=31 sha=0da9b8b97af45c73 first8=[0.0046,0.0014,0.0377,0.0016,-0.0034,0.0058,-0.0016,-0.0078]
HID seg1s16 pos=31 sha=10e33c1a35941b31 first8=[-0.0025,-0.0013,0.1135,0.0090,0.0010,0.0253,0.0051,-0.0104]
HID seg2s16 pos=31 sha=51b3b87873cc62cb first8=[-0.0049,0.1508,0.1089,0.1938,-0.0872,0.1127,0.0848,-0.4148]
HID seg0s16 pos=47 sha=aea21a33a66a1ad6 first8=[0.0059,-0.0078,0.0381,0.0027,-0.0075,-0.0062,0.0031,-0.0018]
HID seg1s16 pos=47 sha=9b7f8bbd615ac098 first8=[-0.0055,-0.0146,0.0956,-0.0058,0.0014,-0.0021,-0.0121,-0.0029]
HID seg2s16 pos=47 sha=0e53bbc8e747b321 first8=[0.0452,0.0188,0.1285,0.2725,-0.0108,0.0479,-0.0818,-0.2583]
HID seg0s16 pos=63 sha=3d1df3e4c0074ce8 first8=[0.0131,-0.0062,0.0349,0.0036,-0.0031,-0.0082,0.0026,0.0013]
HID seg1s16 pos=63 sha=acc9b9452643b6ed first8=[0.0037,-0.0026,0.0997,-0.0060,0.0044,0.0132,-0.0106,0.0110]
HID seg2s16 pos=63 sha=c2a14ad6857fcc15 first8=[0.0031,0.0602,-0.0093,-0.0746,0.0090,-0.0443,-0.1787,-0.0088]
HID seg0s16 pos=79 sha=9a98be8e853564eb first8=[0.0018,-0.0048,0.0380,-0.0054,0.0019,0.0023,-0.0061,0.0046]
HID seg1s16 pos=79 sha=a46636dd53772d84 first8=[0.0056,-0.0063,0.0821,-0.0267,0.0004,-0.0047,0.0090,0.0061]
HID seg2s16 pos=79 sha=0cfe4321edd4f77a first8=[-0.1514,0.1753,0.0547,0.1942,0.0390,0.0351,0.1475,-0.0312]
HID seg0s16 pos=95 sha=20c67ffd81d29bc3 first8=[0.0045,-0.0114,0.0342,0.0043,-0.0038,0.0048,-0.0040,-0.0139]
HID seg1s16 pos=95 sha=1c2e662a8ce35b45 first8=[-0.0016,-0.0150,0.1108,0.0116,0.0020,0.0154,0.0185,-0.0124]
HID seg2s16 pos=95 sha=b4df6afbe63300e1 first8=[0.1069,0.1155,0.1748,0.0949,-0.2113,0.1489,0.0416,-0.0670]
HID seg0s16 pos=111 sha=48a453715e85e11f first8=[0.0017,-0.0039,0.0391,-0.0030,-0.0040,0.0054,0.0006,0.0069]
HID seg1s16 pos=111 sha=8a006845357ac1df first8=[-0.0037,0.0061,0.1160,0.0013,0.0017,0.0005,0.0091,-0.0042]
HID seg2s16 pos=111 sha=d0291271126de4b9 first8=[0.0493,-0.0067,0.0952,-0.0088,-0.0159,0.0478,0.1037,-0.0509]
HID seg0s16 pos=127 sha=1fd63e00ad986e75 first8=[-0.0011,-0.0031,0.0465,0.0040,-0.0060,0.0060,-0.0007,0.0024]
HID seg1s16 pos=127 sha=3edde9e8a85641b0 first8=[-0.0009,-0.0221,0.0982,0.0074,-0.0031,0.0114,0.0061,-0.0173]
HID seg2s16 pos=127 sha=1bf85d4e45205a76 first8=[-0.0681,0.0511,0.2086,0.1848,-0.1201,0.2316,0.1182,-0.2639]
HID seg0s16 pos=143 sha=ee0bb231e0e85fc3 first8=[0.0018,-0.0023,0.0306,-0.0011,-0.0035,0.0036,-0.0024,0.0031]
HID seg1s16 pos=143 sha=506a78d672effd70 first8=[-0.0107,0.0118,0.1003,0.0077,-0.0007,0.0005,0.0113,-0.0043]
HID seg2s16 pos=143 sha=50fb448a9d8c2271 first8=[-0.0296,-0.0863,-0.0173,-0.1862,0.0057,-0.0236,0.0713,-0.1074]
HID seg0s16 pos=159 sha=d6a669ae2f0d10d8 first8=[-0.0080,-0.0033,0.0411,0.0022,-0.0021,0.0165,-0.0032,-0.0056]
HID seg1s16 pos=159 sha=e516f33face3a183 first8=[-0.0087,-0.0094,0.1074,0.0000,0.0079,0.0207,0.0227,-0.0130]
HID seg2s16 pos=159 sha=be29be8efadf6fa1 first8=[-0.1097,0.1199,0.2434,0.1318,-0.1204,0.2413,0.0865,-0.1606]
HID seg0s16 pos=175 sha=335aab85bb673489 first8=[0.0006,-0.0025,0.0214,-0.0042,0.0037,-0.0019,0.0039,0.0013]
HID seg1s16 pos=175 sha=2d10601ecbdbc45b first8=[-0.0038,0.0002,0.0853,-0.0004,-0.0011,-0.0109,0.0155,-0.0186]
HID seg2s16 pos=175 sha=582c43f0f2a0b912 first8=[0.0701,-0.0157,-0.0331,-0.0825,-0.1317,0.0053,0.0805,-0.3013]
HID seg0s16 pos=191 sha=c0c6b7f227dbcf67 first8=[-0.0027,-0.0002,0.0273,-0.0056,0.0001,-0.0108,-0.0057,-0.0003]
HID seg1s16 pos=191 sha=de3fef0789811cf4 first8=[-0.0037,-0.0147,0.0662,-0.0072,0.0028,-0.0033,0.0152,-0.0090]
HID seg2s16 pos=191 sha=8ac00a51477bea0c first8=[-0.0728,-0.0104,-0.0352,0.2256,0.0249,-0.0308,0.2642,-0.2294]
HID seg0s16 pos=207 sha=bc6c97f3588c48a7 first8=[-0.0055,-0.0057,0.0367,-0.0035,-0.0007,0.0210,-0.0055,0.0089]
HID seg1s16 pos=207 sha=815876aea162be9b first8=[-0.0223,-0.0267,0.0910,-0.0063,-0.0180,0.0465,0.0108,0.0107]
HID seg2s16 pos=207 sha=3e7e95be046775dc first8=[-0.0768,0.1954,0.1205,0.0288,-0.1025,0.1246,-0.0034,-0.1095]
HID seg0s16 pos=223 sha=30b3006b2cbc7975 first8=[0.0002,0.0102,0.0299,-0.0015,-0.0046,0.0085,-0.0023,-0.0065]
HID seg1s16 pos=223 sha=4bf88a876ba6383d first8=[0.0015,0.0079,0.0577,0.0159,0.0100,0.0082,-0.0139,-0.0052]
HID seg2s16 pos=223 sha=cb1793d576cfa21a first8=[-0.0239,0.0900,0.1863,0.1724,0.1040,0.1103,0.0869,-0.2952]
HID seg0s16 pos=239 sha=b7e78bba0b3b3efa first8=[0.0004,-0.0042,0.0201,0.0011,-0.0031,0.0180,-0.0061,-0.0039]
HID seg1s16 pos=239 sha=1ed0eb88375c0977 first8=[0.0077,0.0022,0.0482,-0.0280,0.0145,0.0451,-0.0020,-0.0043]
HID seg2s16 pos=239 sha=94b5a861fb31638e first8=[0.0727,0.1055,-0.0709,-0.1736,0.1926,0.1378,-0.0363,-0.1750]
PROBE_JSON {"abs":{"794":6.2011421150373445e-05,"12447":0.06240377692580483,"4547":0.00269932246113949,"11683":0.14509312841689026,"2752":0.00010223954907696449,"2243":0.0078720089855060914,"17550":0.0037184737476298043,"18171":0.0033072790141037913},"probs":{"11683":0.64411907009976621,"2752":0.00045387706500928728,"4547":0.011983235130011715,"18171":0.01468216659443825,"12447":0.27703215998397002,"2243":0.034946597146849646,"794":0.00027529035566851686,"17550":0.016507603624286347},"offset":15}
SCORE_END {"row":3,"ms":273873.47912500001,"rss_bytes":645416256}
SCORE_BEGIN {"requestId":"sdr-axis-sn-pos-01","promptTokens":224,"candidateViewDigest":"sha256:10eb203d011dabd6fd865d280e62550d0660b297981952c776ee37040da15d1d","probes":[{"offset":223,"axis":"still_needed"}],"row":4,"candidateId":"cand-axis-sn-pos-01","promptDigest":"sha256:cc983bef0bcf20a0537e81385e64e42b49876a349f3fc5d41c4052bc3e1367c3","axis":"still_needed"}
HID seg0s16 pos=15 sha=3378010d1979bb2c first8=[0.0065,-0.0041,0.0453,-0.0000,0.0009,-0.0145,-0.0064,-0.0048]
HID seg1s16 pos=15 sha=33783001c638175e first8=[0.0074,-0.0018,0.1719,-0.0005,0.0045,-0.0159,-0.0085,-0.0296]
HID seg2s16 pos=15 sha=f36dc8af5d7d8a26 first8=[-0.0663,0.0079,0.2064,0.1449,0.1399,-0.0438,0.0773,-0.3635]
HID seg0s16 pos=31 sha=8611e6ccef2211b2 first8=[0.0008,0.0085,0.0349,0.0152,0.0036,-0.0015,-0.0054,-0.0107]
HID seg1s16 pos=31 sha=c843dba8acdfb4e9 first8=[-0.0195,0.0054,0.1002,0.0138,-0.0041,0.0061,0.0123,-0.0248]
HID seg2s16 pos=31 sha=5ad38bc89222e09e first8=[-0.1830,0.1180,0.1005,-0.0369,0.1135,-0.0806,0.1672,-0.2412]
HID seg0s16 pos=47 sha=7371fbe8bcabca02 first8=[0.0067,-0.0055,0.0438,0.0043,-0.0071,0.0027,-0.0038,0.0154]
HID seg1s16 pos=47 sha=23dab948a275625f first8=[0.0053,-0.0010,0.1332,-0.0046,0.0060,0.0141,-0.0078,0.0180]
HID seg2s16 pos=47 sha=f5260157e4c13f45 first8=[0.0137,-0.0087,0.1135,-0.0600,0.1975,0.1686,0.0133,-0.1704]
HID seg0s16 pos=63 sha=5b6bed0cca993508 first8=[0.0041,0.0027,0.0361,0.0062,-0.0129,0.0061,0.0029,0.0056]
HID seg1s16 pos=63 sha=96626de8bbe7cbc7 first8=[0.0010,0.0139,0.1080,0.0081,0.0026,0.0388,-0.0042,-0.0112]
HID seg2s16 pos=63 sha=d270bbcaa450a88d first8=[0.1881,0.2319,-0.0081,-0.0160,-0.1533,0.0145,-0.1208,-0.1326]
HID seg0s16 pos=79 sha=616a930ef3eaeb45 first8=[-0.0019,0.0023,0.0351,-0.0008,-0.0001,-0.0042,0.0009,-0.0053]
HID seg1s16 pos=79 sha=5789e7b20175b72d first8=[0.0184,-0.0098,0.1165,-0.0064,0.0092,-0.0252,0.0082,-0.0040]
HID seg2s16 pos=79 sha=1bc84746560022fc first8=[0.1482,0.1677,0.0428,0.0958,-0.0974,0.0751,0.1455,-0.1029]
HID seg0s16 pos=95 sha=882c72ba2b5465dd first8=[-0.0004,-0.0073,0.0343,0.0039,0.0026,0.0031,-0.0036,0.0055]
HID seg1s16 pos=95 sha=ca5096fd7bc56bb1 first8=[0.0239,0.0076,0.0950,-0.0252,0.0072,0.0303,-0.0180,0.0115]
HID seg2s16 pos=95 sha=58ff456a644f7a89 first8=[0.0105,0.0043,0.0436,0.0527,-0.1470,0.1436,0.0127,-0.1584]
HID seg0s16 pos=111 sha=ce829b64eb9088f1 first8=[-0.0007,-0.0048,0.0441,0.0028,-0.0023,0.0051,-0.0039,0.0121]
HID seg1s16 pos=111 sha=14adb902753580ea first8=[-0.0143,-0.0175,0.0834,-0.0062,0.0044,0.0057,-0.0020,0.0213]
HID seg2s16 pos=111 sha=dd7aba73b522e0da first8=[0.1647,0.0163,0.1715,0.2386,-0.2162,0.1726,-0.0367,-0.3496]
HID seg0s16 pos=127 sha=697d9816295c7a9b first8=[-0.0027,-0.0038,0.0300,-0.0030,-0.0011,-0.0026,0.0014,0.0057]
HID seg1s16 pos=127 sha=cfde465726e70a1e first8=[0.0067,0.0106,0.0539,0.0043,0.0059,-0.0068,-0.0040,-0.0174]
HID seg2s16 pos=127 sha=0391f754a8935581 first8=[0.1722,-0.1296,0.0519,0.1403,-0.1707,0.0058,-0.0848,-0.1052]
HID seg0s16 pos=143 sha=958a428290010ddf first8=[-0.0053,-0.0035,0.0388,0.0034,-0.0045,-0.0088,0.0019,0.0076]
HID seg1s16 pos=143 sha=ae843752f6d7611b first8=[-0.0064,-0.0093,0.0764,-0.0070,0.0099,-0.0229,-0.0034,0.0361]
HID seg2s16 pos=143 sha=875a1176142372e8 first8=[0.0809,0.2068,0.2546,0.2812,-0.2267,0.0298,0.1013,-0.3455]
HID seg0s16 pos=159 sha=7055742cf46f8394 first8=[0.0031,-0.0043,0.0328,-0.0062,-0.0002,0.0030,-0.0049,-0.0097]
HID seg1s16 pos=159 sha=214e324a56e660a6 first8=[-0.0091,-0.0115,0.0978,0.0199,-0.0033,0.0023,-0.0183,-0.0121]
HID seg2s16 pos=159 sha=306fb71730a0474d first8=[0.1064,0.0859,-0.0742,0.2620,0.0186,0.0981,-0.1247,0.1160]
HID seg0s16 pos=175 sha=7f34e055342fbf46 first8=[-0.0023,-0.0046,0.0243,0.0009,-0.0045,0.0042,-0.0025,-0.0165]
HID seg1s16 pos=175 sha=b5e0bb53c3d6afdb first8=[-0.0069,0.0037,0.0848,0.0156,0.0024,-0.0051,0.0031,-0.0334]
HID seg2s16 pos=175 sha=14faecb2ce25c123 first8=[-0.0313,-0.0473,0.0503,0.0098,-0.0952,0.0198,0.0238,-0.1541]
HID seg0s16 pos=191 sha=d958a6b1c1dfa3ca first8=[0.0012,0.0086,0.0309,0.0053,-0.0018,0.0033,0.0076,-0.0002]
HID seg1s16 pos=191 sha=cc3d0e31a1819edf first8=[0.0150,-0.0051,0.0830,-0.0034,-0.0007,0.0177,-0.0032,-0.0096]
HID seg2s16 pos=191 sha=2f2c68f06e84bcb2 first8=[-0.1418,-0.0424,0.1949,0.0491,-0.0347,0.1357,-0.0414,-0.2253]
HID seg0s16 pos=207 sha=169ac59733793959 first8=[0.0043,0.0071,0.0306,-0.0041,-0.0044,0.0086,-0.0011,-0.0063]
HID seg1s16 pos=207 sha=95a5102f2f793da6 first8=[0.0065,0.0055,0.0714,0.0162,0.0179,0.0027,-0.0129,-0.0070]
HID seg2s16 pos=207 sha=cdae565c87904d28 first8=[-0.0637,0.0662,0.2106,0.1359,0.1453,0.2644,0.0018,-0.3425]
HID seg0s16 pos=223 sha=afbaca245ad12c09 first8=[-0.0002,-0.0074,0.0217,0.0009,-0.0014,0.0147,-0.0085,-0.0003]
HID seg1s16 pos=223 sha=f4d26512a35c9584 first8=[0.0040,-0.0024,0.0513,-0.0385,0.0096,0.0432,0.0005,-0.0063]
HID seg2s16 pos=223 sha=91ab647ab62b5bbd first8=[0.1311,0.1549,-0.0706,-0.1107,-0.0232,0.1896,-0.0977,-0.2057]
PROBE_JSON {"probs":{"11683":0.42644897026233919,"2752":0.0070563661692173759,"4547":0.051734129671042593,"18171":0.07468693760244384,"12447":0.20783462931046776,"2243":0.16441072407401536,"794":0.014033259799815455,"17550":0.053794983110658216},"abs":{"794":0.00071763044189810245,"12447":0.010628211762726766,"4547":0.0026455710837429412,"11683":0.021807674577533135,"2752":0.0003608472474996065,"2243":0.00840760751622187,"17550":0.0027509586548173422,"18171":0.0038193278539860437},"offset":15}
SCORE_END {"ms":247976.69187499999,"row":4,"rss_bytes":794461600}
SCORE_BEGIN {"requestId":"sdr-axis-sn-pos-02","promptTokens":224,"candidateViewDigest":"sha256:d527b79ceede3666742b5a69eb5751817e92e895edbccb533f89f356ed9a73a3","probes":[{"offset":223,"axis":"still_needed"}],"row":5,"candidateId":"cand-axis-sn-pos-02","promptDigest":"sha256:33110b316a08631dae48791cc7e4df3d18f5488fd26cb63984ebbfd604b8fb19","axis":"still_needed"}
HID seg0s16 pos=15 sha=3378010d1979bb2c first8=[0.0065,-0.0041,0.0453,-0.0000,0.0009,-0.0145,-0.0064,-0.0048]
HID seg1s16 pos=15 sha=33783001c638175e first8=[0.0074,-0.0018,0.1719,-0.0005,0.0045,-0.0159,-0.0085,-0.0296]
HID seg2s16 pos=15 sha=f36dc8af5d7d8a26 first8=[-0.0663,0.0079,0.2064,0.1449,0.1399,-0.0438,0.0773,-0.3635]
HID seg0s16 pos=31 sha=8611e6ccef2211b2 first8=[0.0008,0.0085,0.0349,0.0152,0.0036,-0.0015,-0.0054,-0.0107]
HID seg1s16 pos=31 sha=c843dba8acdfb4e9 first8=[-0.0195,0.0054,0.1002,0.0138,-0.0041,0.0061,0.0123,-0.0248]
HID seg2s16 pos=31 sha=5ad38bc89222e09e first8=[-0.1830,0.1180,0.1005,-0.0369,0.1135,-0.0806,0.1672,-0.2412]
HID seg0s16 pos=47 sha=7371fbe8bcabca02 first8=[0.0067,-0.0055,0.0438,0.0043,-0.0071,0.0027,-0.0038,0.0154]
HID seg1s16 pos=47 sha=23dab948a275625f first8=[0.0053,-0.0010,0.1332,-0.0046,0.0060,0.0141,-0.0078,0.0180]
HID seg2s16 pos=47 sha=f5260157e4c13f45 first8=[0.0137,-0.0087,0.1135,-0.0600,0.1975,0.1686,0.0133,-0.1704]
HID seg0s16 pos=63 sha=d3758cc61cc4c637 first8=[0.0031,0.0038,0.0363,0.0055,-0.0138,0.0072,0.0027,0.0046]
HID seg1s16 pos=63 sha=f26539f70b38b7a7 first8=[0.0005,0.0125,0.1059,0.0062,0.0074,0.0356,-0.0039,-0.0107]
HID seg2s16 pos=63 sha=cecafc5122432cba first8=[0.1213,0.2079,-0.0115,0.0143,-0.1927,0.0423,-0.0891,-0.0942]
HID seg0s16 pos=79 sha=994fa38528eb10ba first8=[-0.0003,0.0025,0.0350,-0.0017,-0.0006,-0.0020,0.0016,-0.0020]
HID seg1s16 pos=79 sha=2c0ce9268b132acb first8=[0.0175,-0.0008,0.1148,-0.0032,0.0071,-0.0171,0.0035,-0.0040]
HID seg2s16 pos=79 sha=a067acfda4de82bd first8=[0.1451,0.2014,-0.0150,0.0600,-0.0887,0.1492,0.2035,-0.1031]
HID seg0s16 pos=95 sha=62f8d5bbae96d279 first8=[0.0003,-0.0065,0.0334,0.0028,0.0015,0.0046,-0.0044,0.0062]
HID seg1s16 pos=95 sha=589d8c9762743a07 first8=[0.0251,0.0050,0.1088,-0.0145,0.0043,0.0304,-0.0170,0.0129]
HID seg2s16 pos=95 sha=df91cb0166347f67 first8=[-0.0565,0.0132,0.0749,0.1521,-0.0520,0.1829,0.0545,-0.2056]
HID seg0s16 pos=111 sha=6d30ac202a46789b first8=[0.0001,-0.0069,0.0448,0.0013,-0.0042,0.0061,-0.0074,0.0118]
HID seg1s16 pos=111 sha=3c7dff9fb750c72e first8=[-0.0122,-0.0182,0.0919,-0.0097,0.0021,0.0054,-0.0076,0.0253]
HID seg2s16 pos=111 sha=39a957c42d9b8ee4 first8=[0.0342,0.1306,0.1981,0.2317,-0.1862,0.2581,0.0892,-0.3650]
HID seg0s16 pos=127 sha=c09863c0bd17f8a0 first8=[-0.0041,-0.0032,0.0303,-0.0009,-0.0009,-0.0037,0.0014,0.0004]
HID seg1s16 pos=127 sha=fc9791b2d867467f first8=[0.0092,0.0114,0.0666,0.0100,0.0004,-0.0017,-0.0053,-0.0133]
HID seg2s16 pos=127 sha=b51b609ceb59f7f0 first8=[0.1108,-0.0912,0.0703,0.1401,-0.1156,0.0305,-0.0441,-0.1709]
HID seg0s16 pos=143 sha=81583592018ce508 first8=[-0.0062,-0.0031,0.0395,0.0017,-0.0047,-0.0093,-0.0005,0.0071]
HID seg1s16 pos=143 sha=6638a8ec7462d0f2 first8=[-0.0087,-0.0147,0.0903,-0.0019,0.0103,-0.0239,-0.0065,0.0404]
HID seg2s16 pos=143 sha=3cf0dfa08b37deb7 first8=[0.0067,0.2291,0.2856,0.2439,-0.2189,0.1803,0.1511,-0.3176]
HID seg0s16 pos=159 sha=eb45f8415920057c first8=[0.0040,-0.0026,0.0346,-0.0060,-0.0003,0.0020,-0.0044,-0.0088]
HID seg1s16 pos=159 sha=630bee8546f87e20 first8=[-0.0069,-0.0154,0.0966,0.0153,-0.0052,0.0096,-0.0115,-0.0022]
HID seg2s16 pos=159 sha=8f820e5703079e2a first8=[0.0684,0.0829,-0.0643,0.2380,0.0635,0.2057,-0.1071,0.1548]
HID seg0s16 pos=175 sha=7541ef90654f55aa first8=[-0.0015,-0.0038,0.0245,0.0007,-0.0046,0.0049,-0.0044,-0.0148]
HID seg1s16 pos=175 sha=cbdb5e5d32d96579 first8=[-0.0052,0.0059,0.0894,0.0116,0.0018,-0.0143,-0.0001,-0.0372]
HID seg2s16 pos=175 sha=6ceb56b3f98aa970 first8=[-0.0729,-0.0106,0.0446,-0.0319,-0.0886,0.0872,0.0276,-0.1555]
HID seg0s16 pos=191 sha=05ca9d6e56ade8e2 first8=[-0.0001,0.0087,0.0306,0.0056,-0.0004,0.0024,0.0084,-0.0019]
HID seg1s16 pos=191 sha=b1921e58aed3bf1c first8=[0.0137,-0.0034,0.0889,0.0002,0.0013,0.0195,-0.0008,-0.0055]
HID seg2s16 pos=191 sha=2d699fa053ca01c7 first8=[-0.1840,0.0083,0.1915,0.0265,0.0318,0.1671,-0.0319,-0.2212]
HID seg0s16 pos=207 sha=a466d4dc39f5a2dd first8=[0.0030,0.0078,0.0303,-0.0047,-0.0045,0.0095,-0.0005,-0.0013]
HID seg1s16 pos=207 sha=89686ea9b1e2c0cd first8=[0.0046,0.0033,0.0734,0.0169,0.0135,0.0073,-0.0131,-0.0045]
HID seg2s16 pos=207 sha=0f9c27f3d36375ea first8=[-0.1392,0.1230,0.1970,0.1368,0.1278,0.2859,-0.0127,-0.3650]
HID seg0s16 pos=223 sha=1bdbf96705b9e659 first8=[0.0008,-0.0073,0.0221,-0.0011,-0.0015,0.0161,-0.0060,-0.0053]
HID seg1s16 pos=223 sha=db2581513de57fea first8=[0.0138,0.0011,0.0568,-0.0316,0.0047,0.0489,-0.0061,-0.0167]
HID seg2s16 pos=223 sha=7622f22661e75d8e first8=[0.1137,0.2224,-0.1160,-0.0700,0.0837,0.2761,-0.0730,-0.1862]
PROBE_JSON {"abs":{"794":0.00092973994208586305,"12447":0.023059714543275503,"4547":0.005267335494323803,"11683":0.045859718350083706,"2752":0.00069634304167250452,"2243":0.015361081507649274,"17550":0.00578503630243181,"18171":0.0054345386713546108},"probs":{"11683":0.44787720737116182,"2752":0.00680065617707948,"4547":0.051442084608451087,"18171":0.053075031662780471,"12447":0.22520680291965964,"2243":0.15002007285189084,"794":0.0090800672970570481,"17550":0.056498077111919766},"offset":15}
SCORE_END {"row":5,"ms":246032.28258299999,"rss_bytes":930219544}
SCORE_BEGIN {"requestId":"sdr-axis-sn-neg-01","promptTokens":224,"candidateViewDigest":"sha256:8ace08ae3008099b7d0d92b177571be6fb31d07d652eb205a8a9754845a606e2","probes":[{"offset":223,"axis":"still_needed"}],"row":6,"candidateId":"cand-axis-sn-neg-01","promptDigest":"sha256:8bb095356bc4f87f053ea62eef2f7bd467d2d1a40da26a745142e3f9c3d3a3c5","axis":"still_needed"}
HID seg0s16 pos=15 sha=b30f2e9e5d4a910c first8=[0.0037,-0.0103,0.0387,0.0053,0.0072,-0.0008,-0.0002,0.0013]
HID seg1s16 pos=15 sha=fef591d53f23371d first8=[0.0015,0.0067,0.1467,-0.0064,0.0053,0.0017,-0.0106,-0.0033]
HID seg2s16 pos=15 sha=d4c52d1cde7ab111 first8=[-0.1185,-0.0385,0.0410,-0.0073,0.0137,-0.0156,0.1885,-0.1982]
HID seg0s16 pos=31 sha=750809eb110463cb first8=[0.0025,-0.0110,0.0385,-0.0019,-0.0059,-0.0122,-0.0035,-0.0121]
HID seg1s16 pos=31 sha=8b2a9843903058f8 first8=[0.0157,0.0092,0.0959,-0.0135,-0.0057,0.0079,-0.0015,0.0195]
HID seg2s16 pos=31 sha=fcf47406327b2146 first8=[0.0965,0.1953,0.0522,0.0006,-0.1233,0.1296,0.0090,-0.1310]
HID seg0s16 pos=47 sha=d2add45b97f6f255 first8=[0.0002,0.0016,0.0385,-0.0021,-0.0082,-0.0034,-0.0077,-0.0058]
HID seg1s16 pos=47 sha=1b0646a6960d016d first8=[-0.0108,0.0042,0.1384,0.0022,0.0215,0.0127,-0.0008,-0.0120]
HID seg2s16 pos=47 sha=ce7c0f3bc1ec3b6b first8=[-0.0781,0.0923,-0.0573,-0.0768,0.1848,0.0746,0.1469,-0.0753]
HID seg0s16 pos=63 sha=883f23f1f29b89fa first8=[-0.0005,-0.0011,0.0363,0.0004,0.0018,0.0063,-0.0086,-0.0035]
HID seg1s16 pos=63 sha=22d9225cfb953596 first8=[-0.0017,0.0021,0.1063,-0.0113,-0.0007,0.0140,0.0011,-0.0286]
HID seg2s16 pos=63 sha=db642812fcddc4c5 first8=[-0.1588,0.1055,0.2798,-0.0735,0.0732,0.1908,-0.0396,-0.3130]
HID seg0s16 pos=79 sha=8b0c32d7e064242e first8=[0.0037,-0.0036,0.0325,-0.0076,-0.0028,-0.0051,0.0049,0.0033]
HID seg1s16 pos=79 sha=034bce2c32b2d4af first8=[-0.0032,0.0078,0.0966,-0.0046,0.0133,0.0028,0.0054,0.0076]
HID seg2s16 pos=79 sha=a592fd9aebb6ccee first8=[0.0942,0.0337,0.0145,-0.1001,-0.1975,0.0013,0.0831,-0.2161]
HID seg0s16 pos=95 sha=74c75c73b84f065a first8=[-0.0033,-0.0068,0.0327,-0.0018,-0.0019,-0.0047,-0.0000,0.0037]
HID seg1s16 pos=95 sha=24ae31c4226718a0 first8=[-0.0002,0.0238,0.0807,-0.0052,0.0137,-0.0010,0.0069,-0.0110]
HID seg2s16 pos=95 sha=6ce97e4a77df84cd first8=[-0.0150,-0.0560,0.0388,0.1660,-0.0731,-0.0347,-0.0437,-0.2615]
HID seg0s16 pos=111 sha=52e9239ca26090d7 first8=[-0.0021,-0.0061,0.0425,0.0011,-0.0013,-0.0032,-0.0087,0.0040]
HID seg1s16 pos=111 sha=943440f2afcd122c first8=[0.0013,-0.0210,0.1030,-0.0059,0.0047,-0.0043,-0.0178,0.0093]
HID seg2s16 pos=111 sha=a093e76a922f0db4 first8=[0.1157,0.2196,0.2773,0.2847,-0.2502,0.1931,0.0062,-0.3413]
HID seg0s16 pos=127 sha=bdc68173ef7f492b first8=[-0.0024,-0.0025,0.0271,-0.0040,-0.0019,-0.0072,-0.0004,0.0022]
HID seg1s16 pos=127 sha=fa48e7ab135d123b first8=[-0.0007,0.0307,0.0634,-0.0021,0.0039,0.0018,-0.0059,-0.0108]
HID seg2s16 pos=127 sha=7ca1da6e34ff7bc4 first8=[0.1438,-0.1523,0.0424,0.0861,-0.1254,-0.0014,-0.1030,-0.1384]
HID seg0s16 pos=143 sha=ef8fcf256bb01423 first8=[-0.0057,-0.0018,0.0364,0.0025,-0.0035,-0.0093,-0.0004,0.0042]
HID seg1s16 pos=143 sha=eaa3b53215b6f5ed first8=[-0.0021,-0.0082,0.0769,-0.0108,0.0121,-0.0242,0.0018,0.0365]
HID seg2s16 pos=143 sha=db52fc6d6c2704ac first8=[0.0549,0.1940,0.2207,0.3125,-0.2356,-0.0475,0.1339,-0.3208]
HID seg0s16 pos=159 sha=72a025c979ebf6d6 first8=[0.0037,-0.0038,0.0323,-0.0064,-0.0011,0.0030,-0.0061,-0.0110]
HID seg1s16 pos=159 sha=7738686149389b86 first8=[-0.0123,-0.0096,0.0986,0.0200,-0.0079,0.0052,-0.0163,-0.0090]
HID seg2s16 pos=159 sha=eba07dd8388650a6 first8=[0.1109,0.0708,-0.0507,0.2617,0.0184,0.0724,-0.1087,0.1373]
HID seg0s16 pos=175 sha=c794935b6df11ca9 first8=[0.0005,-0.0023,0.0242,0.0001,-0.0052,0.0038,-0.0032,-0.0146]
HID seg1s16 pos=175 sha=7a9f51020775bd10 first8=[-0.0070,0.0160,0.0768,0.0081,-0.0019,-0.0186,-0.0025,-0.0257]
HID seg2s16 pos=175 sha=04af885181563691 first8=[-0.0841,0.0059,0.0149,0.0312,-0.0789,0.0464,0.0034,-0.1630]
HID seg0s16 pos=191 sha=e17ce277280896e5 first8=[0.0003,0.0083,0.0305,0.0054,-0.0019,0.0031,0.0081,0.0000]
HID seg1s16 pos=191 sha=c1b17f66196f7df5 first8=[0.0184,-0.0029,0.0847,-0.0070,0.0003,0.0214,-0.0070,-0.0112]
HID seg2s16 pos=191 sha=566920fe4f2c60db first8=[-0.1309,-0.0936,0.1395,0.0882,-0.0603,0.0823,-0.1061,-0.2360]
HID seg0s16 pos=207 sha=ead3dba77366206e first8=[0.0021,0.0066,0.0297,-0.0036,-0.0038,0.0075,-0.0004,-0.0045]
HID seg1s16 pos=207 sha=e0ba2df2dd413110 first8=[0.0103,0.0121,0.0612,0.0245,0.0174,0.0025,-0.0196,-0.0010]
HID seg2s16 pos=207 sha=becc694077dfc002 first8=[-0.0513,0.0012,0.1654,0.1846,0.1310,0.2303,0.0283,-0.2966]
HID seg0s16 pos=223 sha=5cdd908d66f507e2 first8=[-0.0003,-0.0094,0.0211,-0.0019,0.0001,0.0136,-0.0072,-0.0035]
HID seg1s16 pos=223 sha=45c19cd192e23093 first8=[-0.0048,0.0074,0.0547,-0.0302,0.0037,0.0472,-0.0083,-0.0138]
HID seg2s16 pos=223 sha=9c24dd7398eab508 first8=[0.1497,0.2094,-0.0820,-0.0876,0.0481,0.1742,-0.1108,-0.2876]
PROBE_JSON {"probs":{"11683":0.3310424462736376,"2752":0.014208055658271069,"4547":0.066731967010262405,"18171":0.07386555405296473,"12447":0.2618761294576083,"2243":0.14237958196666728,"794":0.013557421419583496,"17550":0.096338844161005216},"abs":{"794":0.0019939697707863796,"12447":0.038515663832263861,"4547":0.0098146631904037253,"11683":0.048688361177835711,"2752":0.0020896623780772934,"2243":0.020940603204134808,"17550":0.01416912088696036,"18171":0.010863841826975078},"offset":15}
SCORE_END {"ms":245580.779125,"row":6,"rss_bytes":1071711864}
SCORE_BEGIN {"requestId":"sdr-axis-sn-neg-02","promptTokens":224,"candidateViewDigest":"sha256:56d87b7ca57f8442d6a2df55fd8d8f8427d27fad3b2f8135a8bde8c8498866b1","probes":[{"offset":223,"axis":"still_needed"}],"row":7,"candidateId":"cand-axis-sn-neg-02","promptDigest":"sha256:8fbbd60fae48632d5526322eaeb8e8a1ed261c3e2588c48ddbdea09a569dc91f","axis":"still_needed"}
HID seg0s16 pos=15 sha=b30f2e9e5d4a910c first8=[0.0037,-0.0103,0.0387,0.0053,0.0072,-0.0008,-0.0002,0.0013]
HID seg1s16 pos=15 sha=fef591d53f23371d first8=[0.0015,0.0067,0.1467,-0.0064,0.0053,0.0017,-0.0106,-0.0033]
HID seg2s16 pos=15 sha=d4c52d1cde7ab111 first8=[-0.1185,-0.0385,0.0410,-0.0073,0.0137,-0.0156,0.1885,-0.1982]
HID seg0s16 pos=31 sha=750809eb110463cb first8=[0.0025,-0.0110,0.0385,-0.0019,-0.0059,-0.0122,-0.0035,-0.0121]
HID seg1s16 pos=31 sha=8b2a9843903058f8 first8=[0.0157,0.0092,0.0959,-0.0135,-0.0057,0.0079,-0.0015,0.0195]
HID seg2s16 pos=31 sha=fcf47406327b2146 first8=[0.0965,0.1953,0.0522,0.0006,-0.1233,0.1296,0.0090,-0.1310]
HID seg0s16 pos=47 sha=851d0d814ad95ddb first8=[0.0041,-0.0027,0.0327,-0.0013,-0.0061,-0.0019,-0.0060,0.0088]
HID seg1s16 pos=47 sha=81adcbceede037bb first8=[0.0095,-0.0087,0.1456,-0.0138,-0.0020,0.0192,-0.0000,-0.0035]
HID seg2s16 pos=47 sha=26a8504a760820d3 first8=[-0.0778,0.1703,0.0016,-0.0095,0.0923,0.1840,0.0258,0.0549]
HID seg0s16 pos=63 sha=623e03640655ff20 first8=[-0.0019,-0.0036,0.0372,0.0001,0.0026,0.0077,-0.0079,-0.0030]
HID seg1s16 pos=63 sha=12ad24759192c3fd first8=[0.0054,0.0020,0.0976,-0.0093,0.0090,0.0199,0.0026,-0.0285]
HID seg2s16 pos=63 sha=251f2137691d04d4 first8=[-0.1866,0.0615,0.2944,-0.0803,0.0674,0.1886,-0.0811,-0.3506]
HID seg0s16 pos=79 sha=24883ad0bd94e229 first8=[0.0023,-0.0015,0.0338,-0.0084,-0.0021,-0.0019,0.0029,0.0014]
HID seg1s16 pos=79 sha=7b5806529fb0d6a4 first8=[-0.0059,0.0030,0.0979,-0.0027,0.0234,0.0171,-0.0023,-0.0021]
HID seg2s16 pos=79 sha=876f810ea9ada4a4 first8=[0.0611,0.0995,-0.0023,-0.0552,-0.2107,0.0767,0.0815,-0.2032]
HID seg0s16 pos=95 sha=d9391bd77a11e9f9 first8=[-0.0009,-0.0043,0.0323,-0.0010,-0.0006,-0.0041,-0.0034,0.0042]
HID seg1s16 pos=95 sha=7fb0379e40048f61 first8=[0.0102,0.0168,0.0836,-0.0063,0.0073,0.0128,0.0081,-0.0172]
HID seg2s16 pos=95 sha=cdef7d886348b136 first8=[-0.0312,-0.0150,0.0273,0.2063,-0.0766,0.0579,0.0081,-0.3625]
HID seg0s16 pos=111 sha=2d08182a259eed41 first8=[-0.0013,-0.0065,0.0423,-0.0007,-0.0025,-0.0028,-0.0089,0.0076]
HID seg1s16 pos=111 sha=c6eea49992b16125 first8=[-0.0019,-0.0246,0.0970,-0.0041,0.0076,0.0043,-0.0217,0.0134]
HID seg2s16 pos=111 sha=0a40920e6b4636ca first8=[0.0569,0.2216,0.2715,0.2881,-0.2119,0.3020,0.0653,-0.2932]
HID seg0s16 pos=127 sha=4b3745ca7160e8d9 first8=[-0.0038,-0.0023,0.0280,-0.0041,-0.0023,-0.0064,0.0012,0.0021]
HID seg1s16 pos=127 sha=8ef90ba5ee6c0017 first8=[0.0022,0.0220,0.0573,0.0007,0.0026,0.0144,0.0016,-0.0040]
HID seg2s16 pos=127 sha=8aa94f31f1ad23bd first8=[0.1101,-0.1140,0.0231,0.1595,-0.0821,0.0210,-0.0635,-0.2141]
HID seg0s16 pos=143 sha=77c125ea796c4a8d first8=[-0.0066,-0.0015,0.0374,0.0015,-0.0027,-0.0104,-0.0005,0.0071]
HID seg1s16 pos=143 sha=ad6ea435f23bb699 first8=[-0.0009,-0.0150,0.0794,-0.0112,0.0160,-0.0195,-0.0021,0.0441]
HID seg2s16 pos=143 sha=3651e8c645855b55 first8=[0.0509,0.1714,0.2388,0.2954,-0.2206,0.0355,0.1776,-0.2727]
HID seg0s16 pos=159 sha=0dc97919df16aeca first8=[0.0029,-0.0043,0.0323,-0.0067,-0.0008,0.0021,-0.0043,-0.0070]
HID seg1s16 pos=159 sha=242e587938b52ec4 first8=[-0.0085,-0.0130,0.0999,0.0216,-0.0066,0.0035,-0.0145,-0.0034]
HID seg2s16 pos=159 sha=c1530c521212f28d first8=[0.0964,0.0861,-0.0693,0.2087,0.0179,0.1120,-0.0949,0.1247]
HID seg0s16 pos=175 sha=a3102a36a8b3e267 first8=[-0.0010,-0.0025,0.0231,0.0001,-0.0058,0.0051,-0.0042,-0.0170]
HID seg1s16 pos=175 sha=809247d8ba5d3c0d first8=[-0.0051,0.0167,0.0792,0.0109,0.0027,-0.0199,-0.0056,-0.0286]
HID seg2s16 pos=175 sha=04742a4662fb8e61 first8=[-0.0982,0.0140,0.0171,0.0150,-0.0712,0.0879,0.0179,-0.1772]
HID seg0s16 pos=191 sha=6cc7ee0ff2b93a60 first8=[0.0007,0.0091,0.0306,0.0052,-0.0015,0.0046,0.0087,-0.0023]
HID seg1s16 pos=191 sha=573796f0d5c4159f first8=[0.0139,-0.0016,0.0817,-0.0083,-0.0020,0.0184,-0.0057,-0.0073]
HID seg2s16 pos=191 sha=56e344c03a190525 first8=[-0.1862,-0.0368,0.1553,0.0778,0.0032,0.1406,-0.0681,-0.2527]
HID seg0s16 pos=207 sha=f4ddf56ef9cb3511 first8=[0.0022,0.0073,0.0298,-0.0027,-0.0050,0.0075,0.0012,-0.0019]
HID seg1s16 pos=207 sha=b0e122aafc8b09f3 first8=[0.0050,0.0154,0.0651,0.0248,0.0116,0.0106,-0.0127,-0.0016]
HID seg2s16 pos=207 sha=adaf0bc84b5aca5a first8=[-0.0787,0.0279,0.1542,0.1694,0.1401,0.2542,0.0032,-0.2754]
HID seg0s16 pos=223 sha=9c83223b2d74f7ea first8=[0.0008,-0.0072,0.0210,-0.0017,-0.0030,0.0173,-0.0056,-0.0050]
HID seg1s16 pos=223 sha=ef993aa1344227d8 first8=[-0.0007,0.0153,0.0526,-0.0101,0.0025,0.0415,-0.0102,-0.0044]
HID seg2s16 pos=223 sha=63ddc88f5f53bdf8 first8=[0.1090,0.2559,-0.0437,-0.1040,0.0560,0.2529,-0.2651,-0.2761]
PROBE_JSON {"abs":{"794":0.0014920280585064851,"12447":0.20005129478200145,"4547":0.031161981420568929,"11683":0.041933029400628499,"2752":0.0044543729879603141,"2243":0.013194813128705265,"17550":0.044290105837243361,"18171":0.0081928457798159469},"probs":{"11683":0.1216259305238874,"2752":0.012919821613294215,"4547":0.090384716807223556,"18171":0.023763188728594058,"12447":0.58024486253799601,"2243":0.038271297061202317,"794":0.0043275981625329569,"17550":0.12846258456526974},"offset":15}
SCORE_END {"row":7,"ms":240905.7255,"rss_bytes":1214039768}
SCORE_BEGIN {"requestId":"sdr-axis-fcn-pos-01","promptTokens":240,"candidateViewDigest":"sha256:6b08ad63d04a67838b071e17477c99f1ba2eaf1ef054db3e7fefdc9300e86a3f","probes":[{"offset":239,"axis":"full_content_needed"}],"row":8,"candidateId":"cand-axis-fcn-pos-01","promptDigest":"sha256:c87634708a5905d5e2b108eaa2c9b940e9a1c06b205bdc26c939d8401446da0b","axis":"full_content_needed"}
HID seg0s16 pos=15 sha=59f461a999a4258c first8=[0.0098,-0.0032,0.0256,0.0036,-0.0022,-0.0134,-0.0041,0.0002]
HID seg1s16 pos=15 sha=29cf609e7a61b616 first8=[-0.0048,0.0243,0.1030,-0.0046,0.0089,-0.0216,-0.0006,0.0045]
HID seg2s16 pos=15 sha=c55391d799d5991e first8=[-0.2335,0.1001,0.2517,-0.0731,-0.0729,0.0867,-0.0262,-0.1109]
HID seg0s16 pos=31 sha=78405c60f82b5191 first8=[0.0074,-0.0047,0.0425,-0.0037,-0.0118,-0.0018,-0.0000,-0.0011]
HID seg1s16 pos=31 sha=fd383ce91d112e7f first8=[0.0159,-0.0031,0.1190,-0.0132,-0.0065,0.0330,0.0016,-0.0179]
HID seg2s16 pos=31 sha=1d2fd439b7678511 first8=[0.0938,-0.0941,0.0510,-0.0030,0.0981,0.2822,0.0261,-0.3345]
HID seg0s16 pos=47 sha=1f1d702c437762d8 first8=[-0.0379,0.0346,-0.0512,-0.0262,0.0123,-0.0305,0.0116,0.0167]
HID seg1s16 pos=47 sha=567c91b8f3b1dbf5 first8=[-0.0365,0.0376,-0.0301,-0.0179,0.0074,-0.0263,0.0104,0.0161]
HID seg2s16 pos=47 sha=bad86ce3bb41e50f first8=[-0.0746,0.0090,0.0473,0.0476,0.0239,0.0840,-0.0325,-0.0804]
HID seg0s16 pos=63 sha=3dc9ac12082e87c0 first8=[0.0040,-0.0048,0.0366,-0.0004,-0.0039,0.0013,0.0043,-0.0040]
HID seg1s16 pos=63 sha=35eafba436bc32eb first8=[-0.0099,-0.0081,0.1155,-0.0029,0.0112,0.0175,0.0121,-0.0083]
HID seg2s16 pos=63 sha=2a56dac14f42ded0 first8=[-0.0311,0.0732,-0.0322,0.1621,-0.0500,-0.1840,-0.0345,0.1321]
HID seg0s16 pos=79 sha=2f8cb6a765076b73 first8=[0.0051,-0.0069,0.0400,-0.0063,-0.0006,-0.0012,-0.0001,-0.0019]
HID seg1s16 pos=79 sha=dbb4809883fe4311 first8=[-0.0118,-0.0150,0.0946,-0.0234,0.0093,-0.0064,0.0081,0.0044]
HID seg2s16 pos=79 sha=f16d2db3ee142339 first8=[0.2148,0.0059,-0.0480,-0.1587,-0.1548,0.0953,0.0084,0.0236]
HID seg0s16 pos=95 sha=59142098efb088be first8=[0.0067,0.0001,0.0338,-0.0049,-0.0063,-0.0043,0.0013,-0.0007]
HID seg1s16 pos=95 sha=11c28a274dee2e17 first8=[-0.0043,0.0058,0.1068,0.0056,0.0083,0.0056,0.0037,-0.0062]
HID seg2s16 pos=95 sha=5fe71b236637e4f2 first8=[-0.0557,0.0139,0.0353,0.2069,-0.1923,-0.0142,0.0204,-0.0322]
HID seg0s16 pos=111 sha=ecfd463a6aef61dd first8=[-0.0046,-0.0054,0.0348,-0.0067,-0.0041,-0.0054,-0.0021,-0.0018]
HID seg1s16 pos=111 sha=85e5d723ac95c260 first8=[-0.0009,-0.0114,0.0852,0.0079,-0.0065,-0.0010,0.0001,-0.0062]
HID seg2s16 pos=111 sha=47b174a29fcceb1e first8=[0.0306,-0.2196,0.1415,0.0213,-0.0276,0.2271,0.1941,-0.4097]
HID seg0s16 pos=127 sha=d1af44804f519ba5 first8=[-0.0018,-0.0036,0.0368,-0.0046,-0.0056,0.0023,-0.0046,0.0004]
HID seg1s16 pos=127 sha=df85d945283664bc first8=[-0.0090,-0.0082,0.0839,0.0261,0.0029,0.0255,-0.0099,-0.0115]
HID seg2s16 pos=127 sha=7e512d301e72e153 first8=[0.1415,0.2047,-0.1444,-0.0930,0.0477,0.1782,-0.2493,0.0002]
HID seg0s16 pos=143 sha=526a154ca63d6e44 first8=[-0.0078,-0.0073,0.0286,-0.0070,-0.0021,-0.0005,-0.0024,-0.0081]
HID seg1s16 pos=143 sha=d685b99809435975 first8=[0.0074,0.0038,0.0709,0.0032,0.0024,-0.0081,0.0072,-0.0050]
HID seg2s16 pos=143 sha=c09063fe7bfe3fd9 first8=[0.0380,-0.0590,0.2036,-0.0262,0.0129,0.2021,0.2186,-0.2959]
HID seg0s16 pos=159 sha=030b1cc1e1ce9183 first8=[-0.0013,-0.0028,0.0319,-0.0034,-0.0006,0.0071,-0.0041,-0.0035]
HID seg1s16 pos=159 sha=6a7c8e0c0fd86072 first8=[-0.0059,-0.0001,0.1033,0.0044,0.0086,0.0147,-0.0046,-0.0177]
HID seg2s16 pos=159 sha=148647e9693e6c34 first8=[0.1146,0.2170,-0.1091,-0.2073,0.0206,0.1829,-0.2411,-0.0150]
HID seg0s16 pos=175 sha=9c710f6f0990f4c4 first8=[-0.0023,-0.0030,0.0344,-0.0026,-0.0012,-0.0019,0.0011,-0.0093]
HID seg1s16 pos=175 sha=d3d0845b24655632 first8=[-0.0046,0.0089,0.1299,-0.0105,0.0123,0.0096,0.0102,-0.0178]
HID seg2s16 pos=175 sha=1c41bd2a14df6966 first8=[0.0421,0.0119,0.1731,-0.0414,-0.0855,0.0631,-0.0405,-0.0089]
HID seg0s16 pos=191 sha=8ab0cb328dafe61e first8=[-0.0007,0.0017,0.0260,0.0051,0.0055,0.0049,0.0016,-0.0031]
HID seg1s16 pos=191 sha=7d76aa395050dd83 first8=[0.0136,-0.0013,0.0646,0.0095,0.0038,-0.0035,0.0205,-0.0322]
HID seg2s16 pos=191 sha=bf3b7a628477ab4b first8=[-0.0001,0.0893,0.0938,-0.0280,-0.1731,-0.0012,0.2029,-0.2389]
HID seg0s16 pos=207 sha=61de8692f9fbf0f0 first8=[-0.0009,0.0043,0.0286,-0.0025,-0.0136,0.0030,-0.0057,-0.0004]
HID seg1s16 pos=207 sha=e4f2070204d3b942 first8=[0.0020,0.0057,0.0670,-0.0003,0.0016,0.0272,-0.0059,0.0130]
HID seg2s16 pos=207 sha=aa6717b330305e24 first8=[-0.2064,0.2485,0.1722,-0.0266,0.1086,0.0012,0.0740,-0.2317]
HID seg0s16 pos=223 sha=f9c1c2b1437e3296 first8=[0.0033,0.0087,0.0285,-0.0008,-0.0027,0.0037,0.0004,-0.0034]
HID seg1s16 pos=223 sha=8654afc03b0d3870 first8=[-0.0027,0.0062,0.0564,0.0183,0.0128,-0.0022,-0.0109,0.0063]
HID seg2s16 pos=223 sha=d43ade4ba8cdf927 first8=[-0.0450,0.0155,0.1488,0.1857,0.0152,0.0928,0.1243,-0.2256]
HID seg0s16 pos=239 sha=71ee119f363eb8a3 first8=[-0.0001,-0.0054,0.0192,0.0004,0.0018,0.0166,-0.0078,-0.0041]
HID seg1s16 pos=239 sha=f6aab6f6e7779918 first8=[0.0022,-0.0031,0.0469,-0.0307,0.0095,0.0565,0.0023,-0.0068]
HID seg2s16 pos=239 sha=86fd73f9e50bf79c first8=[0.0939,0.0992,-0.0888,-0.1489,0.0068,0.1602,-0.0983,-0.2695]
PROBE_JSON {"probs":{"11683":0.58609403341519151,"2752":0.0018221966853935764,"4547":0.014221149291304249,"18171":0.07509791108593078,"12447":0.19327329881560934,"2243":0.084434851031321922,"794":0.0054827414654317584,"17550":0.039573818209816751},"abs":{"794":0.00058871030165051999,"12447":0.02075275348365679,"4547":0.0015269983350275497,"11683":0.062931946979968706,"2752":0.00019565868044083541,"2243":0.0090662065563129456,"17550":0.0042492454919957484,"18171":0.0080636510343353746},"offset":15}
SCORE_END {"ms":281250.31699999998,"row":8,"rss_bytes":1363953488}
SCORE_BEGIN {"requestId":"sdr-axis-fcn-pos-02","promptTokens":240,"candidateViewDigest":"sha256:aa1b06c559e561f1bca6d8295f07be4b4ac0f5948648462228d7ce21ea83fb07","probes":[{"offset":239,"axis":"full_content_needed"}],"row":9,"candidateId":"cand-axis-fcn-pos-02","promptDigest":"sha256:c0458033becaab678704bfd00368857f055d397b9e29291b456facc64fb5912f","axis":"full_content_needed"}
HID seg0s16 pos=15 sha=59f461a999a4258c first8=[0.0098,-0.0032,0.0256,0.0036,-0.0022,-0.0134,-0.0041,0.0002]
HID seg1s16 pos=15 sha=29cf609e7a61b616 first8=[-0.0048,0.0243,0.1030,-0.0046,0.0089,-0.0216,-0.0006,0.0045]
HID seg2s16 pos=15 sha=c55391d799d5991e first8=[-0.2335,0.1001,0.2517,-0.0731,-0.0729,0.0867,-0.0262,-0.1109]
HID seg0s16 pos=31 sha=78405c60f82b5191 first8=[0.0074,-0.0047,0.0425,-0.0037,-0.0118,-0.0018,-0.0000,-0.0011]
HID seg1s16 pos=31 sha=fd383ce91d112e7f first8=[0.0159,-0.0031,0.1190,-0.0132,-0.0065,0.0330,0.0016,-0.0179]
HID seg2s16 pos=31 sha=1d2fd439b7678511 first8=[0.0938,-0.0941,0.0510,-0.0030,0.0981,0.2822,0.0261,-0.3345]
HID seg0s16 pos=47 sha=1f1d702c437762d8 first8=[-0.0379,0.0346,-0.0512,-0.0262,0.0123,-0.0305,0.0116,0.0167]
HID seg1s16 pos=47 sha=567c91b8f3b1dbf5 first8=[-0.0365,0.0376,-0.0301,-0.0179,0.0074,-0.0263,0.0104,0.0161]
HID seg2s16 pos=47 sha=bad86ce3bb41e50f first8=[-0.0746,0.0090,0.0473,0.0476,0.0239,0.0840,-0.0325,-0.0804]
HID seg0s16 pos=63 sha=3dc9ac12082e87c0 first8=[0.0040,-0.0048,0.0366,-0.0004,-0.0039,0.0013,0.0043,-0.0040]
HID seg1s16 pos=63 sha=35eafba436bc32eb first8=[-0.0099,-0.0081,0.1155,-0.0029,0.0112,0.0175,0.0121,-0.0083]
HID seg2s16 pos=63 sha=2a56dac14f42ded0 first8=[-0.0311,0.0732,-0.0322,0.1621,-0.0500,-0.1840,-0.0345,0.1321]
HID seg0s16 pos=79 sha=2f8cb6a765076b73 first8=[0.0051,-0.0069,0.0400,-0.0063,-0.0006,-0.0012,-0.0001,-0.0019]
HID seg1s16 pos=79 sha=dbb4809883fe4311 first8=[-0.0118,-0.0150,0.0946,-0.0234,0.0093,-0.0064,0.0081,0.0044]
HID seg2s16 pos=79 sha=f16d2db3ee142339 first8=[0.2148,0.0059,-0.0480,-0.1587,-0.1548,0.0953,0.0084,0.0236]
HID seg0s16 pos=95 sha=183b71fdfd799759 first8=[0.0054,0.0007,0.0335,-0.0048,-0.0058,-0.0040,-0.0007,0.0001]
HID seg1s16 pos=95 sha=e6a42625044e9197 first8=[-0.0029,0.0048,0.0999,0.0110,0.0042,0.0010,0.0033,0.0002]
HID seg2s16 pos=95 sha=59e79c0540f47a5c first8=[-0.0563,-0.0259,0.0419,0.2189,-0.1820,-0.0251,0.0526,-0.0182]
HID seg0s16 pos=111 sha=f382800451c5f24a first8=[-0.0050,-0.0051,0.0344,-0.0066,-0.0033,-0.0055,-0.0006,-0.0022]
HID seg1s16 pos=111 sha=a64227935125f041 first8=[-0.0029,-0.0096,0.0833,0.0023,-0.0035,-0.0020,-0.0045,-0.0043]
HID seg2s16 pos=111 sha=8bb5c049e70c58a3 first8=[0.0646,-0.2277,0.1249,0.0237,-0.0168,0.2075,0.2035,-0.4443]
HID seg0s16 pos=127 sha=c28cd2c7ec4caf5e first8=[-0.0003,-0.0070,0.0366,-0.0036,-0.0068,0.0042,-0.0058,-0.0010]
HID seg1s16 pos=127 sha=2b9e60940721625e first8=[-0.0118,-0.0105,0.0923,0.0134,0.0001,0.0189,-0.0061,-0.0076]
HID seg2s16 pos=127 sha=8caa40ccaf596399 first8=[0.1598,0.1779,-0.1948,-0.1486,0.0694,0.1054,-0.2537,-0.0082]
HID seg0s16 pos=143 sha=ab3438a14dcf5dd0 first8=[-0.0086,-0.0059,0.0301,-0.0069,-0.0014,0.0010,-0.0037,-0.0074]
HID seg1s16 pos=143 sha=d893f298818a6737 first8=[0.0062,0.0058,0.0708,0.0048,-0.0009,-0.0067,0.0056,-0.0127]
HID seg2s16 pos=143 sha=cddc6054cac3b9b1 first8=[0.0409,-0.1121,0.1655,-0.0189,0.0100,0.1866,0.1968,-0.3599]
HID seg0s16 pos=159 sha=71097ae257422c84 first8=[0.0004,-0.0030,0.0303,-0.0037,-0.0033,0.0083,-0.0051,-0.0047]
HID seg1s16 pos=159 sha=0dca5ea8160df65d first8=[-0.0072,-0.0077,0.1062,0.0071,0.0062,0.0135,-0.0061,-0.0174]
HID seg2s16 pos=159 sha=e599e0791ef72200 first8=[0.1072,0.2438,-0.1169,-0.2006,-0.0090,0.1874,-0.2340,-0.0093]
HID seg0s16 pos=175 sha=1680068d7a31acee first8=[-0.0027,-0.0019,0.0344,-0.0010,-0.0025,-0.0021,0.0009,-0.0099]
HID seg1s16 pos=175 sha=ff6b8ed5a5b2dfa7 first8=[-0.0076,0.0065,0.1288,0.0011,0.0067,0.0085,0.0078,-0.0236]
HID seg2s16 pos=175 sha=f980d9081ceae058 first8=[0.0430,0.0040,0.1963,-0.0867,-0.0711,0.0500,-0.0977,-0.0296]
HID seg0s16 pos=191 sha=6dca4aabb7f3be39 first8=[-0.0005,0.0030,0.0266,0.0056,0.0043,0.0066,0.0010,-0.0025]
HID seg1s16 pos=191 sha=fdf58dc539886608 first8=[0.0124,-0.0076,0.0662,0.0081,0.0010,0.0006,0.0187,-0.0216]
HID seg2s16 pos=191 sha=cab80f72a76ba7c9 first8=[-0.0188,0.0974,0.0960,-0.0384,-0.1611,0.0229,0.1959,-0.2495]
HID seg0s16 pos=207 sha=04c65567d16c3a36 first8=[-0.0009,0.0041,0.0292,-0.0027,-0.0147,0.0030,-0.0054,-0.0012]
HID seg1s16 pos=207 sha=fbd9b2dde53ca69c first8=[0.0015,0.0078,0.0679,0.0012,0.0015,0.0279,-0.0028,0.0166]
HID seg2s16 pos=207 sha=7186d378c878d02e first8=[-0.2262,0.2661,0.1626,-0.0177,0.0746,-0.0251,0.0939,-0.2256]
HID seg0s16 pos=223 sha=f351d304ea8c1506 first8=[0.0029,0.0085,0.0290,-0.0027,-0.0024,0.0036,0.0010,-0.0039]
HID seg1s16 pos=223 sha=af404a2fcd96f4a5 first8=[0.0020,0.0092,0.0616,0.0155,0.0130,-0.0051,-0.0118,0.0045]
HID seg2s16 pos=223 sha=35422db31676e81c first8=[-0.0442,0.0111,0.1609,0.1974,0.0233,0.1005,0.1412,-0.2529]
HID seg0s16 pos=239 sha=42695231c02939de first8=[0.0005,-0.0056,0.0186,-0.0015,-0.0004,0.0147,-0.0063,-0.0046]
HID seg1s16 pos=239 sha=1aeff9e29056afa2 first8=[-0.0039,-0.0013,0.0446,-0.0248,0.0110,0.0467,-0.0021,-0.0015]
HID seg2s16 pos=239 sha=3b6883b3ac33d94a first8=[0.0639,0.1205,-0.0750,-0.1471,-0.0127,0.1554,-0.1216,-0.1907]
PROBE_JSON {"abs":{"794":0.00047530297287255707,"12447":0.045544831991645982,"4547":0.0033774961783432193,"11683":0.087789961408302392,"2752":0.00018040465991857107,"2243":0.013675038441011447,"17550":0.0039179641105972747,"18171":0.0056562416903010778},"probs":{"11683":0.54657868989734615,"2752":0.0011231961045188891,"4547":0.02102822927220863,"18171":0.03521565704362116,"12447":0.28356128881079973,"2243":0.08514053857047274,"794":0.0029592275933319574,"17550":0.024393172707700472},"offset":15}
SCORE_END {"row":9,"ms":271134.17454099999,"rss_bytes":1516914632}
SCORE_BEGIN {"requestId":"sdr-axis-fcn-neg-01","promptTokens":240,"candidateViewDigest":"sha256:3281d7e0f812bc1ed49417c9b8eaed5018cf986e0a5fc3dbee96489e420139a7","probes":[{"offset":239,"axis":"full_content_needed"}],"row":10,"candidateId":"cand-axis-fcn-neg-01","promptDigest":"sha256:6a3f3392788fb2ddd45795f11b4763fb68c3bd4585facdb09ae37b1d4e26cbb4","axis":"full_content_needed"}
HID seg0s16 pos=15 sha=25244ab624c23558 first8=[0.0040,-0.0081,0.0452,-0.0041,-0.0080,0.0121,0.0030,0.0006]
HID seg1s16 pos=15 sha=61564faa09831d05 first8=[0.0014,-0.0001,0.1376,0.0097,0.0010,0.0282,-0.0025,0.0050]
HID seg2s16 pos=15 sha=a655de1e5f04629f first8=[-0.1090,0.0768,0.0153,-0.0225,0.1281,0.1117,-0.2261,-0.1624]
HID seg0s16 pos=31 sha=3a1b5b393d431e1d first8=[-0.0010,-0.0101,0.0420,0.0070,0.0063,0.0020,-0.0081,-0.0088]
HID seg1s16 pos=31 sha=af2b63601cb330f9 first8=[-0.0103,0.0069,0.1290,0.0110,0.0042,0.0192,0.0078,-0.0040]
HID seg2s16 pos=31 sha=8aebf377992710b2 first8=[-0.0407,0.0859,0.1912,-0.0333,0.1450,0.1160,0.0476,-0.2661]
HID seg0s16 pos=47 sha=e5690207b866464f first8=[0.0057,-0.0032,0.0345,0.0011,-0.0077,-0.0026,-0.0007,-0.0063]
HID seg1s16 pos=47 sha=009a69b4061f44b1 first8=[-0.0196,-0.0019,0.1188,0.0093,0.0217,0.0197,-0.0076,-0.0045]
HID seg2s16 pos=47 sha=0c25b4668e48f813 first8=[-0.1938,0.0738,0.0069,0.1236,0.0229,0.0630,-0.0895,-0.0494]
HID seg0s16 pos=63 sha=fe591ff09b02b58a first8=[0.0018,0.0001,0.0366,0.0042,-0.0073,-0.0029,-0.0077,0.0006]
HID seg1s16 pos=63 sha=5b91eff26b350edc first8=[0.0103,-0.0023,0.0970,-0.0132,0.0094,0.0120,-0.0126,-0.0056]
HID seg2s16 pos=63 sha=ed3b33ec961196e6 first8=[-0.0063,0.0809,-0.0017,0.1130,-0.0014,0.0593,-0.0033,-0.1633]
HID seg0s16 pos=79 sha=923734512a10ffb9 first8=[0.0043,-0.0070,0.0257,0.0006,0.0040,0.0014,0.0018,-0.0010]
HID seg1s16 pos=79 sha=9d9037dc46ff9c51 first8=[-0.0071,0.0008,0.0905,0.0158,-0.0069,0.0334,0.0035,-0.0061]
HID seg2s16 pos=79 sha=8fc829999a59d5d9 first8=[-0.0337,0.1076,0.0873,-0.0054,-0.1594,0.2469,-0.0065,-0.4856]
HID seg0s16 pos=95 sha=22a2006c300d8038 first8=[0.0019,-0.0025,0.0372,-0.0051,-0.0027,0.0000,0.0007,0.0042]
HID seg1s16 pos=95 sha=21bda542a93b9bfb first8=[-0.0079,-0.0098,0.0982,-0.0054,-0.0058,0.0102,-0.0077,0.0349]
HID seg2s16 pos=95 sha=45f8fa1a79dd487c first8=[0.2242,0.1951,0.0433,0.0354,-0.0652,0.0634,0.0849,-0.0208]
HID seg0s16 pos=111 sha=03b7b2f0b6f8e287 first8=[0.0005,-0.0075,0.0351,-0.0033,-0.0039,-0.0058,-0.0008,-0.0001]
HID seg1s16 pos=111 sha=8c36441d39b96a37 first8=[0.0068,-0.0108,0.0925,-0.0120,-0.0032,0.0183,-0.0002,-0.0052]
HID seg2s16 pos=111 sha=154807cb35d7ee0c first8=[0.1428,-0.0170,0.1074,0.0744,-0.0254,0.1340,0.1608,-0.3330]
HID seg0s16 pos=127 sha=902bec04be0ff795 first8=[0.0025,-0.0069,0.0388,-0.0026,-0.0069,0.0056,-0.0064,-0.0030]
HID seg1s16 pos=127 sha=beed9356b62482f2 first8=[-0.0218,-0.0136,0.0848,0.0173,-0.0019,0.0318,-0.0064,-0.0081]
HID seg2s16 pos=127 sha=5a94659f74da49e3 first8=[0.2019,0.2654,-0.1242,-0.0997,0.0660,0.2006,-0.1876,-0.0604]
HID seg0s16 pos=143 sha=f94ceaa5eff5463b first8=[-0.0081,-0.0072,0.0315,-0.0069,-0.0009,-0.0021,-0.0038,-0.0065]
HID seg1s16 pos=143 sha=765977c50b31c5a2 first8=[-0.0003,-0.0025,0.0745,0.0023,-0.0035,-0.0005,0.0053,-0.0097]
HID seg2s16 pos=143 sha=fbb2a5851309c3a5 first8=[0.0642,-0.1228,0.1438,-0.0086,0.0268,0.1821,0.2117,-0.3726]
HID seg0s16 pos=159 sha=f8a37e19d0b8775f first8=[0.0007,-0.0027,0.0314,-0.0035,-0.0035,0.0052,-0.0055,-0.0013]
HID seg1s16 pos=159 sha=f5677f7e3d917262 first8=[-0.0132,-0.0134,0.1039,0.0167,0.0045,0.0169,-0.0022,-0.0086]
HID seg2s16 pos=159 sha=985ef43be5b70a03 first8=[0.1449,0.2081,-0.0974,-0.1715,0.0115,0.2146,-0.2423,-0.0405]
HID seg0s16 pos=175 sha=9e04a8001e856467 first8=[-0.0025,-0.0025,0.0359,-0.0002,-0.0022,-0.0006,0.0001,-0.0085]
HID seg1s16 pos=175 sha=7cda595fd80cbcfc first8=[-0.0034,0.0011,0.1251,-0.0020,0.0063,0.0056,0.0110,-0.0280]
HID seg2s16 pos=175 sha=e554b0a480852cf9 first8=[0.0118,0.0719,0.1487,-0.0083,-0.0724,0.0781,-0.0179,0.0743]
HID seg0s16 pos=191 sha=703c1b1140f503e5 first8=[-0.0007,0.0033,0.0273,0.0061,0.0050,0.0068,0.0006,-0.0021]
HID seg1s16 pos=191 sha=777d9eabbbd07139 first8=[0.0136,-0.0076,0.0659,0.0058,0.0005,-0.0019,0.0212,-0.0320]
HID seg2s16 pos=191 sha=b8e1e20ecfd4365f first8=[0.0169,0.1403,0.1013,-0.0624,-0.1243,0.0674,0.1500,-0.3103]
HID seg0s16 pos=207 sha=7c8084db4c6d09c5 first8=[0.0014,0.0062,0.0300,-0.0019,-0.0142,0.0051,-0.0050,-0.0016]
HID seg1s16 pos=207 sha=ab2e1d4dbae70bf2 first8=[-0.0015,-0.0028,0.0710,-0.0065,0.0035,0.0267,-0.0004,0.0167]
HID seg2s16 pos=207 sha=2de355935c7792fd first8=[-0.1936,0.2314,0.1677,-0.0039,0.0296,-0.0020,0.1354,-0.2042]
HID seg0s16 pos=223 sha=e5db76319d4a3849 first8=[0.0032,0.0105,0.0281,-0.0001,-0.0024,0.0054,-0.0003,-0.0029]
HID seg1s16 pos=223 sha=f7ab4b2eabac56b2 first8=[0.0007,0.0051,0.0616,0.0129,0.0153,0.0037,-0.0133,0.0055]
HID seg2s16 pos=223 sha=81868925e8e3ce5b first8=[-0.0510,0.0164,0.1882,0.1378,0.0516,0.0833,0.1355,-0.2756]
HID seg0s16 pos=239 sha=da65207f14da836f first8=[-0.0007,-0.0047,0.0226,-0.0012,0.0002,0.0152,-0.0064,-0.0049]
HID seg1s16 pos=239 sha=0025ccca8090f44e first8=[-0.0007,-0.0029,0.0461,-0.0322,0.0073,0.0475,0.0025,-0.0143]
HID seg2s16 pos=239 sha=33a0d29ee84e7438 first8=[0.1329,0.1566,-0.0979,-0.1154,0.0525,0.2085,-0.1362,-0.2991]
PROBE_JSON {"probs":{"11683":0.43390460173017287,"2752":0.0036670488050418453,"4547":0.02688516636476046,"18171":0.051822514529223353,"12447":0.35414261465309904,"2243":0.057812192610829878,"794":0.0031121838995522787,"17550":0.068653677407320285},"abs":{"794":0.00047767642829937308,"12447":0.054355907213718919,"4547":0.0041264946602932867,"11683":0.066598249675074925,"2752":0.00056284038222929834,"2243":0.00887335792800336,"17550":0.010537373263277895,"18171":0.0079540266400622926},"offset":15}
SCORE_END {"ms":269095.11404199997,"row":10,"rss_bytes":1667336232}
SCORE_BEGIN {"requestId":"sdr-axis-fcn-neg-02","promptTokens":240,"candidateViewDigest":"sha256:763d6ab05960d5876ec33b3b7f34114ae81ab026e04604d995bfeca656ac86cf","probes":[{"offset":239,"axis":"full_content_needed"}],"row":11,"candidateId":"cand-axis-fcn-neg-02","promptDigest":"sha256:22930e07f3a6eec6263784c32a46cdd78c23cdf4ba335102e3ffd7eb94f751bb","axis":"full_content_needed"}
HID seg0s16 pos=15 sha=25244ab624c23558 first8=[0.0040,-0.0081,0.0452,-0.0041,-0.0080,0.0121,0.0030,0.0006]
HID seg1s16 pos=15 sha=61564faa09831d05 first8=[0.0014,-0.0001,0.1376,0.0097,0.0010,0.0282,-0.0025,0.0050]
HID seg2s16 pos=15 sha=a655de1e5f04629f first8=[-0.1090,0.0768,0.0153,-0.0225,0.1281,0.1117,-0.2261,-0.1624]
HID seg0s16 pos=31 sha=3a1b5b393d431e1d first8=[-0.0010,-0.0101,0.0420,0.0070,0.0063,0.0020,-0.0081,-0.0088]
HID seg1s16 pos=31 sha=af2b63601cb330f9 first8=[-0.0103,0.0069,0.1290,0.0110,0.0042,0.0192,0.0078,-0.0040]
HID seg2s16 pos=31 sha=8aebf377992710b2 first8=[-0.0407,0.0859,0.1912,-0.0333,0.1450,0.1160,0.0476,-0.2661]
HID seg0s16 pos=47 sha=e5690207b866464f first8=[0.0057,-0.0032,0.0345,0.0011,-0.0077,-0.0026,-0.0007,-0.0063]
HID seg1s16 pos=47 sha=009a69b4061f44b1 first8=[-0.0196,-0.0019,0.1188,0.0093,0.0217,0.0197,-0.0076,-0.0045]
HID seg2s16 pos=47 sha=0c25b4668e48f813 first8=[-0.1938,0.0738,0.0069,0.1236,0.0229,0.0630,-0.0895,-0.0494]
HID seg0s16 pos=63 sha=fe591ff09b02b58a first8=[0.0018,0.0001,0.0366,0.0042,-0.0073,-0.0029,-0.0077,0.0006]
HID seg1s16 pos=63 sha=5b91eff26b350edc first8=[0.0103,-0.0023,0.0970,-0.0132,0.0094,0.0120,-0.0126,-0.0056]
HID seg2s16 pos=63 sha=ed3b33ec961196e6 first8=[-0.0063,0.0809,-0.0017,0.1130,-0.0014,0.0593,-0.0033,-0.1633]
HID seg0s16 pos=79 sha=923734512a10ffb9 first8=[0.0043,-0.0070,0.0257,0.0006,0.0040,0.0014,0.0018,-0.0010]
HID seg1s16 pos=79 sha=9d9037dc46ff9c51 first8=[-0.0071,0.0008,0.0905,0.0158,-0.0069,0.0334,0.0035,-0.0061]
HID seg2s16 pos=79 sha=8fc829999a59d5d9 first8=[-0.0337,0.1076,0.0873,-0.0054,-0.1594,0.2469,-0.0065,-0.4856]
HID seg0s16 pos=95 sha=83830109ff8d3419 first8=[0.0024,-0.0025,0.0365,-0.0067,-0.0017,-0.0040,0.0003,0.0073]
HID seg1s16 pos=95 sha=5ebad63052bdc784 first8=[-0.0067,-0.0122,0.0975,0.0064,-0.0068,0.0138,-0.0083,0.0328]
HID seg2s16 pos=95 sha=5e198891059389f7 first8=[0.2183,0.2356,0.0385,0.0663,-0.0659,0.0739,0.0845,-0.0398]
HID seg0s16 pos=111 sha=5ff1b0339e89291e first8=[-0.0005,-0.0068,0.0353,-0.0036,-0.0042,-0.0050,0.0005,-0.0003]
HID seg1s16 pos=111 sha=823bb5f88b54cad7 first8=[0.0090,-0.0030,0.0916,-0.0131,-0.0018,0.0187,-0.0005,-0.0058]
HID seg2s16 pos=111 sha=fce6b9974bb64456 first8=[0.1506,-0.0034,0.1197,0.0652,0.0024,0.1635,0.1240,-0.3726]
HID seg0s16 pos=127 sha=6fb3cb190f258844 first8=[0.0013,-0.0069,0.0371,-0.0030,-0.0080,0.0037,-0.0066,-0.0018]
HID seg1s16 pos=127 sha=fd16ef70354be5cc first8=[-0.0239,-0.0138,0.0792,0.0129,-0.0036,0.0256,-0.0096,-0.0033]
HID seg2s16 pos=127 sha=3b6f1188ba6918e3 first8=[0.2324,0.2239,-0.1027,-0.1109,0.0743,0.2112,-0.1967,0.0279]
HID seg0s16 pos=143 sha=013ccb4a73627b34 first8=[-0.0093,-0.0064,0.0305,-0.0059,-0.0002,-0.0002,-0.0044,-0.0073]
HID seg1s16 pos=143 sha=b13770a5fc735efe first8=[0.0031,-0.0056,0.0670,0.0014,-0.0040,0.0009,0.0007,-0.0123]
HID seg2s16 pos=143 sha=9c4a9663728bd52f first8=[0.0558,-0.0995,0.1455,-0.0315,0.0336,0.1827,0.2128,-0.3425]
HID seg0s16 pos=159 sha=8f77bcda4d02f420 first8=[0.0005,-0.0033,0.0317,-0.0038,-0.0026,0.0068,-0.0050,-0.0005]
HID seg1s16 pos=159 sha=bceae63571788730 first8=[-0.0157,-0.0085,0.1113,0.0095,0.0073,0.0096,-0.0042,-0.0134]
HID seg2s16 pos=159 sha=ee9dc44d8827d375 first8=[0.1207,0.2040,-0.0835,-0.1294,0.0132,0.2241,-0.2274,0.0146]
HID seg0s16 pos=175 sha=1ce9bd39b213cbcd first8=[-0.0022,-0.0031,0.0357,0.0003,-0.0042,-0.0027,0.0001,-0.0102]
HID seg1s16 pos=175 sha=3a52cce1d1e22564 first8=[-0.0009,0.0046,0.1273,0.0004,0.0092,0.0036,0.0070,-0.0341]
HID seg2s16 pos=175 sha=d0323da1ae0eb5ea first8=[0.0020,0.1043,0.1246,-0.0037,-0.0478,0.1248,-0.0194,0.0220]
HID seg0s16 pos=191 sha=ac8ccf2599ce1649 first8=[0.0005,0.0026,0.0266,0.0068,0.0042,0.0064,0.0005,-0.0012]
HID seg1s16 pos=191 sha=4b5733e34c87301e first8=[0.0086,-0.0091,0.0621,0.0031,-0.0037,-0.0062,0.0255,-0.0317]
HID seg2s16 pos=191 sha=2ba8d5ab903e10d3 first8=[0.0086,0.1334,0.0913,-0.0328,-0.1530,0.0562,0.1143,-0.3201]
HID seg0s16 pos=207 sha=8cb7db952cbf676a first8=[0.0006,0.0039,0.0319,-0.0026,-0.0136,0.0047,-0.0040,-0.0011]
HID seg1s16 pos=207 sha=2c36e31823e40213 first8=[0.0012,0.0029,0.0721,-0.0069,0.0010,0.0266,0.0004,0.0182]
HID seg2s16 pos=207 sha=772ab51c98c302be first8=[-0.1924,0.2205,0.1393,-0.0032,0.0025,-0.0211,0.1016,-0.2108]
HID seg0s16 pos=223 sha=8f9aaf8b784d4dcc first8=[0.0033,0.0097,0.0296,-0.0016,-0.0028,0.0043,-0.0007,-0.0030]
HID seg1s16 pos=223 sha=c12ca3d0a1e70151 first8=[0.0020,0.0052,0.0670,0.0127,0.0103,-0.0009,-0.0142,0.0053]
HID seg2s16 pos=223 sha=0d12e4b936272c8e first8=[-0.0504,0.0295,0.2042,0.1344,0.0525,0.1094,0.1041,-0.2435]
HID seg0s16 pos=239 sha=9a06de138c4652a5 first8=[-0.0013,-0.0057,0.0197,-0.0027,-0.0011,0.0165,-0.0073,-0.0063]
HID seg1s16 pos=239 sha=063ecd01dfe007ce first8=[0.0028,-0.0097,0.0457,-0.0352,0.0083,0.0461,-0.0022,-0.0153]
HID seg2s16 pos=239 sha=5da9fa57d05267d4 first8=[0.1203,0.1223,-0.0941,-0.1450,0.0300,0.1603,-0.1382,-0.2749]
PROBE_JSON {"abs":{"794":0.00044263404969887839,"12447":0.035996639135911578,"4547":0.0042657289329503982,"11683":0.058428312577413211,"2752":0.00035566645081645435,"2243":0.013242423489369222,"17550":0.0045764590996341141,"18171":0.0043329043890962945},"probs":{"11683":0.48033495248422059,"2752":0.0029239082940621273,"4547":0.03506825054385318,"18171":0.035620495134062659,"12447":0.29592577957871297,"2243":0.10886501041964035,"794":0.0036388626652243778,"17550":0.03762274088022368},"offset":15}
SCORE_END {"row":11,"ms":262258.80091599998,"rss_bytes":1819101344}
SCORE_BEGIN {"requestId":"sdr-axis-ue-pos-01","promptTokens":256,"candidateViewDigest":"sha256:b8edc7416ca491b72d42a75094d608b5dcc92896f781861f4bff97ea6496e353","probes":[{"offset":255,"axis":"unresolved_evidence"}],"row":12,"candidateId":"cand-axis-ue-pos-01","promptDigest":"sha256:0a21db2b87b7ff4c8d5f200a69f2b66388373621fcd57d24ad7fe772d11b0e8a","axis":"unresolved_evidence"}
HID seg0s16 pos=15 sha=590bc2b205447be4 first8=[0.0005,0.0016,0.0381,0.0026,-0.0030,-0.0083,0.0003,-0.0198]
HID seg1s16 pos=15 sha=3533eda2dabe789c first8=[0.0111,-0.0027,0.1111,-0.0025,-0.0006,-0.0199,0.0036,-0.0267]
HID seg2s16 pos=15 sha=62e9ac75887a3d32 first8=[0.1015,0.2690,0.0652,0.1260,-0.0957,0.1520,-0.0309,-0.0773]
HID seg0s16 pos=31 sha=ee192157832c01d5 first8=[0.0073,-0.0076,0.0283,0.0037,-0.0090,0.0045,-0.0042,-0.0076]
HID seg1s16 pos=31 sha=1a707b58436c4c89 first8=[0.0078,-0.0285,0.1219,0.0100,-0.0071,0.0153,-0.0031,-0.0297]
HID seg2s16 pos=31 sha=10f79ef8766bf727 first8=[-0.0861,0.0015,0.1526,0.0166,-0.0056,0.2238,-0.0778,-0.4399]
HID seg0s16 pos=47 sha=82b1f3de98b67050 first8=[0.0006,-0.0107,0.0312,0.0045,-0.0020,0.0036,0.0032,0.0007]
HID seg1s16 pos=47 sha=354d344b6f4837ea first8=[-0.0204,-0.0117,0.0989,0.0228,0.0101,0.0104,-0.0019,0.0040]
HID seg2s16 pos=47 sha=e9f35c460d0e86ba first8=[-0.2463,-0.0164,0.1091,0.1257,-0.0015,-0.1603,-0.2644,0.0103]
HID seg0s16 pos=63 sha=8d5ff1aafd97d798 first8=[0.0074,0.0052,0.0385,0.0096,-0.0036,0.0012,0.0070,0.0012]
HID seg1s16 pos=63 sha=befb1ce6119d6ba2 first8=[0.0051,-0.0067,0.1076,-0.0033,0.0094,0.0179,-0.0063,0.0023]
HID seg2s16 pos=63 sha=8ee660e57c23ef52 first8=[-0.0713,0.0984,0.1702,0.0920,-0.1382,-0.0257,0.0993,-0.3813]
HID seg0s16 pos=79 sha=cbeb08746f64068d first8=[0.0034,-0.0020,0.0373,-0.0035,-0.0031,0.0015,0.0024,0.0000]
HID seg1s16 pos=79 sha=b54728c060b3fe8e first8=[-0.0048,-0.0043,0.1048,0.0071,0.0084,0.0197,0.0026,-0.0069]
HID seg2s16 pos=79 sha=d035a842d4d98d56 first8=[0.0404,0.2032,-0.0521,-0.0228,-0.2886,0.0720,0.0911,-0.2510]
HID seg0s16 pos=95 sha=38537b4f84d5587c first8=[-0.0013,-0.0065,0.0361,0.0041,0.0055,0.0018,-0.0073,0.0053]
HID seg1s16 pos=95 sha=ec3828437e3fc3c5 first8=[0.0285,0.0012,0.1025,-0.0223,0.0107,0.0195,-0.0012,0.0097]
HID seg2s16 pos=95 sha=18b6a37d3e43a268 first8=[-0.0079,-0.0121,0.0488,0.1650,-0.0637,0.1443,0.0597,-0.1886]
HID seg0s16 pos=111 sha=e0e4e56d0c2ef277 first8=[-0.0017,-0.0089,0.0452,-0.0052,-0.0003,-0.0030,0.0011,0.0078]
HID seg1s16 pos=111 sha=01f29d99619dc989 first8=[-0.0063,-0.0165,0.0876,-0.0232,0.0025,0.0032,-0.0064,0.0296]
HID seg2s16 pos=111 sha=75111ccb150f6ea3 first8=[0.2028,0.3049,0.1891,0.3206,-0.2617,0.2440,0.0179,-0.4014]
HID seg0s16 pos=127 sha=801464f198631cde first8=[0.0046,-0.0038,0.0410,-0.0038,-0.0043,0.0024,-0.0080,-0.0101]
HID seg1s16 pos=127 sha=45755051e5f86f1e first8=[-0.0173,-0.0209,0.0951,0.0098,-0.0015,0.0224,-0.0231,0.0031]
HID seg2s16 pos=127 sha=65efe37df7080d9c first8=[0.1410,0.1454,-0.0639,0.1455,-0.0104,0.2651,-0.1593,0.0123]
HID seg0s16 pos=143 sha=cd5967ffb787a89f first8=[-0.0040,-0.0024,0.0352,0.0005,-0.0019,-0.0049,0.0023,-0.0012]
HID seg1s16 pos=143 sha=4515d16366558261 first8=[-0.0138,-0.0131,0.0710,-0.0156,-0.0076,-0.0190,0.0022,0.0066]
HID seg2s16 pos=143 sha=b8ccc339bb33da2a first8=[0.0621,0.1475,0.1993,0.1528,-0.0723,-0.0010,0.0899,-0.2788]
HID seg0s16 pos=159 sha=f62fc7fe87f7a6b9 first8=[0.0041,-0.0018,0.0354,-0.0076,-0.0004,0.0031,-0.0050,-0.0127]
HID seg1s16 pos=159 sha=433d4215679bc6a9 first8=[-0.0219,-0.0163,0.1025,0.0124,-0.0009,0.0089,-0.0124,0.0018]
HID seg2s16 pos=159 sha=46777dfe8c09e153 first8=[0.1185,0.1071,0.0059,0.1786,0.0601,0.2295,-0.1765,0.0110]
HID seg0s16 pos=175 sha=91fb8bbd6209a10e first8=[-0.0020,-0.0036,0.0251,-0.0013,-0.0053,0.0035,-0.0024,-0.0192]
HID seg1s16 pos=175 sha=aaa72cdcdfb1c671 first8=[0.0005,0.0104,0.0950,0.0121,-0.0023,-0.0091,-0.0051,-0.0428]
HID seg2s16 pos=175 sha=cd8542db1f366b18 first8=[-0.0779,-0.0229,0.0242,0.0278,-0.1663,-0.0031,-0.0132,-0.1412]
HID seg0s16 pos=191 sha=9415160979640704 first8=[-0.0011,-0.0027,0.0260,-0.0037,0.0001,0.0038,-0.0029,-0.0007]
HID seg1s16 pos=191 sha=256c1796aaffdaf9 first8=[-0.0202,0.0086,0.0977,0.0014,0.0109,-0.0174,0.0117,-0.0105]
HID seg2s16 pos=191 sha=3ce606c37e1aa39c first8=[0.0076,0.0203,0.0668,-0.0358,0.0415,-0.0397,0.1404,-0.1174]
HID seg0s16 pos=207 sha=fac48c7372e543f0 first8=[0.0007,-0.0010,0.0331,0.0068,-0.0020,0.0057,0.0064,0.0021]
HID seg1s16 pos=207 sha=6a68139373636852 first8=[0.0021,-0.0161,0.0891,0.0020,0.0083,0.0380,-0.0030,0.0092]
HID seg2s16 pos=207 sha=b99abbb37ff7a89c first8=[0.1730,-0.0178,-0.0823,0.0327,0.0427,0.1287,0.0051,-0.2422]
HID seg0s16 pos=223 sha=b7bc71473974e2ad first8=[-0.0042,-0.0070,0.0259,-0.0034,0.0075,-0.0022,-0.0001,-0.0042]
HID seg1s16 pos=223 sha=3c66710ce5f5de23 first8=[0.0171,-0.0100,0.0625,0.0178,-0.0078,0.0075,0.0405,0.0224]
HID seg2s16 pos=223 sha=bc163f34c02ea27c first8=[-0.0431,0.3413,0.1637,0.0469,-0.0464,-0.0060,0.0884,0.0913]
HID seg0s16 pos=239 sha=f9f43de0ebcbc1b3 first8=[0.0054,0.0042,0.0232,0.0029,-0.0052,0.0105,-0.0019,-0.0094]
HID seg1s16 pos=239 sha=1f6adf09a1e77e12 first8=[0.0048,-0.0019,0.0568,0.0195,0.0200,0.0058,-0.0136,-0.0082]
HID seg2s16 pos=239 sha=c3c28e4c1158e917 first8=[-0.1033,0.0356,0.1455,0.1575,0.1317,0.2708,0.0269,-0.3315]
HID seg0s16 pos=255 sha=35684cc05fc630b0 first8=[0.0023,-0.0051,0.0191,-0.0019,-0.0005,0.0250,-0.0102,-0.0063]
HID seg1s16 pos=255 sha=16ae30c30c79a2a1 first8=[0.0020,0.0028,0.0380,-0.0284,-0.0023,0.0611,-0.0062,-0.0134]
HID seg2s16 pos=255 sha=1917e95b52a05508 first8=[0.1622,0.1995,-0.0788,-0.1417,0.1069,0.3083,-0.0380,-0.2159]
PROBE_JSON {"probs":{"11683":0.51578739289431164,"2752":0.0041594470771787765,"4547":0.035652513571868383,"18171":0.025679542193311398,"12447":0.17276713568941884,"2243":0.21167871953735803,"794":0.0051765155247379003,"17550":0.029098733511815106},"abs":{"794":0.00079760474432708688,"12447":0.026620201645518905,"4547":0.0054933891024209541,"11683":0.079473242120225662,"2752":0.00064089341694830609,"2243":0.032615752849428213,"17550":0.0044835735142721243,"18171":0.0039567397388554793},"offset":15}
SCORE_END {"ms":281673.24245800002,"row":12,"rss_bytes":1981057280}
SCORE_BEGIN {"requestId":"sdr-axis-ue-pos-02","promptTokens":240,"candidateViewDigest":"sha256:e70c4e3ae1654acd740680cc3c5584af209341882ca8f3deab0f4b895b70d78c","probes":[{"offset":239,"axis":"unresolved_evidence"}],"row":13,"candidateId":"cand-axis-ue-pos-02","promptDigest":"sha256:d768c856960ceffd1c196a66356c5474f19a212f5da63f2a1fd6ceeb5409b74c","axis":"unresolved_evidence"}
HID seg0s16 pos=15 sha=db54dc01abde14b7 first8=[0.0064,-0.0064,0.0391,0.0014,0.0035,0.0008,-0.0056,-0.0010]
HID seg1s16 pos=15 sha=250257bdf27a82e6 first8=[-0.0009,0.0109,0.1449,-0.0185,0.0072,0.0100,-0.0254,-0.0044]
HID seg2s16 pos=15 sha=69e17192bf3df7cd first8=[-0.0997,-0.0312,0.1947,-0.0671,0.0181,0.0031,0.0537,0.0366]
HID seg0s16 pos=31 sha=56fccca21bc8fc5e first8=[0.0010,-0.0079,0.0352,-0.0045,-0.0052,0.0022,-0.0117,-0.0169]
HID seg1s16 pos=31 sha=e04b56f124ccf7b8 first8=[0.0067,-0.0023,0.1096,0.0141,0.0014,0.0027,-0.0149,-0.0178]
HID seg2s16 pos=31 sha=cee079e29fdfd603 first8=[0.2025,0.1046,0.1648,0.0991,-0.0863,0.0752,0.1042,-0.2134]
HID seg0s16 pos=47 sha=604a38db6b73d6a0 first8=[0.0009,-0.0051,0.0385,0.0017,-0.0052,0.0131,-0.0021,-0.0104]
HID seg1s16 pos=47 sha=f5389c22c231910d first8=[-0.0096,-0.0057,0.1403,0.0087,-0.0122,0.0431,-0.0044,-0.0170]
HID seg2s16 pos=47 sha=e97af6f80711c8ef first8=[-0.2111,0.2585,0.1732,0.0927,-0.0144,0.1437,0.0647,-0.2017]
HID seg0s16 pos=63 sha=84a9e326695d58d6 first8=[0.0013,-0.0020,0.0310,0.0021,-0.0043,0.0195,0.0003,-0.0053]
HID seg1s16 pos=63 sha=2e76aab77c8fb3a7 first8=[0.0255,0.0056,0.0798,0.0286,0.0122,0.0586,0.0092,-0.0062]
HID seg2s16 pos=63 sha=4f5a072067f0f96f first8=[-0.1522,0.1931,0.1340,-0.0984,-0.1794,0.0226,-0.0558,-0.4324]
HID seg0s16 pos=79 sha=b264e89350846b38 first8=[0.0049,-0.0017,0.0358,0.0020,0.0007,0.0006,-0.0014,-0.0042]
HID seg1s16 pos=79 sha=5390f6192ac239fa first8=[0.0004,-0.0032,0.0912,0.0061,0.0070,0.0007,0.0071,-0.0227]
HID seg2s16 pos=79 sha=89a0207ce0874586 first8=[0.0117,0.0763,0.1598,0.0010,-0.2064,0.0016,0.1196,-0.3364]
HID seg0s16 pos=95 sha=e57167f646a7b6ee first8=[0.0019,-0.0158,0.0298,-0.0059,0.0013,-0.0012,0.0035,-0.0008]
HID seg1s16 pos=95 sha=db906a4ad545a993 first8=[-0.0008,-0.0067,0.0851,-0.0034,0.0018,0.0223,0.0043,-0.0182]
HID seg2s16 pos=95 sha=d0076256845d2f80 first8=[0.1621,0.1304,0.0812,0.1229,-0.2377,0.0320,0.0419,-0.4414]
HID seg0s16 pos=111 sha=23cb7dc8b1a69917 first8=[0.0031,-0.0036,0.0401,-0.0034,-0.0043,0.0023,-0.0039,-0.0076]
HID seg1s16 pos=111 sha=c9a3c267f2dcf72a first8=[-0.0238,-0.0230,0.0961,0.0060,-0.0062,0.0180,-0.0121,-0.0126]
HID seg2s16 pos=111 sha=b89598b37214b50e first8=[0.0532,-0.0901,-0.0969,0.1587,-0.0690,0.2900,-0.1150,0.1061]
HID seg0s16 pos=127 sha=c86279e4764d4313 first8=[-0.0063,-0.0020,0.0388,0.0005,-0.0051,-0.0057,0.0005,0.0033]
HID seg1s16 pos=127 sha=c26e48444c5f809c first8=[-0.0135,-0.0153,0.0516,-0.0114,-0.0030,-0.0219,-0.0023,0.0101]
HID seg2s16 pos=127 sha=3aa1fdf63c551087 first8=[0.1216,0.1276,0.1710,0.1838,-0.0727,0.1031,-0.0029,-0.2727]
HID seg0s16 pos=143 sha=e8d0fe2aab88c9e3 first8=[0.0034,-0.0031,0.0364,-0.0069,-0.0043,0.0029,-0.0052,-0.0092]
HID seg1s16 pos=143 sha=598c6b25a9f90135 first8=[-0.0143,-0.0101,0.0837,0.0168,0.0077,0.0145,-0.0091,0.0008]
HID seg2s16 pos=143 sha=feb4e513e56ecae5 first8=[0.0925,0.0014,-0.0060,0.2416,-0.0091,0.2605,-0.1287,0.0644]
HID seg0s16 pos=159 sha=4837ae19c5f17d41 first8=[-0.0013,-0.0058,0.0249,0.0006,-0.0048,0.0012,-0.0006,-0.0152]
HID seg1s16 pos=159 sha=b53c2456e496a082 first8=[0.0084,0.0055,0.0896,0.0070,-0.0014,-0.0039,0.0030,-0.0385]
HID seg2s16 pos=159 sha=b442b758e51ce487 first8=[-0.0303,-0.0979,0.0590,0.0103,-0.1469,-0.0470,0.0139,-0.1167]
HID seg0s16 pos=175 sha=ec3bdfab6300dc96 first8=[-0.0034,-0.0020,0.0276,-0.0023,0.0011,-0.0013,-0.0024,-0.0000]
HID seg1s16 pos=175 sha=2fe04c6dfa0d43c9 first8=[-0.0135,0.0148,0.1074,0.0106,0.0137,-0.0036,0.0084,-0.0078]
HID seg2s16 pos=175 sha=6883922204c442c9 first8=[0.0640,0.0334,0.0201,-0.1293,-0.0004,-0.0113,0.0779,-0.0836]
HID seg0s16 pos=191 sha=1c6a0ad969afaef8 first8=[0.0020,-0.0020,0.0337,0.0059,-0.0017,0.0056,0.0044,0.0016]
HID seg1s16 pos=191 sha=7ecf05c5149e506a first8=[-0.0054,-0.0163,0.0890,0.0051,0.0129,0.0443,0.0007,0.0111]
HID seg2s16 pos=191 sha=beaadd00e43cbcdc first8=[0.2203,-0.0290,-0.0665,0.0434,0.0726,0.2393,0.0040,-0.2338]
HID seg0s16 pos=207 sha=55036ef480863575 first8=[-0.0060,-0.0068,0.0278,-0.0004,0.0059,-0.0044,0.0002,0.0024]
HID seg1s16 pos=207 sha=0077d7c9ad47354b first8=[0.0217,-0.0047,0.0817,0.0160,0.0070,0.0005,0.0158,0.0257]
HID seg2s16 pos=207 sha=9e6dae92cd3fe639 first8=[-0.1116,0.1427,0.2158,0.1309,0.0311,0.1324,0.0469,0.1451]
HID seg0s16 pos=223 sha=f367829bbfd6ca54 first8=[0.0054,0.0051,0.0258,0.0031,-0.0063,0.0104,-0.0011,-0.0107]
HID seg1s16 pos=223 sha=d2888d970267fdd7 first8=[0.0085,0.0038,0.0547,0.0169,0.0268,0.0001,-0.0168,-0.0026]
HID seg2s16 pos=223 sha=aaa4e66835248066 first8=[-0.0350,0.0132,0.1798,0.1653,0.1179,0.1567,0.0500,-0.2834]
HID seg0s16 pos=239 sha=5d7635af9353c2c5 first8=[-0.0020,-0.0078,0.0179,-0.0000,0.0005,0.0184,-0.0079,-0.0040]
HID seg1s16 pos=239 sha=7b4a33a329f8ae76 first8=[-0.0045,-0.0044,0.0503,-0.0278,0.0047,0.0490,-0.0036,-0.0050]
HID seg2s16 pos=239 sha=dee288ce613a4b7a first8=[0.2103,0.1301,-0.1320,-0.0767,0.1539,0.2991,-0.0992,-0.3120]
PROBE_JSON {"abs":{"794":0.00050325354178857847,"12447":0.057266386201689175,"4547":0.0090608580524311928,"11683":0.10050563779056157,"2752":0.00056141989546950786,"2243":0.027909407638753179,"17550":0.005495688212103618,"18171":0.0037771275877567429},"probs":{"11683":0.49008068137959493,"2752":0.0027375682694050392,"4547":0.044182113420072021,"18171":0.018417845033956153,"12447":0.27923955498252107,"2243":0.13609049017731331,"794":0.0024539403369628911,"17550":0.026797806400174679},"offset":15}
SCORE_END {"row":13,"ms":262946.97666599997,"rss_bytes":2135394680}
SCORE_BEGIN {"requestId":"sdr-axis-ue-neg-01","promptTokens":256,"candidateViewDigest":"sha256:7cdd8f91dd32f353dc48f2b6bc288e479f84aac574d7843c1b4beb854210d4b9","probes":[{"offset":255,"axis":"unresolved_evidence"}],"row":14,"candidateId":"cand-axis-ue-neg-01","promptDigest":"sha256:d9af7722873928fd94172e264c2c60631188b1c699e190f78ac9cbc70481fa9c","axis":"unresolved_evidence"}
HID seg0s16 pos=15 sha=25244ab624c23558 first8=[0.0040,-0.0081,0.0452,-0.0041,-0.0080,0.0121,0.0030,0.0006]
HID seg1s16 pos=15 sha=61564faa09831d05 first8=[0.0014,-0.0001,0.1376,0.0097,0.0010,0.0282,-0.0025,0.0050]
HID seg2s16 pos=15 sha=a655de1e5f04629f first8=[-0.1090,0.0768,0.0153,-0.0225,0.1281,0.1117,-0.2261,-0.1624]
HID seg0s16 pos=31 sha=1ebe4682b905286e first8=[0.0052,-0.0066,0.0349,0.0008,0.0004,0.0081,0.0025,-0.0089]
HID seg1s16 pos=31 sha=cf56b9a1ebe75f71 first8=[0.0216,-0.0078,0.1289,-0.0060,0.0189,0.0283,0.0021,-0.0189]
HID seg2s16 pos=31 sha=47a03c42880cf062 first8=[0.0288,-0.1729,0.1826,0.0638,0.1405,-0.0701,-0.0870,-0.2466]
HID seg0s16 pos=47 sha=ad84cc2266660fd5 first8=[0.0087,0.0001,0.0307,-0.0029,-0.0036,0.0014,-0.0045,-0.0022]
HID seg1s16 pos=47 sha=5e314c7e048fcbbe first8=[0.0063,0.0125,0.1205,0.0146,0.0170,0.0057,0.0025,-0.0031]
HID seg2s16 pos=47 sha=8218136cf76ade75 first8=[-0.1175,0.1158,-0.0938,0.1270,0.2003,0.0886,-0.0597,-0.1368]
HID seg0s16 pos=63 sha=7e4562a57dd9e255 first8=[0.0068,-0.0034,0.0332,-0.0016,-0.0027,0.0113,-0.0001,0.0065]
HID seg1s16 pos=63 sha=45fb7506fc6e11b1 first8=[-0.0056,-0.0022,0.1013,0.0051,0.0174,0.0183,-0.0282,0.0090]
HID seg2s16 pos=63 sha=352549cd25ad0f57 first8=[0.0929,0.1412,0.0857,0.0213,-0.1855,0.0941,-0.0471,-0.0049]
HID seg0s16 pos=79 sha=f1a2c29f8446c881 first8=[0.0016,-0.0032,0.0403,-0.0014,-0.0021,-0.0002,0.0020,-0.0019]
HID seg1s16 pos=79 sha=a82920720006ab7c first8=[-0.0068,0.0028,0.1010,0.0071,0.0055,0.0162,-0.0027,-0.0058]
HID seg2s16 pos=79 sha=53fba4d7fd5c90fc first8=[0.0286,0.1948,-0.0476,-0.0096,-0.2568,0.0479,0.0692,-0.2421]
HID seg0s16 pos=95 sha=0b7d53438b717239 first8=[-0.0023,-0.0069,0.0346,0.0037,0.0038,0.0053,-0.0058,0.0060]
HID seg1s16 pos=95 sha=a7ba8235cbf3c1b4 first8=[0.0279,0.0002,0.0903,-0.0136,0.0136,0.0254,-0.0036,0.0125]
HID seg2s16 pos=95 sha=1604ae3822fc52ce first8=[-0.0212,-0.0132,0.0671,0.1161,-0.0933,0.1030,0.0695,-0.2844]
HID seg0s16 pos=111 sha=d5325e5e55f5d170 first8=[-0.0026,-0.0076,0.0465,-0.0053,-0.0027,-0.0031,0.0001,0.0085]
HID seg1s16 pos=111 sha=803756e666fe54c0 first8=[-0.0029,-0.0083,0.0801,-0.0272,0.0030,-0.0042,-0.0022,0.0298]
HID seg2s16 pos=111 sha=b0a2b8eae589ddd2 first8=[0.1459,0.1989,0.1310,0.2605,-0.1348,0.2283,-0.0362,-0.4683]
HID seg0s16 pos=127 sha=430ba8c282222bb1 first8=[0.0029,-0.0032,0.0422,-0.0039,-0.0066,0.0051,-0.0073,-0.0094]
HID seg1s16 pos=127 sha=4f7af92ec6d00696 first8=[-0.0198,-0.0147,0.0921,0.0134,-0.0066,0.0254,-0.0146,0.0008]
HID seg2s16 pos=127 sha=872996d71ff3829b first8=[0.0377,0.0448,-0.0656,0.1661,-0.0415,0.3005,-0.1823,-0.0372]
HID seg0s16 pos=143 sha=9e28f0a4f40435e4 first8=[-0.0021,-0.0028,0.0378,-0.0013,-0.0040,-0.0046,0.0009,0.0018]
HID seg1s16 pos=143 sha=342a7018830046e5 first8=[-0.0117,-0.0141,0.0619,-0.0167,-0.0054,-0.0138,-0.0023,0.0019]
HID seg2s16 pos=143 sha=b80a8c175c111b35 first8=[0.0776,0.1846,0.2659,0.2129,-0.0493,0.0475,0.0724,-0.3198]
HID seg0s16 pos=159 sha=93cfad4918a53c3f first8=[0.0033,-0.0027,0.0361,-0.0078,-0.0026,0.0052,-0.0061,-0.0113]
HID seg1s16 pos=159 sha=3bfc3bfdbbc02248 first8=[-0.0189,-0.0148,0.1029,0.0114,-0.0001,0.0117,-0.0096,0.0016]
HID seg2s16 pos=159 sha=5ce06d83b54b4bea first8=[0.0807,0.0012,0.0086,0.1715,0.0346,0.2015,-0.1517,0.0195]
HID seg0s16 pos=175 sha=3f9611adb0ea2cfb first8=[-0.0015,-0.0045,0.0244,-0.0002,-0.0057,0.0044,-0.0035,-0.0169]
HID seg1s16 pos=175 sha=09bbfd0dbdbd5850 first8=[-0.0020,0.0056,0.0903,0.0065,-0.0024,-0.0076,-0.0000,-0.0334]
HID seg2s16 pos=175 sha=b8c00374badfe86c first8=[-0.0640,-0.0084,0.0662,0.0185,-0.2317,-0.0001,-0.0413,-0.1432]
HID seg0s16 pos=191 sha=55a72ec7bff55d49 first8=[-0.0035,-0.0024,0.0263,-0.0029,0.0000,0.0024,-0.0039,-0.0010]
HID seg1s16 pos=191 sha=4502a0488f9b2bbd first8=[-0.0167,0.0112,0.1026,0.0078,0.0113,-0.0081,0.0105,-0.0007]
HID seg2s16 pos=191 sha=8460bd1acfebc934 first8=[0.0259,-0.0056,0.0786,-0.0576,-0.0138,-0.0339,0.1052,-0.1156]
HID seg0s16 pos=207 sha=dabe02798efd5606 first8=[-0.0005,-0.0029,0.0344,0.0063,-0.0016,0.0066,0.0039,0.0006]
HID seg1s16 pos=207 sha=4137d4a013ad7094 first8=[0.0011,-0.0284,0.0926,0.0038,0.0114,0.0415,0.0024,0.0013]
HID seg2s16 pos=207 sha=10f110a482a04383 first8=[0.1791,-0.0529,-0.0750,-0.0193,0.0795,0.1499,0.0531,-0.3171]
HID seg0s16 pos=223 sha=b425bab95062684a first8=[-0.0079,-0.0068,0.0282,-0.0016,0.0062,-0.0030,0.0011,-0.0006]
HID seg1s16 pos=223 sha=36f0d8c344844873 first8=[0.0187,-0.0057,0.0863,0.0114,-0.0003,-0.0022,0.0217,0.0249]
HID seg2s16 pos=223 sha=ad6ddf428ccd091b first8=[-0.0986,0.2181,0.2153,0.0900,0.0260,0.1080,0.0989,0.1335]
HID seg0s16 pos=239 sha=63624590297fca76 first8=[0.0073,0.0033,0.0255,0.0053,-0.0054,0.0103,0.0011,-0.0131]
HID seg1s16 pos=239 sha=c74b7672d0ad5447 first8=[0.0011,-0.0040,0.0608,0.0222,0.0213,0.0038,-0.0201,-0.0100]
HID seg2s16 pos=239 sha=2d12137e58ad5561 first8=[-0.1016,0.0335,0.1855,0.1869,0.1296,0.2312,0.0349,-0.3318]
HID seg0s16 pos=255 sha=458099f9dd308238 first8=[-0.0000,-0.0058,0.0213,-0.0008,0.0001,0.0188,-0.0075,-0.0045]
HID seg1s16 pos=255 sha=69140c288a67385b first8=[0.0045,-0.0065,0.0477,-0.0337,-0.0013,0.0520,-0.0122,-0.0097]
HID seg2s16 pos=255 sha=436b1f6b1723e325 first8=[0.1956,0.1301,-0.0931,-0.1227,0.0980,0.2061,-0.0514,-0.3162]
PROBE_JSON {"probs":{"11683":0.47610837862682065,"2752":0.0055863885029546296,"4547":0.055981457201784678,"18171":0.02027514019205685,"12447":0.24317236539556444,"2243":0.16198771750790916,"794":0.0047411063445993501,"17550":0.03214744622831036},"abs":{"794":0.00067828087670917853,"12447":0.03478917223188472,"4547":0.0080089222030501912,"11683":0.068113892621591315,"2752":0.00079921018766820038,"2243":0.023174584803933199,"17550":0.0045991370846464675,"18171":0.0029006394004503109},"offset":15}
SCORE_END {"ms":280270.550292,"row":14,"rss_bytes":2297121264}
SCORE_BEGIN {"requestId":"sdr-axis-ue-neg-02","promptTokens":256,"candidateViewDigest":"sha256:0040c962033b621d3ea08c473d1bad269165e9019c19c0cf350c4f24c3764763","probes":[{"offset":255,"axis":"unresolved_evidence"}],"row":15,"candidateId":"cand-axis-ue-neg-02","promptDigest":"sha256:bfbf23abb3aa43a867b4866f769f38f4cced029200963fc399bb4d6055dfbff6","axis":"unresolved_evidence"}
HID seg0s16 pos=15 sha=25244ab624c23558 first8=[0.0040,-0.0081,0.0452,-0.0041,-0.0080,0.0121,0.0030,0.0006]
HID seg1s16 pos=15 sha=61564faa09831d05 first8=[0.0014,-0.0001,0.1376,0.0097,0.0010,0.0282,-0.0025,0.0050]
HID seg2s16 pos=15 sha=a655de1e5f04629f first8=[-0.1090,0.0768,0.0153,-0.0225,0.1281,0.1117,-0.2261,-0.1624]
HID seg0s16 pos=31 sha=1ebe4682b905286e first8=[0.0052,-0.0066,0.0349,0.0008,0.0004,0.0081,0.0025,-0.0089]
HID seg1s16 pos=31 sha=cf56b9a1ebe75f71 first8=[0.0216,-0.0078,0.1289,-0.0060,0.0189,0.0283,0.0021,-0.0189]
HID seg2s16 pos=31 sha=47a03c42880cf062 first8=[0.0288,-0.1729,0.1826,0.0638,0.1405,-0.0701,-0.0870,-0.2466]
HID seg0s16 pos=47 sha=ad84cc2266660fd5 first8=[0.0087,0.0001,0.0307,-0.0029,-0.0036,0.0014,-0.0045,-0.0022]
HID seg1s16 pos=47 sha=5e314c7e048fcbbe first8=[0.0063,0.0125,0.1205,0.0146,0.0170,0.0057,0.0025,-0.0031]
HID seg2s16 pos=47 sha=8218136cf76ade75 first8=[-0.1175,0.1158,-0.0938,0.1270,0.2003,0.0886,-0.0597,-0.1368]
HID seg0s16 pos=63 sha=7e4562a57dd9e255 first8=[0.0068,-0.0034,0.0332,-0.0016,-0.0027,0.0113,-0.0001,0.0065]
HID seg1s16 pos=63 sha=45fb7506fc6e11b1 first8=[-0.0056,-0.0022,0.1013,0.0051,0.0174,0.0183,-0.0282,0.0090]
HID seg2s16 pos=63 sha=352549cd25ad0f57 first8=[0.0929,0.1412,0.0857,0.0213,-0.1855,0.0941,-0.0471,-0.0049]
HID seg0s16 pos=79 sha=f1a2c29f8446c881 first8=[0.0016,-0.0032,0.0403,-0.0014,-0.0021,-0.0002,0.0020,-0.0019]
HID seg1s16 pos=79 sha=a82920720006ab7c first8=[-0.0068,0.0028,0.1010,0.0071,0.0055,0.0162,-0.0027,-0.0058]
HID seg2s16 pos=79 sha=53fba4d7fd5c90fc first8=[0.0286,0.1948,-0.0476,-0.0096,-0.2568,0.0479,0.0692,-0.2421]
HID seg0s16 pos=95 sha=72b3fd77abbebdf2 first8=[-0.0028,-0.0072,0.0367,0.0029,0.0044,0.0052,-0.0039,0.0050]
HID seg1s16 pos=95 sha=59159e23388c1cf0 first8=[0.0299,0.0031,0.0921,-0.0196,0.0099,0.0320,-0.0095,0.0121]
HID seg2s16 pos=95 sha=8a7f7cacd296ff19 first8=[-0.0483,-0.0086,0.0475,0.0917,-0.1144,0.1294,0.0573,-0.2429]
HID seg0s16 pos=111 sha=45f4d5345397a0e5 first8=[-0.0027,-0.0074,0.0465,-0.0064,-0.0019,-0.0020,0.0019,0.0063]
HID seg1s16 pos=111 sha=7a172b07308257d6 first8=[-0.0011,-0.0123,0.0845,-0.0196,0.0021,0.0025,0.0044,0.0183]
HID seg2s16 pos=111 sha=0b196459fe9327c6 first8=[0.1212,0.1926,0.1050,0.2593,-0.1276,0.2583,0.0340,-0.4226]
HID seg0s16 pos=127 sha=b9dac643b3f840cf first8=[0.0031,-0.0051,0.0424,-0.0030,-0.0063,0.0036,-0.0055,-0.0125]
HID seg1s16 pos=127 sha=a27151f461a33b87 first8=[-0.0256,-0.0163,0.0952,0.0129,-0.0060,0.0250,-0.0092,-0.0100]
HID seg2s16 pos=127 sha=27cd7dbd7135c993 first8=[0.0683,0.0428,-0.1240,0.1489,-0.0845,0.2766,-0.1793,-0.0667]
HID seg0s16 pos=143 sha=f48719ebae724e4f first8=[-0.0026,-0.0028,0.0367,0.0013,-0.0014,-0.0056,0.0023,0.0004]
HID seg1s16 pos=143 sha=88e85efb957cff64 first8=[-0.0154,-0.0167,0.0656,-0.0120,-0.0117,-0.0158,-0.0035,0.0029]
HID seg2s16 pos=143 sha=25e346f8fbd8b5ab first8=[0.0887,0.1630,0.2250,0.1818,-0.0128,0.0457,0.0714,-0.3899]
HID seg0s16 pos=159 sha=5bb74a45b6741f34 first8=[0.0040,-0.0016,0.0363,-0.0085,-0.0018,0.0037,-0.0061,-0.0113]
HID seg1s16 pos=159 sha=c7b0c58eb490e21a first8=[-0.0181,-0.0153,0.1023,0.0181,-0.0029,0.0062,-0.0137,0.0033]
HID seg2s16 pos=159 sha=2531b8cc33fb87fe first8=[0.0918,-0.0076,-0.0411,0.1636,0.0266,0.1727,-0.1757,0.0685]
HID seg0s16 pos=175 sha=e6e6f4a5b8fae07b first8=[-0.0021,-0.0036,0.0243,-0.0014,-0.0047,0.0045,-0.0029,-0.0151]
HID seg1s16 pos=175 sha=401593b9ef73c075 first8=[-0.0029,0.0033,0.0983,0.0093,-0.0022,-0.0094,-0.0012,-0.0323]
HID seg2s16 pos=175 sha=f6424e97a6665d97 first8=[-0.0282,-0.0150,0.0763,-0.0029,-0.2063,-0.0057,-0.0445,-0.1873]
HID seg0s16 pos=191 sha=0da58cdeb7ee4c69 first8=[-0.0029,-0.0011,0.0265,-0.0039,-0.0004,0.0034,-0.0018,-0.0013]
HID seg1s16 pos=191 sha=1845a22b350c1e5f first8=[-0.0201,0.0101,0.1069,0.0079,0.0135,-0.0100,0.0140,-0.0070]
HID seg2s16 pos=191 sha=caa97b66a3bcfe2a first8=[0.0444,0.0198,0.1035,-0.0008,-0.0021,0.0035,0.1337,-0.1532]
HID seg0s16 pos=207 sha=7cffb71090077e2c first8=[0.0018,-0.0029,0.0344,0.0082,-0.0024,0.0053,0.0048,0.0002]
HID seg1s16 pos=207 sha=173ef730b318f0ab first8=[-0.0009,-0.0245,0.0928,0.0011,0.0107,0.0348,0.0006,-0.0039]
HID seg2s16 pos=207 sha=4c275ad257d0aae6 first8=[0.1738,-0.0450,-0.0980,-0.0066,0.0690,0.1307,0.0398,-0.3259]
HID seg0s16 pos=223 sha=3b65cdf69773f77e first8=[-0.0074,-0.0085,0.0285,-0.0026,0.0072,-0.0051,0.0006,0.0019]
HID seg1s16 pos=223 sha=532487446b060411 first8=[0.0148,-0.0060,0.0906,0.0098,-0.0020,0.0006,0.0202,0.0220]
HID seg2s16 pos=223 sha=c66c6da05c7df62f first8=[-0.0852,0.2162,0.2271,0.0966,-0.0204,0.1030,0.1102,0.1050]
HID seg0s16 pos=239 sha=4e88cbd847ede051 first8=[0.0057,0.0049,0.0251,0.0037,-0.0043,0.0101,-0.0005,-0.0110]
HID seg1s16 pos=239 sha=1d05e91bc1a1ce67 first8=[0.0030,-0.0019,0.0601,0.0196,0.0210,0.0104,-0.0181,-0.0036]
HID seg2s16 pos=239 sha=97893ca908584c77 first8=[-0.0850,0.0611,0.1755,0.1879,0.1266,0.2644,0.0207,-0.3528]
HID seg0s16 pos=255 sha=a2764515d4459bc9 first8=[-0.0013,-0.0051,0.0178,0.0001,-0.0006,0.0213,-0.0074,-0.0042]
HID seg1s16 pos=255 sha=4fde65fa09d9d393 first8=[0.0070,-0.0068,0.0493,-0.0327,0.0036,0.0493,-0.0058,-0.0109]
HID seg2s16 pos=255 sha=458606a005d4cd58 first8=[0.1676,0.1576,-0.0817,-0.1577,0.1222,0.1810,-0.0230,-0.2834]
PROBE_JSON {"abs":{"794":0.00078123096713052828,"12447":0.033218786014345546,"4547":0.0048231539459223181,"11683":0.094631514960702171,"2752":0.0006948412058591821,"2243":0.021447660239885674,"17550":0.0063896408365608746,"18171":0.0061448575401548203},"probs":{"11683":0.56284164737163478,"2752":0.0041327201527935195,"4547":0.028686763744374649,"18171":0.036547885154337885,"12447":0.19757600046627574,"2243":0.12756465355856744,"794":0.0046465421662126097,"17550":0.038003787385803345},"offset":15}
SCORE_END {"row":15,"ms":277613.01087499998,"rss_bytes":2458454632}
SCORE_DONE scored=16 skipped=0
TIMING
  embed        n=239 total=1958.2ms mean=8.19ms
  head         n=16 total=60685.2ms mean=3792.82ms
  load_head    n=1 total=3042.1ms mean=3042.11ms
  load_seg0_s16 n=1 total=3933.9ms mean=3933.90ms
  load_seg1_s16 n=1 total=3367.7ms mean=3367.70ms
  load_seg2_s16 n=1 total=7366.2ms mean=7366.18ms
  seg0         n=239 total=1269464.7ms mean=5311.57ms
  seg1         n=239 total=1270867.8ms mean=5317.44ms
  seg2         n=239 total=1310051.5ms mean=5481.39ms
