CONFIG compute_units=all oracle=none
load_wait segment_0_s16_ctx512_kvio_prefill.mlmodelc 15s rss=268MB
load_wait segment_0_s16_ctx512_kvio_prefill.mlmodelc 30s rss=268MB
HID seg0s16 pos=15 sha=25244ab624c23558 first8=[0.0040,-0.0081,0.0452,-0.0041,-0.0080,0.0121,0.0030,0.0006]
load_wait segment_1_s16_ctx512_kvio_prefill.mlmodelc 15s rss=266MB
load_wait segment_1_s16_ctx512_kvio_prefill.mlmodelc 30s rss=266MB
load_wait segment_1_s16_ctx512_kvio_prefill.mlmodelc 45s rss=266MB
HID seg1s16 pos=15 sha=61564faa09831d05 first8=[0.0014,-0.0001,0.1376,0.0097,0.0010,0.0282,-0.0025,0.0050]
load_wait segment_2_s16_ctx512_kvio_prefill.mlmodelc 15s rss=270MB
load_wait segment_2_s16_ctx512_kvio_prefill.mlmodelc 30s rss=275MB
load_wait segment_2_s16_ctx512_kvio_prefill.mlmodelc 45s rss=180MB
HID seg2s16 pos=15 sha=a655de1e5f04629f first8=[-0.1090,0.0768,0.0153,-0.0225,0.1281,0.1117,-0.2261,-0.1624]
HID seg0s16 pos=31 sha=cd9acd254d204eef first8=[0.0050,-0.0107,0.0407,0.0036,-0.0087,-0.0005,-0.0014,-0.0047]
HID seg1s16 pos=31 sha=11bad41312dee31a first8=[0.0203,-0.0073,0.1250,-0.0018,-0.0094,0.0360,-0.0043,0.0091]
HID seg2s16 pos=31 sha=b7b598f7a8d43e4e first8=[0.1321,0.0067,0.0180,0.0603,0.0637,0.2744,-0.0053,-0.4944]
HID seg0s16 pos=47 sha=4d15182fb27fca2b first8=[0.0049,-0.0035,0.0386,-0.0022,-0.0004,0.0004,0.0030,-0.0040]
HID seg1s16 pos=47 sha=63fb4a4cf3c006aa first8=[-0.0144,-0.0028,0.1222,-0.0037,0.0131,0.0164,0.0045,0.0056]
HID seg2s16 pos=47 sha=f56fc2c5a69101eb first8=[-0.1440,0.0781,0.0790,0.1749,-0.0725,0.0921,-0.0195,-0.2825]
HID seg0s16 pos=63 sha=497ec078261ef909 first8=[0.0070,-0.0052,0.0314,-0.0021,-0.0024,0.0086,-0.0032,0.0053]
HID seg1s16 pos=63 sha=e1f9ad43f3b9c25a first8=[-0.0057,0.0005,0.1007,0.0006,0.0154,0.0163,-0.0279,0.0139]
HID seg2s16 pos=63 sha=0c808596c42c7759 first8=[0.0784,0.0995,0.1296,0.0121,-0.2466,0.0109,0.0335,-0.0433]
HID seg0s16 pos=79 sha=ce225d4944a11092 first8=[0.0081,0.0013,0.0299,-0.0086,-0.0063,-0.0054,-0.0018,0.0012]
HID seg1s16 pos=79 sha=52e1730bee311462 first8=[-0.0111,-0.0080,0.0966,-0.0181,-0.0049,0.0099,-0.0075,-0.0005]
HID seg2s16 pos=79 sha=3de26a8fe69d8f56 first8=[-0.0922,0.1017,0.0159,-0.0723,0.1757,-0.0264,0.0061,-0.0841]
HID seg0s16 pos=95 sha=aec660a4e0cd10a3 first8=[0.0001,-0.0049,0.0271,-0.0071,-0.0077,0.0065,-0.0044,-0.0013]
HID seg1s16 pos=95 sha=959f8066a7286207 first8=[0.0075,0.0115,0.0993,0.0023,-0.0052,0.0163,-0.0007,-0.0043]
HID seg2s16 pos=95 sha=dd2db0179d2f88ce first8=[-0.0950,0.0716,0.1194,0.2512,-0.0394,0.0319,0.1174,-0.2527]
HID seg0s16 pos=111 sha=0a0e7fdd68090ef2 first8=[0.0046,-0.0061,0.0419,-0.0000,-0.0097,0.0031,-0.0006,-0.0048]
HID seg1s16 pos=111 sha=2dbabc8a6b3a7c3a first8=[-0.0086,-0.0188,0.1141,-0.0138,0.0064,0.0193,0.0042,-0.0173]
HID seg2s16 pos=111 sha=1d632ac5b5ffba0d first8=[0.0005,-0.0101,0.2686,0.0762,-0.3784,-0.0014,-0.0707,-0.0424]
HID seg0s16 pos=127 sha=ee9246b9bf075a49 first8=[0.0043,-0.0039,0.0350,-0.0105,-0.0053,-0.0001,0.0034,0.0080]
HID seg1s16 pos=127 sha=594a0deca5695966 first8=[-0.0083,-0.0163,0.0713,0.0094,0.0177,0.0265,0.0112,0.0137]
HID seg2s16 pos=127 sha=7a886141aa8f1e8b first8=[-0.0031,-0.0901,-0.0878,0.1908,-0.1904,-0.1115,0.2595,-0.0485]
HID seg0s16 pos=143 sha=3ecbd60f88eed8ee first8=[0.0002,-0.0107,0.0198,-0.0082,-0.0043,0.0035,-0.0025,-0.0057]
HID seg1s16 pos=143 sha=da280859db7289d2 first8=[-0.0077,0.0077,0.0502,-0.0073,0.0076,-0.0048,-0.0032,0.0033]
HID seg2s16 pos=143 sha=2ab1b317b22aa5fd first8=[0.0907,-0.0123,-0.0060,0.1378,-0.0484,-0.1085,0.1199,-0.0172]
HID seg0s16 pos=159 sha=b6f2dff2fa4a463a first8=[0.0054,-0.0025,0.0370,-0.0036,-0.0080,0.0007,0.0045,-0.0075]
HID seg1s16 pos=159 sha=edc79b159f7220db first8=[0.0006,-0.0012,0.0967,0.0038,0.0132,0.0159,-0.0045,-0.0149]
HID seg2s16 pos=159 sha=6af68fe94e52e665 first8=[-0.0757,0.0584,0.1804,0.1929,-0.0807,-0.0734,-0.0471,0.0679]
HID seg0s16 pos=175 sha=061ce83550e6547d first8=[0.0068,-0.0005,0.0312,-0.0110,-0.0060,-0.0003,0.0067,0.0037]
HID seg1s16 pos=175 sha=4879c5c50d124037 first8=[-0.0128,-0.0175,0.0631,0.0073,0.0024,0.0111,0.0005,-0.0037]
HID seg2s16 pos=175 sha=0f3c14afa3d364a0 first8=[0.0023,-0.0533,-0.0328,0.1476,-0.2131,-0.1743,0.2438,-0.1365]
HID seg0s16 pos=191 sha=79dac6a3033f3b2b first8=[-0.0001,-0.0049,0.0166,-0.0052,-0.0034,0.0023,-0.0032,-0.0045]
HID seg1s16 pos=191 sha=55d7305ea1628688 first8=[-0.0036,0.0237,0.0510,-0.0034,0.0104,-0.0051,-0.0081,0.0112]
HID seg2s16 pos=191 sha=9200b24d53de8099 first8=[0.0577,-0.0144,-0.0164,0.2335,-0.0241,-0.0626,0.0731,-0.0767]
HID seg0s16 pos=207 sha=5395eedbf70023a0 first8=[0.0051,-0.0008,0.0308,-0.0008,-0.0064,0.0056,0.0041,-0.0086]
HID seg1s16 pos=207 sha=b087339f1359c2fc first8=[0.0046,0.0023,0.1107,0.0043,0.0215,0.0178,-0.0227,-0.0275]
HID seg2s16 pos=207 sha=1498988196e9fa98 first8=[-0.0670,-0.0353,0.1473,0.1708,0.0006,0.1244,-0.0850,0.0901]
HID seg0s16 pos=223 sha=04f60edc5a815a89 first8=[0.0054,-0.0002,0.0229,-0.0105,-0.0044,0.0025,0.0051,0.0042]
HID seg1s16 pos=223 sha=416ca350b501cc6e first8=[-0.0149,-0.0175,0.0644,0.0009,0.0101,0.0135,0.0040,-0.0001]
HID seg2s16 pos=223 sha=2d2eb2df0d83f535 first8=[0.0551,-0.0507,-0.0007,0.1202,-0.2283,-0.1741,0.2328,-0.1495]
HID seg0s16 pos=239 sha=318276f6312e24a9 first8=[-0.0000,-0.0017,0.0156,-0.0060,-0.0015,0.0030,0.0002,-0.0036]
HID seg1s16 pos=239 sha=7ccd142c3329a658 first8=[-0.0043,0.0178,0.0577,-0.0042,0.0183,-0.0029,-0.0039,0.0015]
HID seg2s16 pos=239 sha=0bb39ce2c905891e first8=[0.0028,0.0334,-0.0013,0.2742,-0.0429,-0.0682,0.0795,-0.1211]
HID seg0s16 pos=255 sha=719177e9b8537789 first8=[0.0028,0.0010,0.0300,-0.0043,-0.0062,0.0034,0.0063,-0.0117]
HID seg1s16 pos=255 sha=c801c16d88f805d9 first8=[-0.0040,0.0031,0.1130,-0.0009,0.0178,0.0086,-0.0223,-0.0288]
HID seg2s16 pos=255 sha=8bb1c45efa440b2c first8=[-0.1656,0.0616,0.1722,0.1765,0.0717,0.1317,0.1206,0.0966]
HID seg0s16 pos=271 sha=f31b875514a0d5a5 first8=[0.0039,0.0010,0.0178,-0.0071,0.0048,-0.0048,-0.0009,-0.0107]
HID seg1s16 pos=271 sha=3f7d7c9a24ac4614 first8=[-0.0143,0.0096,0.0506,0.0078,0.0025,-0.0146,0.0018,-0.0013]
HID seg2s16 pos=271 sha=7333b9794c356a76 first8=[-0.0145,0.0167,0.0925,0.1720,-0.2092,-0.1479,0.0392,-0.0767]
HID seg0s16 pos=287 sha=bd116ba5c73b77fa first8=[0.0066,-0.0054,0.0255,-0.0039,0.0004,-0.0016,0.0020,-0.0016]
HID seg1s16 pos=287 sha=4f153d59c215f22c first8=[-0.0116,0.0014,0.0767,0.0038,0.0077,-0.0018,-0.0004,-0.0066]
HID seg2s16 pos=287 sha=2c75e7c5d0e8bfe4 first8=[0.0597,0.1398,0.2472,0.2415,-0.2209,-0.1860,-0.1929,-0.1002]
HID seg0s16 pos=303 sha=1ae6b5bcdaff290a first8=[-0.0033,0.0090,0.0205,0.0061,0.0014,-0.0084,0.0018,-0.0034]
HID seg1s16 pos=303 sha=9e59c62b7f623a3f first8=[-0.0020,0.0002,0.0606,-0.0008,0.0223,-0.0205,-0.0138,0.0355]
HID seg2s16 pos=303 sha=c257eaee4fb05314 first8=[0.0137,-0.1091,0.0834,0.1271,-0.0358,0.1190,0.1978,-0.1992]
HID seg0s16 pos=319 sha=2d589960c3959b7a first8=[0.0030,0.0014,0.0116,-0.0046,0.0029,-0.0062,-0.0010,-0.0121]
HID seg1s16 pos=319 sha=342d6e264bded0ad first8=[-0.0161,0.0001,0.0611,0.0170,-0.0045,-0.0172,-0.0042,-0.0029]
HID seg2s16 pos=319 sha=bfa48b70d389bc24 first8=[0.0388,-0.0864,0.0672,0.2343,-0.1708,-0.2347,0.2174,-0.0715]
HID seg0s16 pos=335 sha=87940b7dbd59b23f first8=[0.0031,-0.0060,0.0220,-0.0005,0.0030,-0.0007,0.0012,-0.0032]
HID seg1s16 pos=335 sha=7810d512287ff07a first8=[-0.0160,-0.0064,0.0841,0.0027,0.0013,-0.0013,-0.0053,-0.0144]
HID seg2s16 pos=335 sha=5515b2b199bf7657 first8=[0.0204,0.1138,0.2837,0.2330,-0.2776,-0.1338,-0.1774,-0.1046]
HID seg0s16 pos=351 sha=2cea2a6637f244ca first8=[-0.0020,0.0047,0.0118,0.0040,0.0056,-0.0020,-0.0035,0.0002]
HID seg1s16 pos=351 sha=938df26cdf94130f first8=[-0.0064,0.0034,0.0699,-0.0121,0.0175,-0.0278,-0.0112,0.0319]
HID seg2s16 pos=351 sha=431805c68b8be020 first8=[-0.0207,-0.0550,0.0360,0.0724,-0.0286,0.0844,0.2573,-0.1859]
HID seg0s16 pos=367 sha=0d6eef9b5ca444eb first8=[0.0010,0.0037,0.0071,-0.0044,0.0030,-0.0058,0.0006,-0.0113]
HID seg1s16 pos=367 sha=a9c946b319205422 first8=[-0.0165,0.0023,0.0506,0.0149,-0.0001,-0.0173,-0.0159,-0.0037]
HID seg2s16 pos=367 sha=ffae26179ea54d8a first8=[0.0737,-0.0773,0.0707,0.2522,-0.1595,-0.1965,0.1290,-0.0658]
HID seg0s16 pos=383 sha=955380d5cb608f5a first8=[0.0032,-0.0012,0.0186,0.0016,0.0042,0.0014,-0.0000,-0.0038]
HID seg1s16 pos=383 sha=14ed2363e92884ac first8=[-0.0127,-0.0189,0.0797,0.0094,-0.0041,0.0026,0.0002,-0.0127]
HID seg2s16 pos=383 sha=28b9b55b459722d3 first8=[0.0465,0.0681,0.2737,0.2091,-0.2854,-0.1284,-0.1770,-0.1520]
HID seg0s16 pos=399 sha=aaac0619031b88c5 first8=[0.0021,0.0054,0.0077,0.0051,0.0047,-0.0002,-0.0018,-0.0053]
HID seg1s16 pos=399 sha=346ad3e7fdfcb0cd first8=[-0.0049,0.0036,0.0544,-0.0141,0.0250,-0.0270,-0.0109,0.0240]
HID seg2s16 pos=399 sha=b628d33b6efd4659 first8=[0.0119,-0.0396,0.0386,0.0291,-0.0497,0.0386,0.2207,-0.1903]
HID seg0s16 pos=415 sha=0cf9809db0b871bb first8=[0.0007,0.0039,0.0074,-0.0031,0.0047,-0.0082,0.0013,-0.0099]
HID seg1s16 pos=415 sha=25b3c57fdcc95371 first8=[-0.0197,0.0064,0.0447,0.0111,0.0064,-0.0230,-0.0105,-0.0013]
HID seg2s16 pos=415 sha=cd8c886d93816879 first8=[0.0687,-0.0838,0.0900,0.2295,-0.1322,-0.1973,0.1704,-0.1154]
HID seg0s16 pos=431 sha=4dd53739d8b37d73 first8=[0.0014,-0.0020,0.0187,0.0020,0.0018,0.0068,0.0005,-0.0067]
HID seg1s16 pos=431 sha=814f24749c67d100 first8=[0.0004,-0.0168,0.0758,0.0191,-0.0008,0.0076,0.0015,-0.0118]
HID seg2s16 pos=431 sha=a71ac406f279a7de first8=[0.0482,0.0709,0.2712,0.2568,-0.2261,-0.1132,-0.1948,-0.1230]
HID seg0s16 pos=447 sha=25c5daf5d335bd8c first8=[0.0004,0.0072,0.0041,0.0062,0.0022,-0.0076,-0.0007,-0.0013]
HID seg1s16 pos=447 sha=8198f8e0503c0d30 first8=[0.0011,-0.0019,0.0467,-0.0081,0.0224,-0.0301,-0.0125,0.0195]
HID seg2s16 pos=447 sha=14319cd527ce56a9 first8=[-0.0501,-0.0467,-0.0061,0.0171,-0.0517,0.1043,0.1830,-0.2084]
HID seg0s16 pos=463 sha=e6a63feb2674eb06 first8=[-0.0051,0.0036,0.0149,-0.0066,-0.0049,-0.0039,0.0001,0.0076]
HID seg1s16 pos=463 sha=ed0bcbeec55b666a first8=[0.0075,-0.0141,0.0520,-0.0072,0.0027,-0.0134,0.0166,-0.0076]
HID seg2s16 pos=463 sha=223d74b7766712ad first8=[-0.0141,0.1597,0.1188,0.2659,-0.0975,-0.1079,0.0172,-0.1433]
HID seg0s16 pos=479 sha=e02881b06c8f8a41 first8=[0.0083,-0.0067,0.0268,0.0013,-0.0047,0.0086,0.0034,-0.0034]
HID seg1s16 pos=479 sha=d62615fda5bd4ecd first8=[-0.0065,-0.0229,0.0810,-0.0198,0.0213,0.0034,0.0109,0.0022]
HID seg2s16 pos=479 sha=541ddca1203abf07 first8=[0.0719,-0.0841,0.1279,0.0374,0.0974,0.0826,0.1024,-0.2355]
HID seg0s16 pos=495 sha=fa1ecd29956e1903 first8=[-0.0051,-0.0014,0.0222,-0.0022,-0.0094,0.0066,0.0023,-0.0074]
HID seg1s16 pos=495 sha=f7d0535dd8530dfc first8=[-0.0063,0.0087,0.0551,-0.0097,0.0020,0.0137,-0.0299,-0.0161]
HID seg2s16 pos=495 sha=4a48902c75a65e88 first8=[-0.0916,0.1109,0.1843,0.2073,-0.0996,0.0297,0.1823,-0.3396]
HID seg0s16 pos=511 sha=32e2e30d71e7f982 first8=[-0.0022,-0.0074,0.0208,0.0022,-0.0098,0.0092,-0.0061,-0.0029]
HID seg1s16 pos=511 sha=e46509555b1fb071 first8=[-0.0022,0.0086,0.0603,0.0058,0.0109,0.0332,-0.0458,-0.0190]
HID seg2s16 pos=511 sha=c358ebad3698cc34 first8=[-0.0004,0.0479,0.1670,0.0873,-0.0146,-0.1409,0.2179,-0.4175]
HID seg0s16 pos=527 sha=bbc8042548b58d9c first8=[0.0006,0.0011,0.0208,0.0048,-0.0005,0.0027,0.0033,-0.0002]
HID seg1s16 pos=527 sha=d3eb063c83bdef33 first8=[-0.0078,-0.0206,0.0822,-0.0264,-0.0182,0.0001,-0.0047,-0.0114]
HID seg2s16 pos=527 sha=d6fb39caf6abdae5 first8=[0.1106,-0.0200,0.1377,0.0630,-0.0435,-0.1743,0.0806,0.0353]
HID seg0s16 pos=543 sha=61b750103792cee3 first8=[-0.0024,-0.0004,-0.0009,-0.0047,-0.0098,0.0212,-0.0039,-0.0029]
HID seg1s16 pos=543 sha=243a14a316aabda3 first8=[0.0159,-0.0075,0.0560,-0.0110,0.0082,0.0287,0.0175,0.0046]
HID seg2s16 pos=543 sha=1f747e28533ca4d9 first8=[0.0607,0.0713,0.0732,-0.0106,-0.0639,0.2249,-0.0897,-0.1842]
HID seg0s16 pos=559 sha=63c9074bc7f7bcf3 first8=[-0.0086,0.0052,-0.0117,-0.0029,-0.0038,0.0039,0.0041,0.0090]
HID seg1s16 pos=559 sha=68810a4d6d8f0f89 first8=[-0.0186,-0.0104,0.0360,-0.0152,-0.0167,0.0251,0.0129,0.0277]
HID seg2s16 pos=559 sha=9c13231b3f59073c first8=[0.1406,0.1569,0.1926,0.0504,0.0147,0.1110,0.1503,-0.0986]
HID seg0s16 pos=575 sha=0837b010767aa000 first8=[-0.0031,-0.0011,0.0002,0.0005,-0.0012,0.0056,-0.0002,0.0009]
HID seg1s16 pos=575 sha=7e091ebb48a55d2c first8=[0.0105,0.0000,0.0043,-0.0022,0.0118,0.0310,0.0070,-0.0210]
HID seg2s16 pos=575 sha=5ab0d262a3500614 first8=[-0.0521,0.3301,0.0063,0.1637,-0.0428,0.1505,0.2119,-0.0140]
HID seg0s16 pos=591 sha=1a76b8b62b3f42ef first8=[-0.0023,-0.0084,0.0018,0.0063,-0.0034,0.0083,0.0018,-0.0039]
HID seg1s16 pos=591 sha=a0ed0f5bcc4f272d first8=[0.0126,0.0013,-0.0166,0.0061,0.0028,0.0244,0.0079,-0.0221]
HID seg2s16 pos=591 sha=94108a4d3a26799e first8=[0.1581,-0.0441,0.1526,0.0620,0.1644,-0.0393,0.1663,-0.2024]
HID seg0s16 pos=607 sha=3a0a5be73a5b2143 first8=[0.0059,0.0011,0.0094,-0.0040,-0.0019,0.0076,-0.0002,-0.0051]
HID seg1s16 pos=607 sha=e536474ae4a4bf17 first8=[-0.0103,0.0011,0.0666,0.0048,0.0006,0.0352,0.0096,-0.0033]
HID seg2s16 pos=607 sha=d35b66b3654a8458 first8=[-0.1377,0.1985,0.3296,0.1202,-0.0375,0.2141,-0.0442,0.1875]
HID seg0s16 pos=623 sha=fcac149f2b7e731c first8=[-0.0025,0.0027,0.0048,0.0033,-0.0061,0.0115,-0.0070,-0.0042]
HID seg1s16 pos=623 sha=503c63e2597460aa first8=[-0.0081,0.0247,0.0089,-0.0059,0.0093,0.0075,0.0188,-0.0111]
HID seg2s16 pos=623 sha=eee177a7be0ad853 first8=[0.0559,0.0792,0.1249,-0.0352,0.1114,0.0572,-0.0526,-0.1580]
load_wait final_head_s1_2p6b.mlmodelc 15s rss=1964MB
HID seg0s16 pos=15 sha=25244ab624c23558 first8=[0.0040,-0.0081,0.0452,-0.0041,-0.0080,0.0121,0.0030,0.0006]
HID seg1s16 pos=15 sha=61564faa09831d05 first8=[0.0014,-0.0001,0.1376,0.0097,0.0010,0.0282,-0.0025,0.0050]
HID seg2s16 pos=15 sha=a655de1e5f04629f first8=[-0.1090,0.0768,0.0153,-0.0225,0.1281,0.1117,-0.2261,-0.1624]
HID seg0s16 pos=31 sha=cd9acd254d204eef first8=[0.0050,-0.0107,0.0407,0.0036,-0.0087,-0.0005,-0.0014,-0.0047]
HID seg1s16 pos=31 sha=11bad41312dee31a first8=[0.0203,-0.0073,0.1250,-0.0018,-0.0094,0.0360,-0.0043,0.0091]
HID seg2s16 pos=31 sha=b7b598f7a8d43e4e first8=[0.1321,0.0067,0.0180,0.0603,0.0637,0.2744,-0.0053,-0.4944]
HID seg0s16 pos=47 sha=4d15182fb27fca2b first8=[0.0049,-0.0035,0.0386,-0.0022,-0.0004,0.0004,0.0030,-0.0040]
HID seg1s16 pos=47 sha=63fb4a4cf3c006aa first8=[-0.0144,-0.0028,0.1222,-0.0037,0.0131,0.0164,0.0045,0.0056]
HID seg2s16 pos=47 sha=f56fc2c5a69101eb first8=[-0.1440,0.0781,0.0790,0.1749,-0.0725,0.0921,-0.0195,-0.2825]
HID seg0s16 pos=63 sha=497ec078261ef909 first8=[0.0070,-0.0052,0.0314,-0.0021,-0.0024,0.0086,-0.0032,0.0053]
HID seg1s16 pos=63 sha=e1f9ad43f3b9c25a first8=[-0.0057,0.0005,0.1007,0.0006,0.0154,0.0163,-0.0279,0.0139]
HID seg2s16 pos=63 sha=0c808596c42c7759 first8=[0.0784,0.0995,0.1296,0.0121,-0.2466,0.0109,0.0335,-0.0433]
HID seg0s16 pos=79 sha=ce225d4944a11092 first8=[0.0081,0.0013,0.0299,-0.0086,-0.0063,-0.0054,-0.0018,0.0012]
HID seg1s16 pos=79 sha=52e1730bee311462 first8=[-0.0111,-0.0080,0.0966,-0.0181,-0.0049,0.0099,-0.0075,-0.0005]
HID seg2s16 pos=79 sha=3de26a8fe69d8f56 first8=[-0.0922,0.1017,0.0159,-0.0723,0.1757,-0.0264,0.0061,-0.0841]
HID seg0s16 pos=95 sha=7bc704d64f8b76ee first8=[-0.0016,-0.0067,0.0287,-0.0080,-0.0077,0.0059,-0.0023,-0.0029]
HID seg1s16 pos=95 sha=242eb25c54500578 first8=[0.0114,0.0221,0.0878,0.0001,-0.0076,0.0281,-0.0029,-0.0136]
HID seg2s16 pos=95 sha=9a42f7085b5d86bd first8=[-0.0567,0.0436,0.0975,0.2634,-0.0580,0.0599,0.1181,-0.2227]
HID seg0s16 pos=111 sha=454b6f46ed3ad251 first8=[0.0033,-0.0063,0.0431,0.0019,-0.0086,0.0026,0.0003,-0.0078]
HID seg1s16 pos=111 sha=d681ea13e3f4c21d first8=[-0.0164,-0.0123,0.0961,-0.0148,-0.0014,0.0202,0.0065,-0.0195]
HID seg2s16 pos=111 sha=1f93c4dd31dd669c first8=[0.0590,-0.0199,0.2888,0.0980,-0.4478,-0.1231,-0.0720,-0.0923]
HID seg0s16 pos=127 sha=42e19f098a75a653 first8=[0.0042,-0.0033,0.0351,-0.0114,-0.0058,0.0001,0.0020,0.0039]
HID seg1s16 pos=127 sha=f3cb2636d4a0f641 first8=[-0.0110,-0.0083,0.0685,0.0216,0.0048,0.0334,0.0093,0.0100]
HID seg2s16 pos=127 sha=92d078d1c8f3abc1 first8=[0.0108,0.0051,-0.0759,0.1711,-0.2341,-0.1266,0.2617,-0.1216]
HID seg0s16 pos=143 sha=b87d2b246f4db1f1 first8=[-0.0022,-0.0103,0.0251,-0.0040,-0.0055,0.0030,-0.0009,-0.0070]
HID seg1s16 pos=143 sha=6fdceb1347b6d4fa first8=[0.0094,0.0006,0.0599,-0.0002,0.0123,-0.0098,-0.0017,-0.0097]
HID seg2s16 pos=143 sha=08101af261d4bee3 first8=[0.0843,-0.0323,0.0027,0.0696,-0.0787,-0.0153,0.0871,-0.0915]
HID seg0s16 pos=159 sha=b21cbdc7395daee8 first8=[0.0034,-0.0025,0.0381,-0.0040,-0.0097,0.0027,0.0033,-0.0084]
HID seg1s16 pos=159 sha=c6c426013d2dee87 first8=[-0.0060,0.0034,0.0980,0.0044,0.0086,0.0154,0.0000,-0.0179]
HID seg2s16 pos=159 sha=189293b3b94d5781 first8=[-0.1015,0.0103,0.1826,0.1949,-0.0829,-0.0998,-0.0797,0.0572]
HID seg0s16 pos=175 sha=885eb78a55e42f7d first8=[0.0048,0.0010,0.0296,-0.0103,-0.0042,-0.0004,0.0047,0.0022]
HID seg1s16 pos=175 sha=d44f58ff6314e795 first8=[-0.0184,-0.0098,0.0627,0.0097,0.0012,0.0212,0.0041,-0.0058]
HID seg2s16 pos=175 sha=74610c2c580f2175 first8=[0.0107,-0.0540,-0.0570,0.0988,-0.2196,-0.1588,0.2720,-0.1206]
HID seg0s16 pos=191 sha=88dc1a165e0d3415 first8=[-0.0007,-0.0072,0.0208,-0.0056,-0.0062,0.0028,-0.0022,-0.0062]
HID seg1s16 pos=191 sha=ed7142d3f41ee891 first8=[0.0014,0.0089,0.0638,-0.0066,0.0148,0.0020,-0.0031,0.0030]
HID seg2s16 pos=191 sha=13b7a24e4cfd4eb7 first8=[0.0395,-0.0805,0.0276,0.1508,-0.0558,-0.0740,0.0793,-0.0602]
HID seg0s16 pos=207 sha=b76a7a4f4c0872e1 first8=[0.0046,-0.0010,0.0333,-0.0027,-0.0065,0.0054,0.0047,-0.0071]
HID seg1s16 pos=207 sha=c14f65c8ff78bc50 first8=[0.0128,0.0024,0.1097,0.0080,0.0119,0.0177,-0.0170,-0.0247]
HID seg2s16 pos=207 sha=1fd84ea439a43d59 first8=[-0.0352,-0.1173,0.1158,0.1042,-0.0304,0.0825,-0.0633,0.0431]
HID seg0s16 pos=223 sha=9de96fe5f6fbcc4a first8=[0.0037,0.0017,0.0239,-0.0101,-0.0043,0.0038,0.0048,0.0030]
HID seg1s16 pos=223 sha=e8bb0c1e05a42325 first8=[-0.0148,-0.0144,0.0712,-0.0020,0.0063,0.0173,0.0036,0.0033]
HID seg2s16 pos=223 sha=694bfd937247a0b3 first8=[0.0354,-0.0223,-0.0247,0.1257,-0.2134,-0.1458,0.2568,-0.1412]
HID seg0s16 pos=239 sha=92cbdae0e38e8930 first8=[-0.0009,-0.0039,0.0170,-0.0052,-0.0036,0.0040,-0.0035,-0.0041]
HID seg1s16 pos=239 sha=e2a2d35f72a1e952 first8=[0.0081,0.0032,0.0609,-0.0002,0.0133,0.0056,-0.0007,0.0071]
HID seg2s16 pos=239 sha=88b6cad00d6f93d9 first8=[0.0225,-0.0634,0.0280,0.2428,-0.0671,-0.0590,0.0752,-0.0729]
HID seg0s16 pos=255 sha=51603515cbfd02b6 first8=[0.0041,-0.0001,0.0302,-0.0027,-0.0071,0.0007,0.0058,-0.0095]
HID seg1s16 pos=255 sha=5e041947370897c2 first8=[0.0001,0.0061,0.1149,0.0033,0.0161,0.0127,-0.0222,-0.0308]
HID seg2s16 pos=255 sha=90f29b3f996a6df1 first8=[-0.1744,0.0427,0.1553,0.1708,0.0557,0.1610,0.0820,0.0606]
HID seg0s16 pos=271 sha=867246537fa095f7 first8=[0.0049,0.0001,0.0185,-0.0080,0.0023,-0.0081,-0.0005,-0.0090]
HID seg1s16 pos=271 sha=f439caac8872be17 first8=[-0.0203,0.0123,0.0525,0.0087,0.0025,-0.0174,-0.0065,0.0003]
HID seg2s16 pos=271 sha=9a0b37828c1b16c5 first8=[-0.0240,0.0436,0.0959,0.2467,-0.1869,-0.1730,0.0975,-0.0978]
HID seg0s16 pos=287 sha=e52cf9bec9d33b2a first8=[0.0054,-0.0049,0.0247,-0.0044,0.0010,-0.0040,0.0036,-0.0046]
HID seg1s16 pos=287 sha=a8ce4cd1a14f02a6 first8=[-0.0155,-0.0043,0.0768,0.0113,-0.0026,-0.0067,0.0043,-0.0115]
HID seg2s16 pos=287 sha=d50d29bcee293c29 first8=[0.0499,0.0525,0.2354,0.2314,-0.1969,-0.2123,-0.1843,-0.1155]
HID seg0s16 pos=303 sha=0afe20f19254cc40 first8=[0.0046,0.0007,0.0244,0.0055,-0.0011,-0.0002,0.0008,-0.0045]
HID seg1s16 pos=303 sha=7d8dde50100a3613 first8=[-0.0095,-0.0033,0.0721,-0.0087,0.0221,-0.0227,-0.0029,0.0048]
HID seg2s16 pos=303 sha=4150d00092e441ba first8=[0.0991,-0.1093,0.1097,0.0165,0.0027,0.1410,0.2576,-0.1488]
HID seg0s16 pos=319 sha=016a723ad9e6c07e first8=[0.0032,0.0034,0.0134,-0.0053,0.0029,-0.0122,-0.0026,-0.0111]
HID seg1s16 pos=319 sha=a674d59ec2664f1c first8=[-0.0141,0.0041,0.0587,0.0095,0.0045,-0.0139,-0.0042,-0.0014]
HID seg2s16 pos=319 sha=fb0f526d99284010 first8=[0.0440,-0.0132,0.1050,0.2581,-0.1882,-0.1421,0.1098,-0.0931]
HID seg0s16 pos=335 sha=80caa5dfb56857e4 first8=[0.0023,-0.0036,0.0213,-0.0009,0.0030,0.0003,0.0006,-0.0052]
HID seg1s16 pos=335 sha=ff15fa547c204947 first8=[-0.0122,-0.0072,0.0833,0.0121,0.0041,-0.0054,0.0036,-0.0199]
HID seg2s16 pos=335 sha=f1c11d5e21e12ce5 first8=[0.0346,0.0257,0.2766,0.2378,-0.2500,-0.1715,-0.1442,-0.1122]
HID seg0s16 pos=351 sha=0b933ef8cebd7237 first8=[-0.0032,0.0088,0.0200,0.0011,-0.0051,-0.0038,-0.0013,-0.0100]
HID seg1s16 pos=351 sha=4f3784da376d86a4 first8=[0.0013,-0.0001,0.0695,0.0053,0.0134,-0.0272,-0.0141,0.0003]
HID seg2s16 pos=351 sha=b9ce13460eaf1fa5 first8=[0.0070,-0.0623,0.0408,0.0216,-0.0801,0.0432,0.2507,-0.1953]
HID seg0s16 pos=367 sha=c40b3bc5ae076f48 first8=[0.0022,0.0022,0.0099,-0.0037,0.0045,-0.0100,-0.0002,-0.0119]
HID seg1s16 pos=367 sha=82e62a712b107a15 first8=[-0.0199,0.0088,0.0473,0.0155,-0.0003,-0.0184,-0.0127,-0.0050]
HID seg2s16 pos=367 sha=9c24b14cfc80dfa1 first8=[0.0316,-0.0192,0.1088,0.2458,-0.1744,-0.1899,0.1312,-0.0758]
HID seg0s16 pos=383 sha=f8ed94f778899cc7 first8=[0.0026,-0.0025,0.0197,-0.0019,0.0031,0.0023,-0.0010,-0.0048]
HID seg1s16 pos=383 sha=f540d84318d96884 first8=[-0.0009,-0.0125,0.0765,0.0132,-0.0038,0.0016,-0.0054,-0.0145]
HID seg2s16 pos=383 sha=2eca7744c4a95ff3 first8=[-0.0233,0.0288,0.2142,0.2396,-0.1869,-0.1943,-0.1580,-0.0478]
HID seg0s16 pos=399 sha=297bdf0e618ef1cb first8=[0.0028,0.0018,0.0126,0.0011,-0.0029,0.0009,0.0002,-0.0064]
HID seg1s16 pos=399 sha=758b19d0aaba38d6 first8=[-0.0019,-0.0007,0.0557,-0.0074,0.0185,-0.0249,-0.0045,0.0047]
HID seg2s16 pos=399 sha=8737925a32aee093 first8=[0.0143,-0.0106,0.0345,0.0259,-0.0581,0.0502,0.1971,-0.2277]
HID seg0s16 pos=415 sha=d0356c89efa3d2e2 first8=[0.0012,0.0006,0.0073,-0.0071,0.0038,-0.0100,0.0006,-0.0089]
HID seg1s16 pos=415 sha=317bbb8e078c9bf8 first8=[-0.0153,0.0102,0.0474,0.0143,0.0025,-0.0312,-0.0094,-0.0072]
HID seg2s16 pos=415 sha=012e1a98a68bf5e1 first8=[0.0563,-0.0427,0.1018,0.2319,-0.1431,-0.2262,0.1251,-0.1486]
HID seg0s16 pos=431 sha=fb3a40cbe8418b5d first8=[-0.0007,-0.0020,0.0155,0.0015,0.0039,0.0043,0.0005,-0.0051]
HID seg1s16 pos=431 sha=acebaa996124bb07 first8=[-0.0059,-0.0198,0.0798,0.0161,-0.0002,0.0056,0.0007,-0.0142]
HID seg2s16 pos=431 sha=4733545d7584b908 first8=[0.0145,0.0069,0.2722,0.2590,-0.2163,-0.1639,-0.1476,-0.1183]
HID seg0s16 pos=447 sha=9bfbc1d3e612cb2f first8=[0.0030,0.0066,0.0092,0.0073,-0.0015,0.0046,-0.0010,-0.0054]
HID seg1s16 pos=447 sha=236234a09c35ad5e first8=[0.0062,-0.0019,0.0505,-0.0063,0.0167,-0.0204,-0.0130,0.0114]
HID seg2s16 pos=447 sha=0be4c1b0212849f1 first8=[-0.0573,-0.0801,0.0237,-0.0341,-0.0143,0.0545,0.1826,-0.2111]
HID seg0s16 pos=463 sha=dd92414048ecae34 first8=[-0.0058,0.0034,0.0154,-0.0039,-0.0014,-0.0054,-0.0006,0.0084]
HID seg1s16 pos=463 sha=b8028b9338fd6c14 first8=[0.0044,-0.0134,0.0515,-0.0087,0.0027,-0.0166,0.0226,-0.0095]
HID seg2s16 pos=463 sha=89d3afbdac58f9db first8=[-0.0634,0.1729,0.1121,0.2644,-0.0360,-0.1049,-0.0005,-0.1927]
HID seg0s16 pos=479 sha=e7378772d123ad3a first8=[0.0080,-0.0061,0.0263,0.0021,-0.0045,0.0088,0.0019,-0.0028]
HID seg1s16 pos=479 sha=19be453adbdc7b5b first8=[-0.0096,-0.0180,0.0721,-0.0138,0.0207,0.0003,0.0080,0.0044]
HID seg2s16 pos=479 sha=390b30379e72598e first8=[0.0540,-0.0554,0.1404,0.0655,0.0812,0.0391,0.1283,-0.2515]
HID seg0s16 pos=495 sha=a43303b2c49d1fd6 first8=[-0.0053,-0.0028,0.0222,0.0001,-0.0087,0.0086,-0.0001,-0.0043]
HID seg1s16 pos=495 sha=3c4f53df2c1323d5 first8=[-0.0156,0.0123,0.0557,-0.0077,0.0015,0.0197,-0.0268,-0.0128]
HID seg2s16 pos=495 sha=b3ec0ca5025ceaa8 first8=[-0.0814,0.1179,0.1913,0.2225,-0.0855,0.0160,0.1713,-0.3735]
HID seg0s16 pos=511 sha=3513028cde0f70c0 first8=[0.0008,-0.0106,0.0213,0.0044,-0.0079,0.0081,-0.0064,-0.0039]
HID seg1s16 pos=511 sha=755bec82126468de first8=[0.0002,0.0134,0.0657,0.0049,0.0074,0.0344,-0.0456,-0.0239]
HID seg2s16 pos=511 sha=9c92247e03381ebd first8=[-0.0120,0.0294,0.1846,0.1151,0.0197,-0.1324,0.2151,-0.4224]
HID seg0s16 pos=527 sha=6142fbea647453fb first8=[0.0012,-0.0010,0.0207,0.0047,0.0003,-0.0000,0.0045,0.0019]
HID seg1s16 pos=527 sha=9e71b15ed915411d first8=[-0.0104,-0.0232,0.0844,-0.0229,-0.0201,-0.0035,-0.0090,-0.0049]
HID seg2s16 pos=527 sha=52ddaf5e8347b612 first8=[0.0886,-0.0162,0.1510,0.0634,-0.0203,-0.1774,0.1105,0.0465]
HID seg0s16 pos=543 sha=56b7b2fd82507db1 first8=[-0.0041,-0.0009,-0.0017,-0.0042,-0.0099,0.0211,-0.0054,-0.0042]
HID seg1s16 pos=543 sha=df8291b93d8ce805 first8=[0.0100,-0.0080,0.0591,-0.0173,0.0123,0.0270,0.0219,0.0026]
HID seg2s16 pos=543 sha=b95c2544a63593eb first8=[0.0435,0.0967,0.0191,0.0225,-0.0629,0.2627,-0.0424,-0.2754]
HID seg0s16 pos=559 sha=7d0ddab8611ec0fa first8=[-0.0069,0.0048,-0.0129,-0.0016,-0.0051,0.0019,0.0037,0.0098]
HID seg1s16 pos=559 sha=d2579ffa076ed2bf first8=[-0.0129,-0.0106,0.0347,-0.0108,-0.0131,0.0249,0.0101,0.0283]
HID seg2s16 pos=559 sha=3c2c990cde9b2135 first8=[0.0911,0.1938,0.1982,0.1011,-0.0018,0.1488,0.1462,-0.0765]
HID seg0s16 pos=575 sha=d705a225dbaed60f first8=[-0.0042,-0.0017,0.0013,-0.0000,-0.0024,0.0057,0.0001,0.0017]
HID seg1s16 pos=575 sha=d784fd6301bc38bd first8=[0.0066,-0.0045,0.0076,0.0021,0.0077,0.0222,0.0084,-0.0088]
HID seg2s16 pos=575 sha=8f0ea9cc58e561a3 first8=[-0.0671,0.2815,0.0461,0.1687,-0.0568,0.0884,0.1882,0.0223]
HID seg0s16 pos=591 sha=fa7b9ee06e7d44a3 first8=[-0.0011,-0.0069,0.0022,0.0054,-0.0033,0.0072,0.0006,-0.0036]
HID seg1s16 pos=591 sha=d0d2d2123df14983 first8=[0.0115,-0.0075,-0.0117,0.0028,0.0156,0.0284,-0.0026,-0.0204]
HID seg2s16 pos=591 sha=d968c2a76afa337f first8=[0.1602,-0.0471,0.1833,0.0485,0.1436,-0.1188,0.1459,-0.2576]
HID seg0s16 pos=607 sha=bebae93e3dc7ec93 first8=[0.0035,-0.0032,0.0076,-0.0041,-0.0014,0.0053,0.0004,-0.0080]
HID seg1s16 pos=607 sha=ecb6b71add0dccd4 first8=[-0.0067,-0.0014,0.0585,0.0089,-0.0103,0.0182,0.0106,-0.0024]
HID seg2s16 pos=607 sha=cb13b177cb296205 first8=[-0.1454,0.3010,0.0822,0.2034,-0.1578,0.0790,0.0197,0.2035]
HID seg0s16 pos=623 sha=3f66a5779deb5154 first8=[-0.0023,0.0049,0.0045,0.0025,-0.0035,0.0108,-0.0092,-0.0034]
HID seg1s16 pos=623 sha=7ef66f9da2dfa60e first8=[-0.0055,0.0129,0.0047,-0.0191,0.0173,0.0036,0.0184,-0.0154]
HID seg2s16 pos=623 sha=7730aae67a80df52 first8=[0.0674,0.1002,0.0884,-0.1096,0.0271,0.0311,-0.0751,-0.0055]
HID seg0s16 pos=15 sha=b30f2e9e5d4a910c first8=[0.0037,-0.0103,0.0387,0.0053,0.0072,-0.0008,-0.0002,0.0013]
HID seg1s16 pos=15 sha=fef591d53f23371d first8=[0.0015,0.0067,0.1467,-0.0064,0.0053,0.0017,-0.0106,-0.0033]
HID seg2s16 pos=15 sha=d4c52d1cde7ab111 first8=[-0.1185,-0.0385,0.0410,-0.0073,0.0137,-0.0156,0.1885,-0.1982]
HID seg0s16 pos=31 sha=750809eb110463cb first8=[0.0025,-0.0110,0.0385,-0.0019,-0.0059,-0.0122,-0.0035,-0.0121]
HID seg1s16 pos=31 sha=8b2a9843903058f8 first8=[0.0157,0.0092,0.0959,-0.0135,-0.0057,0.0079,-0.0015,0.0195]
HID seg2s16 pos=31 sha=fcf47406327b2146 first8=[0.0965,0.1953,0.0522,0.0006,-0.1233,0.1296,0.0090,-0.1310]
HID seg0s16 pos=47 sha=e1d356c00a23b8e4 first8=[-0.0005,-0.0073,0.0410,0.0103,-0.0021,-0.0091,-0.0099,-0.0057]
HID seg1s16 pos=47 sha=ff45725292313497 first8=[0.0140,0.0100,0.1105,0.0212,0.0173,-0.0344,-0.0039,-0.0179]
HID seg2s16 pos=47 sha=f0be4b5072e6a427 first8=[-0.0777,0.0122,0.1052,0.1515,0.1619,0.0494,-0.0455,-0.0874]
HID seg0s16 pos=63 sha=34e80df2a9915340 first8=[0.0049,-0.0037,0.0391,0.0078,-0.0077,-0.0024,-0.0023,0.0079]
HID seg1s16 pos=63 sha=987b412b7d04f9ed first8=[0.0103,-0.0220,0.1037,-0.0034,0.0157,0.0007,-0.0190,0.0215]
HID seg2s16 pos=63 sha=b3bb55e98bb9e55f first8=[0.0856,-0.0573,0.1683,0.2886,-0.0858,0.1037,-0.0798,-0.1143]
HID seg0s16 pos=79 sha=b28947c673fc4bb8 first8=[0.0076,0.0023,0.0313,-0.0055,-0.0074,-0.0070,-0.0042,0.0012]
HID seg1s16 pos=79 sha=9921a7ef27a13f62 first8=[0.0048,-0.0150,0.0984,-0.0217,0.0035,0.0079,0.0045,0.0078]
HID seg2s16 pos=79 sha=6685aac5e2735703 first8=[-0.1254,0.0881,-0.0162,-0.0720,0.1627,0.0147,-0.0090,-0.0657]
HID seg0s16 pos=95 sha=fbcd54437d95e5cf first8=[-0.0027,-0.0045,0.0305,-0.0072,-0.0044,0.0057,-0.0034,-0.0044]
HID seg1s16 pos=95 sha=60731d9f38e70d92 first8=[0.0175,0.0163,0.0843,-0.0075,0.0004,0.0263,-0.0107,-0.0153]
HID seg2s16 pos=95 sha=9760e5ec23ad3946 first8=[-0.0434,0.1037,0.0929,0.2495,0.0002,0.1512,0.1013,-0.2443]
HID seg0s16 pos=111 sha=592f5c5da3fe6f1d first8=[0.0037,-0.0033,0.0420,0.0016,-0.0081,-0.0008,0.0002,-0.0080]
HID seg1s16 pos=111 sha=711b212190687cd3 first8=[0.0015,-0.0053,0.1176,-0.0167,0.0040,0.0171,0.0057,-0.0181]
HID seg2s16 pos=111 sha=172d54d422c634b0 first8=[0.0381,0.0366,0.2371,-0.0315,-0.2712,0.0321,-0.2366,0.1311]
HID seg0s16 pos=127 sha=2adce5629be960c6 first8=[0.0044,-0.0006,0.0332,-0.0111,-0.0065,0.0023,0.0032,0.0059]
HID seg1s16 pos=127 sha=9256481b3b1a5553 first8=[-0.0052,-0.0158,0.0759,0.0096,0.0101,0.0247,0.0119,0.0112]
HID seg2s16 pos=127 sha=bf2cd555f2722916 first8=[-0.0175,-0.0945,-0.0648,0.2147,-0.2407,-0.1359,0.2434,-0.0816]
HID seg0s16 pos=143 sha=6427be8fdd255f97 first8=[-0.0037,-0.0075,0.0252,-0.0043,-0.0031,0.0068,-0.0034,-0.0040]
HID seg1s16 pos=143 sha=458c5d79873c50ad first8=[-0.0012,-0.0091,0.0545,-0.0073,0.0056,0.0068,-0.0092,0.0069]
HID seg2s16 pos=143 sha=040bbfbd1a4b2330 first8=[0.0477,0.0764,-0.0060,0.1868,-0.0966,-0.0079,0.1087,-0.0995]
HID seg0s16 pos=159 sha=0191809eb3786811 first8=[0.0041,-0.0013,0.0357,-0.0017,-0.0068,0.0033,0.0053,-0.0084]
HID seg1s16 pos=159 sha=d4e17bc95b5b1600 first8=[0.0062,0.0006,0.1056,0.0022,0.0084,0.0175,-0.0090,-0.0196]
HID seg2s16 pos=159 sha=7a346ed7778d7a0f first8=[-0.1089,0.1011,0.0864,0.1674,-0.0612,-0.0536,-0.0347,0.0780]
HID seg0s16 pos=175 sha=f3da9166b8afeca6 first8=[0.0056,0.0013,0.0285,-0.0118,-0.0050,-0.0005,0.0064,0.0064]
HID seg1s16 pos=175 sha=ff8ee9542978f288 first8=[-0.0118,-0.0208,0.0651,0.0073,0.0087,0.0233,0.0009,0.0044]
HID seg2s16 pos=175 sha=d8a579f60166aa99 first8=[0.0137,-0.0792,-0.0327,0.1202,-0.2407,-0.1338,0.2405,-0.1783]
HID seg0s16 pos=191 sha=faeada4218ade4e3 first8=[-0.0038,-0.0020,0.0202,-0.0044,-0.0002,0.0056,-0.0027,-0.0050]
HID seg1s16 pos=191 sha=5918492b34c07786 first8=[-0.0013,0.0173,0.0581,0.0051,0.0195,0.0079,-0.0103,0.0094]
HID seg2s16 pos=191 sha=d77f9d74b0692d59 first8=[0.0815,0.0166,-0.0343,0.2542,-0.0120,-0.0114,0.1174,-0.1704]
HID seg0s16 pos=207 sha=c185225e54b3957d first8=[0.0030,0.0005,0.0330,-0.0029,-0.0045,0.0046,0.0051,-0.0075]
HID seg1s16 pos=207 sha=d822f5d436c1362c first8=[0.0074,0.0028,0.1135,0.0127,0.0085,0.0185,-0.0210,-0.0276]
HID seg2s16 pos=207 sha=8b1def61246ab1e0 first8=[-0.0556,-0.0615,0.1689,0.1226,-0.0273,0.1603,-0.0270,0.0630]
HID seg0s16 pos=223 sha=08fe4ad880bc5713 first8=[0.0030,-0.0000,0.0217,-0.0085,-0.0037,0.0007,0.0044,0.0033]
HID seg1s16 pos=223 sha=4c73c9b20e423800 first8=[-0.0065,-0.0181,0.0768,0.0069,0.0098,0.0020,-0.0007,0.0035]
HID seg2s16 pos=223 sha=2931162da48e481d first8=[0.0353,-0.0761,-0.0316,0.0945,-0.2190,-0.1692,0.2349,-0.1135]
HID seg0s16 pos=239 sha=470d0aca7052d05f first8=[-0.0031,-0.0016,0.0156,-0.0067,0.0016,0.0059,-0.0028,-0.0016]
HID seg1s16 pos=239 sha=9a0483010bec6ce8 first8=[-0.0062,0.0108,0.0622,0.0030,0.0191,0.0053,-0.0132,0.0111]
HID seg2s16 pos=239 sha=6650306e333eb2e0 first8=[0.1044,0.0560,0.0151,0.2084,-0.0161,0.0119,0.0801,-0.1636]
HID seg0s16 pos=255 sha=e8d249b0b73adcdd first8=[0.0020,-0.0021,0.0282,-0.0023,-0.0034,0.0065,0.0054,-0.0078]
HID seg1s16 pos=255 sha=f4efb2475769d79f first8=[0.0052,0.0022,0.1176,0.0062,0.0134,0.0112,-0.0201,-0.0293]
HID seg2s16 pos=255 sha=c7d0e15746d399f8 first8=[-0.1143,0.0353,0.1506,0.0974,0.0082,0.1877,0.1151,0.0793]
HID seg0s16 pos=271 sha=89ee0cec9811772b first8=[0.0057,0.0027,0.0158,-0.0080,0.0045,-0.0036,-0.0018,-0.0094]
HID seg1s16 pos=271 sha=e1d7c0544aa7113a first8=[-0.0129,0.0055,0.0572,0.0046,0.0055,-0.0103,0.0005,0.0002]
HID seg2s16 pos=271 sha=5e8aecfead7b9094 first8=[-0.0173,0.0529,0.1072,0.2164,-0.2325,-0.1272,0.0316,-0.0413]
HID seg0s16 pos=287 sha=92c5e1500fb30991 first8=[0.0069,-0.0032,0.0241,-0.0037,0.0003,-0.0043,0.0040,-0.0044]
HID seg1s16 pos=287 sha=38c97ba4ff71a5b9 first8=[-0.0081,-0.0104,0.0816,0.0084,-0.0055,-0.0046,-0.0015,-0.0134]
HID seg2s16 pos=287 sha=12d1c975fbecf524 first8=[0.0427,0.0886,0.2170,0.2112,-0.2074,-0.1169,-0.1375,-0.1055]
HID seg0s16 pos=303 sha=1dbc4a3094686c45 first8=[-0.0050,0.0090,0.0212,0.0081,-0.0018,-0.0067,0.0006,-0.0047]
HID seg1s16 pos=303 sha=fc389d30ccbda53d first8=[0.0021,0.0029,0.0718,0.0006,0.0288,-0.0199,-0.0102,0.0295]
HID seg2s16 pos=303 sha=20f7aec4115edb3f first8=[0.0572,-0.0940,0.0656,0.0827,-0.0273,0.1516,0.1960,-0.1240]
HID seg0s16 pos=319 sha=10a78ec804d99da9 first8=[0.0023,0.0010,0.0106,-0.0030,0.0039,-0.0080,-0.0011,-0.0097]
HID seg1s16 pos=319 sha=26a84abf79f5e550 first8=[-0.0081,0.0014,0.0673,0.0143,0.0002,-0.0157,-0.0037,0.0029]
HID seg2s16 pos=319 sha=46b261600c555526 first8=[0.0642,-0.0501,0.0999,0.3296,-0.2008,-0.1158,0.1036,-0.0104]
HID seg0s16 pos=335 sha=97e88b8284357958 first8=[0.0046,-0.0052,0.0209,-0.0005,0.0030,-0.0015,0.0027,-0.0056]
HID seg1s16 pos=335 sha=43e2ac85a737f747 first8=[-0.0139,-0.0063,0.0875,0.0094,-0.0110,-0.0023,0.0019,-0.0205]
HID seg2s16 pos=335 sha=9cbfd2cb72a6a0e4 first8=[0.0289,0.0105,0.2361,0.2344,-0.1840,-0.0574,-0.1443,-0.0948]
HID seg0s16 pos=351 sha=e78e2b4baa37b1b5 first8=[-0.0018,0.0051,0.0100,0.0033,0.0036,-0.0015,-0.0024,0.0023]
HID seg1s16 pos=351 sha=43562eb9f36207e6 first8=[-0.0066,-0.0039,0.0670,-0.0161,0.0259,-0.0272,-0.0098,0.0379]
HID seg2s16 pos=351 sha=000aaabc864a7c4d first8=[-0.0066,-0.0232,0.0183,0.0297,-0.0277,0.0827,0.2272,-0.1422]
HID seg0s16 pos=367 sha=9ec2ec04a2d7ab9b first8=[-0.0003,0.0033,0.0070,-0.0051,0.0046,-0.0040,0.0024,-0.0102]
HID seg1s16 pos=367 sha=abb3ae38d14f4f98 first8=[-0.0172,-0.0032,0.0559,0.0065,-0.0011,-0.0095,-0.0171,0.0033]
HID seg2s16 pos=367 sha=24f8bfeea0c96c8e first8=[0.0727,-0.0414,0.0934,0.2854,-0.1534,-0.1284,0.0828,-0.0050]
HID seg0s16 pos=383 sha=3385c5530856d0aa first8=[0.0023,-0.0008,0.0184,0.0026,0.0019,0.0046,0.0016,-0.0047]
HID seg1s16 pos=383 sha=d226aa5ad9bf7998 first8=[-0.0049,-0.0220,0.0938,0.0100,-0.0079,0.0070,0.0038,-0.0088]
HID seg2s16 pos=383 sha=4e6a32996c20088d first8=[0.0491,0.0401,0.2382,0.1998,-0.1943,-0.0656,-0.1561,-0.0999]
HID seg0s16 pos=399 sha=96adff2eee5a9f1a first8=[0.0025,0.0062,0.0093,0.0058,0.0031,0.0001,-0.0027,-0.0052]
HID seg1s16 pos=399 sha=6b2a5f372527907b first8=[0.0003,-0.0011,0.0575,-0.0125,0.0291,-0.0246,-0.0093,0.0093]
HID seg2s16 pos=399 sha=25c442dfe93d2353 first8=[0.0117,-0.0370,0.0199,0.0386,-0.0388,0.0444,0.1960,-0.2024]
HID seg0s16 pos=415 sha=df38ffbb01d03573 first8=[0.0010,0.0009,0.0074,-0.0036,0.0030,-0.0066,0.0023,-0.0094]
HID seg1s16 pos=415 sha=b10b99062585a287 first8=[-0.0139,0.0052,0.0590,0.0130,0.0043,-0.0215,-0.0138,-0.0014]
HID seg2s16 pos=415 sha=d0120f6dadb10b00 first8=[0.0963,-0.0229,0.1054,0.2854,-0.1481,-0.1680,0.0974,-0.0434]
HID seg0s16 pos=431 sha=ed508d900ec7f05e first8=[0.0011,0.0002,0.0174,0.0027,0.0017,0.0030,0.0020,-0.0054]
HID seg1s16 pos=431 sha=6dbfa3dd73eda5c5 first8=[0.0031,-0.0174,0.0914,0.0163,0.0008,0.0062,0.0018,-0.0141]
HID seg2s16 pos=431 sha=c880370b36597236 first8=[0.0281,0.0303,0.2537,0.2321,-0.1919,-0.0823,-0.1588,-0.0923]
HID seg0s16 pos=447 sha=df1e876c41511908 first8=[-0.0001,0.0082,0.0014,0.0071,0.0011,-0.0034,-0.0009,-0.0017]
HID seg1s16 pos=447 sha=7ed161c8baa065e0 first8=[0.0026,0.0008,0.0513,-0.0076,0.0280,-0.0298,-0.0128,0.0095]
HID seg2s16 pos=447 sha=a97787aa502c7c07 first8=[-0.0609,-0.0441,-0.0127,0.0310,-0.0592,0.0843,0.1614,-0.2159]
HID seg0s16 pos=463 sha=d5e87e825d845590 first8=[-0.0056,0.0014,0.0146,-0.0042,-0.0021,-0.0052,0.0009,0.0090]
HID seg1s16 pos=463 sha=b0fc216b26cb44aa first8=[0.0088,-0.0093,0.0525,-0.0002,0.0020,-0.0235,0.0198,-0.0065]
HID seg2s16 pos=463 sha=3dd5f54f573060c6 first8=[0.0262,0.1990,0.1331,0.2190,-0.0898,-0.0679,0.0586,-0.1914]
HID seg0s16 pos=479 sha=4dcdce7fe838b506 first8=[0.0081,-0.0075,0.0280,0.0022,-0.0038,0.0089,0.0049,-0.0016]
HID seg1s16 pos=479 sha=a82b7f5210d35bfc first8=[-0.0027,-0.0202,0.0701,-0.0157,0.0166,0.0004,0.0126,0.0074]
HID seg2s16 pos=479 sha=853af8033dddf90c first8=[0.0186,-0.0087,0.0827,-0.0136,0.0994,0.1787,0.0920,-0.3025]
HID seg0s16 pos=495 sha=af99348ab9f0f51b first8=[-0.0042,-0.0049,0.0211,-0.0024,-0.0059,0.0081,0.0013,-0.0052]
HID seg1s16 pos=495 sha=52f63b04e418578b first8=[-0.0134,0.0086,0.0575,-0.0006,-0.0003,0.0170,-0.0208,-0.0112]
HID seg2s16 pos=495 sha=2ecc375634f00c22 first8=[-0.1201,0.1530,0.1991,0.2529,-0.0793,0.0424,0.1631,-0.3633]
HID seg0s16 pos=511 sha=44a5dece3a53d6f9 first8=[0.0000,-0.0096,0.0198,0.0052,-0.0085,0.0085,-0.0064,-0.0031]
HID seg1s16 pos=511 sha=f179cf826bde2b1b first8=[-0.0108,0.0070,0.0636,0.0092,0.0131,0.0284,-0.0461,-0.0315]
HID seg2s16 pos=511 sha=baa0e42f08acfcc9 first8=[0.0426,0.0757,0.1703,0.1320,-0.0876,-0.1426,0.2167,-0.4570]
HID seg0s16 pos=527 sha=b5ac87677bc5ffac first8=[0.0005,0.0005,0.0208,0.0027,0.0009,-0.0010,0.0034,0.0016]
HID seg1s16 pos=527 sha=287d6e3f86e6acc1 first8=[-0.0090,-0.0199,0.0820,-0.0234,-0.0138,0.0013,-0.0051,-0.0103]
HID seg2s16 pos=527 sha=3a60cd127d8801e9 first8=[0.1005,0.0175,0.1324,0.0349,-0.0375,-0.1876,0.1057,0.0207]
HID seg0s16 pos=543 sha=4d6c9f5fcc2b7e81 first8=[-0.0020,-0.0018,-0.0000,-0.0041,-0.0083,0.0200,-0.0043,-0.0025]
HID seg1s16 pos=543 sha=e257d8061c492710 first8=[0.0125,-0.0089,0.0542,-0.0043,0.0164,0.0250,0.0190,0.0026]
HID seg2s16 pos=543 sha=d4f489e5ecab40f9 first8=[-0.0052,0.0920,0.0444,0.0168,-0.0890,0.2234,-0.0950,-0.1115]
HID seg0s16 pos=559 sha=7691c8f3f53bce76 first8=[-0.0059,0.0036,-0.0095,-0.0023,-0.0068,0.0072,0.0023,0.0083]
HID seg1s16 pos=559 sha=27b2bfe01d9d9eb7 first8=[-0.0092,-0.0053,0.0183,-0.0222,-0.0089,0.0215,0.0229,0.0327]
HID seg2s16 pos=559 sha=6b97b62b6ea66c9f first8=[0.0885,0.1497,0.2452,0.0263,-0.0223,0.0400,0.1631,-0.0692]
HID seg0s16 pos=575 sha=22133d95165d2cdc first8=[0.0047,0.0061,-0.0004,0.0066,-0.0052,0.0030,-0.0073,0.0041]
HID seg1s16 pos=575 sha=6345cdf0dc886af0 first8=[0.0119,0.0073,0.0184,-0.0060,0.0001,0.0103,0.0195,0.0124]
HID seg2s16 pos=575 sha=368ae7d7a3f8c317 first8=[-0.1165,0.1562,0.0311,0.1057,0.0011,0.1029,0.1142,-0.1233]
HID seg0s16 pos=591 sha=2bd67eb424e29353 first8=[-0.0005,-0.0066,-0.0063,0.0068,-0.0042,0.0081,-0.0001,-0.0048]
HID seg1s16 pos=591 sha=006ce327c8d51288 first8=[0.0126,-0.0175,0.0076,0.0017,-0.0060,0.0159,-0.0237,-0.0120]
HID seg2s16 pos=591 sha=c97b5b05d08f7112 first8=[0.1582,-0.0527,0.0383,0.0248,0.1493,-0.0213,0.0683,-0.1617]
HID seg0s16 pos=607 sha=33232d8fabd6d2e6 first8=[0.0034,-0.0013,0.0107,-0.0059,-0.0022,0.0065,-0.0033,-0.0063]
HID seg1s16 pos=607 sha=a615390c73d5a44d first8=[-0.0061,-0.0153,0.0744,0.0058,0.0049,0.0093,0.0014,0.0073]
HID seg2s16 pos=607 sha=c75a05577dcf1125 first8=[-0.1248,0.2018,0.1296,0.3770,0.0040,0.0851,-0.0014,0.0078]
HID seg0s16 pos=623 sha=32df4bf2afd2cd61 first8=[-0.0004,0.0033,0.0031,0.0051,-0.0017,0.0139,-0.0067,-0.0019]
HID seg1s16 pos=623 sha=f6b9d3e5e443f0a4 first8=[-0.0052,0.0194,0.0116,0.0042,0.0238,0.0096,0.0370,-0.0131]
HID seg2s16 pos=623 sha=1a65cb5a98a87d47 first8=[0.1050,0.0572,0.1116,-0.0215,-0.0009,0.0591,-0.0196,-0.0408]
HID seg0s16 pos=15 sha=b30f2e9e5d4a910c first8=[0.0037,-0.0103,0.0387,0.0053,0.0072,-0.0008,-0.0002,0.0013]
HID seg1s16 pos=15 sha=fef591d53f23371d first8=[0.0015,0.0067,0.1467,-0.0064,0.0053,0.0017,-0.0106,-0.0033]
HID seg2s16 pos=15 sha=d4c52d1cde7ab111 first8=[-0.1185,-0.0385,0.0410,-0.0073,0.0137,-0.0156,0.1885,-0.1982]
HID seg0s16 pos=31 sha=750809eb110463cb first8=[0.0025,-0.0110,0.0385,-0.0019,-0.0059,-0.0122,-0.0035,-0.0121]
HID seg1s16 pos=31 sha=8b2a9843903058f8 first8=[0.0157,0.0092,0.0959,-0.0135,-0.0057,0.0079,-0.0015,0.0195]
HID seg2s16 pos=31 sha=fcf47406327b2146 first8=[0.0965,0.1953,0.0522,0.0006,-0.1233,0.1296,0.0090,-0.1310]
HID seg0s16 pos=47 sha=e1d356c00a23b8e4 first8=[-0.0005,-0.0073,0.0410,0.0103,-0.0021,-0.0091,-0.0099,-0.0057]
HID seg1s16 pos=47 sha=ff45725292313497 first8=[0.0140,0.0100,0.1105,0.0212,0.0173,-0.0344,-0.0039,-0.0179]
HID seg2s16 pos=47 sha=f0be4b5072e6a427 first8=[-0.0777,0.0122,0.1052,0.1515,0.1619,0.0494,-0.0455,-0.0874]
HID seg0s16 pos=63 sha=34e80df2a9915340 first8=[0.0049,-0.0037,0.0391,0.0078,-0.0077,-0.0024,-0.0023,0.0079]
HID seg1s16 pos=63 sha=987b412b7d04f9ed first8=[0.0103,-0.0220,0.1037,-0.0034,0.0157,0.0007,-0.0190,0.0215]
HID seg2s16 pos=63 sha=b3bb55e98bb9e55f first8=[0.0856,-0.0573,0.1683,0.2886,-0.0858,0.1037,-0.0798,-0.1143]
HID seg0s16 pos=79 sha=84093fb7ab6e329d first8=[0.0068,0.0022,0.0313,-0.0060,-0.0088,-0.0075,-0.0043,0.0030]
HID seg1s16 pos=79 sha=d8c2079298faa663 first8=[0.0038,-0.0152,0.0919,-0.0125,0.0070,0.0130,0.0017,0.0081]
HID seg2s16 pos=79 sha=7431380706826427 first8=[-0.1131,0.0994,-0.0305,-0.0823,0.1720,-0.0027,-0.0338,-0.0547]
HID seg0s16 pos=95 sha=25bcc1ac49220942 first8=[-0.0017,-0.0075,0.0296,-0.0102,-0.0054,0.0067,-0.0044,-0.0050]
HID seg1s16 pos=95 sha=25ea3f94bacf30ce first8=[0.0143,0.0145,0.1047,-0.0000,0.0059,0.0313,-0.0071,-0.0080]
HID seg2s16 pos=95 sha=07748680482e61ea first8=[-0.0115,0.0905,0.0759,0.2678,0.0591,0.1193,0.1309,-0.2096]
HID seg0s16 pos=111 sha=6eda29c38d520bb4 first8=[0.0038,-0.0026,0.0418,0.0011,-0.0075,0.0008,-0.0000,-0.0071]
HID seg1s16 pos=111 sha=94f563d8a6510433 first8=[-0.0023,0.0004,0.1198,-0.0152,0.0040,0.0184,0.0032,-0.0204]
HID seg2s16 pos=111 sha=71b37b7aa4228a5c first8=[-0.0037,0.0800,0.2159,0.0050,-0.2515,0.0412,-0.2469,0.0389]
HID seg0s16 pos=127 sha=a64bdfecc6fdc6fd first8=[0.0051,-0.0026,0.0348,-0.0094,-0.0056,0.0022,0.0037,0.0065]
HID seg1s16 pos=127 sha=06ac1adfa09d0404 first8=[-0.0044,-0.0155,0.0864,0.0166,0.0053,0.0339,0.0104,0.0137]
HID seg2s16 pos=127 sha=55f0bc272349e4cf first8=[0.0027,-0.0920,-0.0609,0.1923,-0.2041,-0.1528,0.2394,-0.0019]
HID seg0s16 pos=143 sha=15849990be5cd475 first8=[-0.0022,-0.0091,0.0250,-0.0030,-0.0029,0.0052,-0.0036,-0.0034]
HID seg1s16 pos=143 sha=2f2eb127955ab0ce first8=[-0.0002,-0.0078,0.0634,-0.0160,0.0128,0.0074,-0.0051,0.0021]
HID seg2s16 pos=143 sha=180beb0a94a7275e first8=[0.0840,0.0045,-0.0378,0.1720,-0.0253,-0.0039,0.0710,0.0037]
HID seg0s16 pos=159 sha=0e496315e80a847a first8=[0.0027,-0.0004,0.0378,-0.0018,-0.0073,0.0023,0.0040,-0.0072]
HID seg1s16 pos=159 sha=c500200ec1ce8d57 first8=[0.0007,-0.0049,0.1034,-0.0004,0.0041,0.0251,0.0024,-0.0163]
HID seg2s16 pos=159 sha=ff923c1cb56fb0f3 first8=[-0.0330,0.0650,0.1293,0.1559,-0.1073,-0.0475,-0.0583,0.0700]
HID seg0s16 pos=175 sha=177379eb1bfb9ce5 first8=[0.0050,0.0024,0.0287,-0.0122,-0.0038,0.0004,0.0066,0.0028]
HID seg1s16 pos=175 sha=0d43e23868fb8c11 first8=[-0.0121,-0.0139,0.0717,0.0100,0.0081,0.0236,-0.0011,-0.0036]
HID seg2s16 pos=175 sha=09db4f82c7d4c5a2 first8=[-0.0100,-0.0589,-0.0149,0.1356,-0.2291,-0.1208,0.2388,-0.1366]
HID seg0s16 pos=191 sha=bd2a7976c94d38bb first8=[-0.0027,-0.0054,0.0203,-0.0045,-0.0022,0.0025,-0.0033,-0.0037]
HID seg1s16 pos=191 sha=11328428d85503e2 first8=[0.0080,0.0178,0.0637,-0.0034,0.0161,0.0111,-0.0031,-0.0007]
HID seg2s16 pos=191 sha=90a09e487db87daa first8=[0.0156,-0.0323,-0.0178,0.2242,0.0498,-0.0238,0.1075,-0.0338]
HID seg0s16 pos=207 sha=90f7e5a3804bdf08 first8=[0.0022,-0.0011,0.0334,-0.0025,-0.0046,0.0019,0.0050,-0.0080]
HID seg1s16 pos=207 sha=c37e1e84bc03b3c6 first8=[0.0066,0.0026,0.1176,0.0115,0.0066,0.0235,-0.0182,-0.0280]
HID seg2s16 pos=207 sha=621bcac14d86c2eb first8=[-0.0419,-0.0741,0.1494,0.0820,-0.0289,0.1475,-0.0508,0.0582]
HID seg0s16 pos=223 sha=5a5b2b054d2f6e90 first8=[0.0008,-0.0002,0.0227,-0.0097,-0.0041,0.0051,0.0053,0.0048]
HID seg1s16 pos=223 sha=e329c76e81d05e72 first8=[-0.0067,-0.0200,0.0842,0.0095,0.0050,0.0167,-0.0032,-0.0021]
HID seg2s16 pos=223 sha=64c1c57cfc834b4a first8=[0.0034,-0.0615,-0.0308,0.1171,-0.2238,-0.1454,0.2207,-0.1230]
HID seg0s16 pos=239 sha=753c935663a9d4fb first8=[-0.0027,-0.0025,0.0174,-0.0033,-0.0008,0.0030,-0.0014,-0.0037]
HID seg1s16 pos=239 sha=58f33fff5f449abc first8=[-0.0036,0.0065,0.0594,-0.0042,0.0154,0.0040,-0.0073,0.0097]
HID seg2s16 pos=239 sha=3daf326f51b28aad first8=[0.0335,0.0013,0.0132,0.2152,-0.0254,-0.0491,0.1294,-0.0399]
HID seg0s16 pos=255 sha=122b677e53fe06f5 first8=[0.0019,-0.0000,0.0302,-0.0017,-0.0058,0.0025,0.0055,-0.0075]
HID seg1s16 pos=255 sha=536c30492d1b27c5 first8=[-0.0028,0.0037,0.1178,0.0016,0.0197,0.0098,-0.0210,-0.0293]
HID seg2s16 pos=255 sha=ac03c8a95a9fa7b5 first8=[-0.1259,0.0378,0.1910,0.1021,0.0109,0.1791,0.1254,0.1068]
HID seg0s16 pos=271 sha=96b550da5b84eb76 first8=[0.0042,0.0044,0.0169,-0.0084,0.0045,-0.0062,-0.0016,-0.0124]
HID seg1s16 pos=271 sha=dccf8706dec31309 first8=[-0.0140,0.0044,0.0543,0.0091,-0.0017,-0.0094,-0.0007,-0.0038]
HID seg2s16 pos=271 sha=c62ddc7a69ffb778 first8=[-0.0155,0.0513,0.1034,0.2308,-0.2220,-0.1635,0.1004,-0.0669]
HID seg0s16 pos=287 sha=f3f7047fd0eae3d4 first8=[0.0059,-0.0040,0.0242,-0.0039,-0.0003,-0.0039,0.0029,-0.0021]
HID seg1s16 pos=287 sha=7ce628bcfb40f333 first8=[-0.0011,-0.0048,0.0759,0.0013,0.0002,-0.0006,0.0013,-0.0065]
HID seg2s16 pos=287 sha=f99e68e4864ab08f first8=[-0.0068,0.0853,0.2537,0.2131,-0.1737,-0.1257,-0.1560,-0.0992]
HID seg0s16 pos=303 sha=7726be830161f3d1 first8=[0.0028,0.0010,0.0208,0.0062,-0.0008,-0.0004,-0.0002,-0.0060]
HID seg1s16 pos=303 sha=716e2843a36dbc19 first8=[-0.0045,-0.0055,0.0706,-0.0049,0.0173,-0.0331,-0.0007,0.0173]
HID seg2s16 pos=303 sha=d70885bcae2610a0 first8=[0.0900,-0.1053,0.1062,0.0106,0.0023,0.1714,0.2756,-0.1309]
HID seg0s16 pos=319 sha=fd1fd69b6b335340 first8=[0.0009,0.0036,0.0119,-0.0037,0.0049,-0.0086,-0.0026,-0.0095]
HID seg1s16 pos=319 sha=43f512d18b7b0ed8 first8=[-0.0107,0.0037,0.0656,0.0111,0.0030,-0.0101,-0.0009,-0.0055]
HID seg2s16 pos=319 sha=22228cb6a9c52e45 first8=[0.0693,-0.0430,0.1176,0.3298,-0.2155,-0.1205,0.0660,-0.0177]
HID seg0s16 pos=335 sha=7248ebcbb909f310 first8=[0.0020,-0.0005,0.0209,0.0022,-0.0005,0.0004,0.0026,-0.0061]
HID seg1s16 pos=335 sha=fae5a8c749da4a68 first8=[0.0008,-0.0145,0.0835,0.0076,-0.0004,0.0033,0.0002,-0.0251]
HID seg2s16 pos=335 sha=67081d9d095a62b7 first8=[0.0012,0.0242,0.2590,0.2432,-0.1649,-0.0947,-0.1968,-0.1022]
HID seg0s16 pos=351 sha=b3aa4ccc1ad8e5cc first8=[-0.0023,0.0075,0.0181,0.0031,-0.0052,-0.0031,-0.0026,-0.0093]
HID seg1s16 pos=351 sha=121c89ab322e21c9 first8=[0.0054,-0.0002,0.0646,0.0041,0.0166,-0.0247,-0.0123,-0.0041]
HID seg2s16 pos=351 sha=5e431814a805c271 first8=[0.0213,-0.0840,0.0089,0.0071,-0.0306,0.0522,0.2389,-0.2012]
HID seg0s16 pos=367 sha=e703d9d043c6e143 first8=[0.0007,0.0034,0.0090,-0.0019,0.0026,-0.0095,0.0014,-0.0101]
HID seg1s16 pos=367 sha=35f85f1a8916c7c7 first8=[-0.0118,0.0091,0.0392,0.0173,0.0063,-0.0235,-0.0083,-0.0007]
HID seg2s16 pos=367 sha=f10d78b912408a9f first8=[0.0797,-0.0360,0.0962,0.3191,-0.2028,-0.1393,0.0759,-0.0373]
HID seg0s16 pos=383 sha=7763596d360cff7f first8=[0.0012,0.0001,0.0204,0.0018,0.0027,0.0047,0.0020,-0.0051]
HID seg1s16 pos=383 sha=7f99d6df4ceb908c first8=[-0.0031,-0.0201,0.0890,0.0162,-0.0082,0.0078,-0.0069,-0.0137]
HID seg2s16 pos=383 sha=fbcc32ec0ccbaf88 first8=[0.0182,0.0050,0.2467,0.2661,-0.1682,-0.2175,-0.1539,-0.0328]
HID seg0s16 pos=399 sha=6bc72d9284bcdd8f first8=[0.0026,0.0035,0.0099,0.0029,-0.0022,0.0016,-0.0008,-0.0068]
HID seg1s16 pos=399 sha=deb6093bd267a348 first8=[-0.0011,-0.0020,0.0529,-0.0091,0.0159,-0.0272,-0.0098,0.0032]
HID seg2s16 pos=399 sha=4d78d4e847ea8bb4 first8=[0.0247,-0.0108,0.0006,0.0515,-0.0172,0.0869,0.2021,-0.2389]
HID seg0s16 pos=415 sha=3eb6101f39d87b48 first8=[-0.0005,0.0024,0.0073,-0.0042,0.0053,-0.0105,0.0001,-0.0102]
HID seg1s16 pos=415 sha=40f6d769a1b472a2 first8=[-0.0134,0.0042,0.0502,0.0094,0.0031,-0.0217,-0.0114,-0.0072]
HID seg2s16 pos=415 sha=8109bb5eaa9dfd43 first8=[0.0714,-0.0496,0.1215,0.2776,-0.1454,-0.1732,0.1458,-0.0885]
HID seg0s16 pos=431 sha=5a97dfd1259c44a6 first8=[0.0017,0.0004,0.0173,0.0016,0.0017,0.0030,0.0019,-0.0070]
HID seg1s16 pos=431 sha=6e9e8af3e10d8691 first8=[0.0034,-0.0231,0.0817,0.0177,0.0001,0.0114,-0.0008,-0.0160]
HID seg2s16 pos=431 sha=7e98d2070de393ee first8=[0.0465,0.0122,0.2385,0.2437,-0.1898,-0.1573,-0.1366,-0.0993]
HID seg0s16 pos=447 sha=940b9425ded3791c first8=[0.0044,0.0065,0.0056,0.0100,-0.0017,0.0050,-0.0009,-0.0081]
HID seg1s16 pos=447 sha=98e46f7da175d63f first8=[0.0036,-0.0042,0.0500,-0.0075,0.0185,-0.0120,-0.0146,0.0077]
HID seg2s16 pos=447 sha=219cadc93bcb1b21 first8=[-0.0378,-0.0837,0.0250,0.0085,-0.0098,0.0478,0.1976,-0.2388]
HID seg0s16 pos=463 sha=c8d7562bc2a6f7ba first8=[-0.0086,0.0036,0.0134,-0.0039,-0.0024,-0.0025,-0.0019,0.0081]
HID seg1s16 pos=463 sha=9c2cc8e4441dca61 first8=[0.0127,-0.0079,0.0558,-0.0079,0.0056,-0.0141,0.0192,-0.0084]
HID seg2s16 pos=463 sha=24daa3dcdfdd62a7 first8=[-0.0095,0.1718,0.0980,0.2335,-0.0840,-0.0017,0.0034,-0.2212]
HID seg0s16 pos=479 sha=97b0a3be612817af first8=[0.0069,-0.0060,0.0269,0.0010,-0.0056,0.0087,0.0035,-0.0016]
HID seg1s16 pos=479 sha=7b807dc75b9578c5 first8=[-0.0068,-0.0172,0.0790,-0.0191,0.0105,0.0040,0.0103,0.0027]
HID seg2s16 pos=479 sha=29ce1dd81e4c39d2 first8=[-0.0269,-0.0320,0.0966,0.0053,0.1011,0.1561,0.1005,-0.3186]
HID seg0s16 pos=495 sha=7a79a097cb78766a first8=[-0.0041,-0.0037,0.0225,-0.0004,-0.0060,0.0094,0.0001,-0.0061]
HID seg1s16 pos=495 sha=ce3b73822f9d3d0f first8=[-0.0146,0.0131,0.0558,-0.0037,-0.0050,0.0217,-0.0235,-0.0201]
HID seg2s16 pos=495 sha=a95df685ed891502 first8=[-0.0498,0.1499,0.1737,0.2262,-0.1099,-0.0038,0.1710,-0.3462]
HID seg0s16 pos=511 sha=8530fff8c09f8d67 first8=[0.0010,-0.0109,0.0177,0.0044,-0.0070,0.0090,-0.0055,-0.0006]
HID seg1s16 pos=511 sha=65341ae7968c7e13 first8=[-0.0104,0.0118,0.0595,0.0001,0.0144,0.0339,-0.0430,-0.0254]
HID seg2s16 pos=511 sha=3e6bba792e851345 first8=[0.0351,0.1009,0.1656,0.1110,-0.0554,-0.1613,0.2085,-0.3770]
HID seg0s16 pos=527 sha=c684b0b0f26c193d first8=[0.0002,0.0011,0.0204,0.0042,0.0002,0.0017,0.0043,0.0003]
HID seg1s16 pos=527 sha=dbaeac1a7f2135c0 first8=[-0.0075,-0.0223,0.0785,-0.0234,-0.0150,-0.0028,-0.0052,-0.0131]
HID seg2s16 pos=527 sha=ce1bd326611e2ae9 first8=[0.1028,-0.0023,0.1431,0.0728,-0.0186,-0.1792,0.0878,0.0257]
HID seg0s16 pos=543 sha=4a357aae4f49a831 first8=[-0.0016,-0.0013,-0.0006,-0.0047,-0.0088,0.0186,-0.0036,-0.0043]
HID seg1s16 pos=543 sha=bcd861a04740752c first8=[0.0135,-0.0098,0.0562,-0.0081,0.0149,0.0199,0.0143,0.0070]
HID seg2s16 pos=543 sha=2ee18130e52d112f first8=[-0.0194,0.0818,0.0512,0.0027,-0.1210,0.2129,-0.1188,-0.0821]
HID seg0s16 pos=559 sha=ca029224f36ccb42 first8=[-0.0056,0.0047,-0.0099,-0.0018,-0.0067,0.0072,0.0025,0.0082]
HID seg1s16 pos=559 sha=b667e4fc1557782e first8=[-0.0163,-0.0088,0.0214,-0.0080,-0.0090,0.0188,0.0210,0.0305]
HID seg2s16 pos=559 sha=5c920aa87693a02e first8=[0.1084,0.1587,0.2126,0.0534,-0.0328,0.0651,0.1360,-0.0401]
HID seg0s16 pos=575 sha=bbff70ff5726beb7 first8=[0.0037,0.0045,-0.0012,0.0051,-0.0068,0.0032,-0.0050,0.0019]
HID seg1s16 pos=575 sha=84b2bdd1794fbecd first8=[0.0116,0.0120,0.0099,-0.0107,-0.0007,0.0004,0.0224,-0.0033]
HID seg2s16 pos=575 sha=8efa99cb053751fc first8=[-0.1137,0.1650,0.0544,0.1152,-0.0109,0.1289,0.0927,-0.1135]
HID seg0s16 pos=591 sha=824903f6ae5b6561 first8=[0.0002,-0.0069,-0.0056,0.0063,-0.0042,0.0074,0.0008,-0.0050]
HID seg1s16 pos=591 sha=fd01d5aab9ff4630 first8=[0.0122,-0.0143,0.0020,0.0115,-0.0023,0.0232,-0.0153,-0.0139]
HID seg2s16 pos=591 sha=d63cd85e6ddfc065 first8=[0.1587,-0.1118,0.0728,0.0051,0.1458,-0.1224,0.0736,-0.1642]
HID seg0s16 pos=607 sha=3749fddab636a43f first8=[0.0016,0.0004,0.0128,-0.0052,-0.0028,0.0041,-0.0017,-0.0072]
HID seg1s16 pos=607 sha=c44852f5896e82df first8=[-0.0140,0.0026,0.0671,0.0050,0.0072,0.0135,0.0103,-0.0020]
HID seg2s16 pos=607 sha=e8403b2d4cb2d8a8 first8=[-0.1259,0.1500,0.1228,0.3691,0.0165,-0.0379,0.0484,0.0705]
HID seg0s16 pos=623 sha=a9c0a25b8b2a8475 first8=[-0.0011,0.0069,-0.0002,0.0070,-0.0033,0.0144,-0.0085,-0.0058]
HID seg1s16 pos=623 sha=2e6a0395e0ea6231 first8=[-0.0001,0.0168,0.0221,-0.0081,0.0189,0.0026,0.0307,-0.0191]
HID seg2s16 pos=623 sha=50777a99664b852b first8=[-0.0125,0.0392,0.1528,-0.0344,-0.0586,0.0586,-0.1421,0.0061]
HID seg0s16 pos=15 sha=db54dc01abde14b7 first8=[0.0064,-0.0064,0.0391,0.0014,0.0035,0.0008,-0.0056,-0.0010]
HID seg1s16 pos=15 sha=250257bdf27a82e6 first8=[-0.0009,0.0109,0.1449,-0.0185,0.0072,0.0100,-0.0254,-0.0044]
HID seg2s16 pos=15 sha=69e17192bf3df7cd first8=[-0.0997,-0.0312,0.1947,-0.0671,0.0181,0.0031,0.0537,0.0366]
HID seg0s16 pos=31 sha=56fccca21bc8fc5e first8=[0.0010,-0.0079,0.0352,-0.0045,-0.0052,0.0022,-0.0117,-0.0169]
HID seg1s16 pos=31 sha=e04b56f124ccf7b8 first8=[0.0067,-0.0023,0.1096,0.0141,0.0014,0.0027,-0.0149,-0.0178]
HID seg2s16 pos=31 sha=cee079e29fdfd603 first8=[0.2025,0.1046,0.1648,0.0991,-0.0863,0.0752,0.1042,-0.2134]
HID seg0s16 pos=47 sha=f649712a1dd082b7 first8=[0.0004,0.0024,0.0394,0.0144,-0.0040,0.0049,-0.0050,0.0085]
HID seg1s16 pos=47 sha=5a1583832af1f0f8 first8=[-0.0043,-0.0177,0.1256,0.0319,0.0165,0.0182,-0.0037,0.0215]
HID seg2s16 pos=47 sha=045e9faa726035d7 first8=[0.1204,-0.0124,0.0461,0.1179,-0.0829,0.1312,-0.0675,-0.1119]
HID seg0s16 pos=63 sha=fee6321899fa2f8d first8=[-0.0031,0.0062,0.0304,0.0044,-0.0013,0.0054,-0.0020,-0.0058]
HID seg1s16 pos=63 sha=25733cb25bbae316 first8=[-0.0042,-0.0038,0.0815,0.0025,0.0154,0.0049,-0.0069,-0.0018]
HID seg2s16 pos=63 sha=fbf08d0c33ca235d first8=[-0.0992,-0.0540,0.0033,0.0869,-0.2593,-0.1599,-0.0313,-0.0495]
HID seg0s16 pos=79 sha=3ba54fa45402482b first8=[0.0086,0.0041,0.0280,-0.0049,-0.0078,-0.0049,-0.0011,0.0011]
HID seg1s16 pos=79 sha=548bf28eafecb425 first8=[0.0017,-0.0142,0.1050,-0.0171,0.0046,0.0192,-0.0063,-0.0073]
HID seg2s16 pos=79 sha=c627c73f81a63856 first8=[-0.0845,0.0527,0.0235,-0.0914,0.1837,-0.0370,0.0031,-0.0698]
HID seg0s16 pos=95 sha=2d2867001d11bbf9 first8=[-0.0019,-0.0082,0.0287,-0.0102,-0.0065,0.0059,-0.0034,-0.0055]
HID seg1s16 pos=95 sha=297725b086c551d6 first8=[0.0164,0.0256,0.0892,0.0095,0.0026,0.0311,-0.0139,-0.0118]
HID seg2s16 pos=95 sha=616afbe8714d3889 first8=[-0.0815,0.0132,0.1410,0.3337,-0.0587,0.1393,0.1425,-0.2373]
HID seg0s16 pos=111 sha=b12e32c1bc5b90ee first8=[0.0040,-0.0032,0.0403,-0.0010,-0.0072,0.0023,0.0006,-0.0056]
HID seg1s16 pos=111 sha=970e9f407815ad8d first8=[-0.0067,-0.0097,0.1068,-0.0201,0.0041,0.0188,0.0064,-0.0214]
HID seg2s16 pos=111 sha=9052fa0fa51bfa3b first8=[0.0400,-0.0402,0.2717,-0.0060,-0.3596,-0.0211,-0.1820,0.0731]
HID seg0s16 pos=127 sha=d9829d21e73fcb3e first8=[0.0052,-0.0020,0.0353,-0.0089,-0.0067,0.0026,0.0052,0.0088]
HID seg1s16 pos=127 sha=fb0b192058f2101f first8=[-0.0045,-0.0191,0.0773,0.0155,0.0105,0.0309,0.0121,0.0094]
HID seg2s16 pos=127 sha=2404d147b8d9d918 first8=[0.0292,-0.1558,-0.0716,0.1306,-0.2308,-0.1307,0.2805,-0.0611]
HID seg0s16 pos=143 sha=ba0f2bb9b2dab988 first8=[-0.0025,-0.0092,0.0245,-0.0050,-0.0032,0.0074,-0.0046,-0.0077]
HID seg1s16 pos=143 sha=66cde56d3c876545 first8=[0.0087,-0.0110,0.0651,-0.0045,0.0095,0.0046,-0.0066,-0.0009]
HID seg2s16 pos=143 sha=498e9e8a71d76936 first8=[0.0768,-0.0937,-0.0292,0.1956,-0.0418,-0.0260,0.0563,-0.0537]
HID seg0s16 pos=159 sha=facd082754c95890 first8=[0.0047,-0.0034,0.0360,-0.0032,-0.0076,0.0026,0.0048,-0.0070]
HID seg1s16 pos=159 sha=71a8886a96bd4caa first8=[-0.0036,-0.0046,0.0940,-0.0065,0.0014,0.0277,-0.0047,-0.0135]
HID seg2s16 pos=159 sha=e499feca83cf4c91 first8=[-0.0927,0.0414,0.1356,0.1761,-0.0950,-0.0864,-0.0622,0.0547]
HID seg0s16 pos=175 sha=5bf7b464ff0ad716 first8=[0.0054,0.0012,0.0286,-0.0118,-0.0055,-0.0012,0.0063,0.0034]
HID seg1s16 pos=175 sha=1b0ae5064f984313 first8=[-0.0056,-0.0192,0.0574,0.0133,0.0085,0.0187,-0.0057,-0.0081]
HID seg2s16 pos=175 sha=7bf06121a0c919a5 first8=[0.0191,-0.1211,-0.0155,0.1183,-0.2168,-0.1636,0.2620,-0.1020]
HID seg0s16 pos=191 sha=c9cee0ba0dd5e003 first8=[-0.0051,-0.0056,0.0193,-0.0051,-0.0017,0.0049,-0.0034,-0.0039]
HID seg1s16 pos=191 sha=e4b65943a9db6037 first8=[0.0048,0.0134,0.0587,0.0095,0.0117,0.0037,-0.0158,0.0085]
HID seg2s16 pos=191 sha=09cb8d1a5cb32279 first8=[0.0685,-0.0583,-0.0038,0.2491,-0.0350,0.0298,0.0928,-0.0630]
HID seg0s16 pos=207 sha=58fa24a350bc5c1a first8=[0.0036,-0.0013,0.0317,-0.0032,-0.0043,0.0053,0.0048,-0.0101]
HID seg1s16 pos=207 sha=39f3e2413e9663e6 first8=[-0.0042,0.0000,0.0987,0.0025,0.0086,0.0160,-0.0078,-0.0188]
HID seg2s16 pos=207 sha=a54e7429c14af8f1 first8=[-0.0670,-0.0894,0.1476,0.0990,-0.0062,0.0775,-0.0497,0.0453]
HID seg0s16 pos=223 sha=15dfeeac812f23bf first8=[0.0030,0.0019,0.0226,-0.0094,-0.0058,0.0022,0.0046,0.0017]
HID seg1s16 pos=223 sha=8486f579fb9681f4 first8=[-0.0022,-0.0271,0.0830,0.0095,0.0058,0.0172,-0.0037,-0.0013]
HID seg2s16 pos=223 sha=9618817f11f038c7 first8=[0.0188,-0.0784,-0.0146,0.0909,-0.2263,-0.1656,0.2418,-0.0770]
HID seg0s16 pos=239 sha=6ad80db701bdc519 first8=[-0.0027,-0.0027,0.0162,-0.0042,-0.0003,0.0013,-0.0040,-0.0049]
HID seg1s16 pos=239 sha=59c146cb0b8240ea first8=[-0.0008,0.0118,0.0596,0.0065,0.0126,0.0044,-0.0057,0.0109]
HID seg2s16 pos=239 sha=0e08b816ad230f37 first8=[0.0273,-0.0399,0.0341,0.2081,-0.0803,-0.0386,0.0816,-0.0894]
HID seg0s16 pos=255 sha=950341dbbc3334a3 first8=[0.0032,0.0001,0.0284,-0.0029,-0.0046,0.0017,0.0055,-0.0073]
HID seg1s16 pos=255 sha=770c93ebf943a58e first8=[-0.0066,0.0031,0.1084,0.0006,0.0172,0.0072,-0.0149,-0.0337]
HID seg2s16 pos=255 sha=6718a6dabea83322 first8=[-0.1232,0.0417,0.1775,0.0933,0.0385,0.1538,0.1298,0.1093]
HID seg0s16 pos=271 sha=ec9ee4b6d37d2632 first8=[0.0067,0.0030,0.0139,-0.0094,0.0053,-0.0031,-0.0022,-0.0106]
HID seg1s16 pos=271 sha=853312d14ef0517b first8=[-0.0133,0.0103,0.0587,0.0114,-0.0028,-0.0018,0.0042,0.0022]
HID seg2s16 pos=271 sha=e1d06cbfa3254dba first8=[-0.0709,-0.0215,0.1492,0.2428,-0.2493,-0.0606,0.0214,-0.0325]
HID seg0s16 pos=287 sha=e3c80457a3174f2e first8=[0.0062,-0.0047,0.0233,-0.0041,0.0020,0.0000,0.0035,-0.0020]
HID seg1s16 pos=287 sha=a111b91824486ab6 first8=[-0.0095,-0.0066,0.0869,0.0137,-0.0028,-0.0093,0.0022,-0.0146]
HID seg2s16 pos=287 sha=ad19fa3543fbe21e first8=[0.0548,0.0923,0.2561,0.2308,-0.2361,-0.1032,-0.0836,-0.0472]
HID seg0s16 pos=303 sha=0c33cb9ba9c5a37d first8=[-0.0024,0.0080,0.0221,0.0078,-0.0021,-0.0074,0.0024,-0.0042]
HID seg1s16 pos=303 sha=d8e90997cd99bbde first8=[-0.0009,0.0025,0.0697,0.0008,0.0256,-0.0223,-0.0090,0.0305]
HID seg2s16 pos=303 sha=fe00167892b6cfe5 first8=[0.0557,-0.1240,0.0758,0.0908,-0.0158,0.1603,0.2023,-0.1165]
HID seg0s16 pos=319 sha=7dc62bccda8a2d5d first8=[0.0021,0.0013,0.0119,-0.0044,0.0053,-0.0075,0.0009,-0.0121]
HID seg1s16 pos=319 sha=93ca2ab26668390d first8=[-0.0105,0.0018,0.0640,0.0081,-0.0032,-0.0100,-0.0083,0.0020]
HID seg2s16 pos=319 sha=c7dee3318a68d9a1 first8=[0.0219,-0.0918,0.1450,0.3596,-0.2334,-0.0048,0.0505,0.0096]
HID seg0s16 pos=335 sha=be9282dbf765c2b3 first8=[0.0033,-0.0044,0.0195,-0.0007,0.0045,0.0017,0.0017,-0.0058]
HID seg1s16 pos=335 sha=309dbe3a22e846f4 first8=[-0.0156,-0.0128,0.0853,0.0005,-0.0095,-0.0048,0.0027,-0.0195]
HID seg2s16 pos=335 sha=0acc71bc972837c2 first8=[0.0547,0.0246,0.2925,0.1982,-0.2345,-0.0094,-0.1367,-0.0751]
HID seg0s16 pos=351 sha=a6a223f16bf48220 first8=[-0.0012,0.0045,0.0111,0.0045,0.0027,-0.0025,-0.0017,-0.0005]
HID seg1s16 pos=351 sha=8cdded30fccc90ef first8=[-0.0044,-0.0017,0.0573,-0.0121,0.0243,-0.0266,-0.0098,0.0274]
HID seg2s16 pos=351 sha=aca8d45e5cb499d0 first8=[-0.0137,-0.0880,0.0367,0.0223,-0.0229,0.0743,0.2035,-0.1665]
HID seg0s16 pos=367 sha=fc1314bf99020586 first8=[0.0009,0.0029,0.0076,-0.0034,0.0046,-0.0065,0.0028,-0.0094]
HID seg1s16 pos=367 sha=d13fbed879dde8cf first8=[-0.0109,-0.0004,0.0535,0.0110,-0.0002,-0.0136,-0.0211,0.0101]
HID seg2s16 pos=367 sha=b3c19073b47ae7d6 first8=[0.0403,-0.0739,0.1182,0.3069,-0.1711,-0.0806,0.0704,-0.0050]
HID seg0s16 pos=383 sha=82ad9706cc310d8e first8=[0.0023,-0.0005,0.0174,0.0017,0.0011,0.0036,0.0012,-0.0050]
HID seg1s16 pos=383 sha=eb2b96b1531b78f6 first8=[0.0039,-0.0189,0.0817,0.0097,-0.0037,-0.0022,-0.0030,-0.0053]
HID seg2s16 pos=383 sha=df99e0d1f55f2c7a first8=[0.0968,0.0197,0.2888,0.2067,-0.1963,-0.0804,-0.1276,-0.0535]
HID seg0s16 pos=399 sha=1b5c98d68cd8ce0d first8=[0.0027,0.0078,0.0069,0.0047,0.0049,-0.0007,-0.0015,-0.0052]
HID seg1s16 pos=399 sha=387c34ebfbff2594 first8=[-0.0023,0.0027,0.0532,-0.0142,0.0238,-0.0197,-0.0065,0.0108]
HID seg2s16 pos=399 sha=bf94c90dafc4efb4 first8=[-0.0049,-0.0756,0.0708,0.0010,-0.0540,0.0493,0.2378,-0.1744]
HID seg0s16 pos=415 sha=f15d40e8c152e08b first8=[0.0025,0.0027,0.0066,-0.0033,0.0055,-0.0102,0.0014,-0.0087]
HID seg1s16 pos=415 sha=3524566ef8964f97 first8=[-0.0160,0.0083,0.0476,0.0117,0.0079,-0.0184,-0.0105,0.0056]
HID seg2s16 pos=415 sha=4722a8964d9cb517 first8=[0.0789,-0.0320,0.1117,0.2932,-0.1334,-0.1660,0.1249,-0.0916]
HID seg0s16 pos=431 sha=463179d0eea95db0 first8=[0.0001,-0.0005,0.0168,0.0002,0.0012,0.0066,0.0002,-0.0045]
HID seg1s16 pos=431 sha=7a685f386072a72e first8=[0.0058,-0.0182,0.0747,0.0079,0.0015,0.0050,-0.0012,-0.0101]
HID seg2s16 pos=431 sha=f3e2066e05f640cd first8=[0.0682,-0.0023,0.2517,0.2089,-0.1819,-0.0720,-0.1129,-0.0789]
HID seg0s16 pos=447 sha=39cb9847f025ad12 first8=[-0.0005,0.0101,0.0016,0.0075,0.0020,-0.0032,-0.0005,-0.0005]
HID seg1s16 pos=447 sha=c733009516eb8aa0 first8=[0.0002,-0.0009,0.0450,-0.0101,0.0222,-0.0279,-0.0112,0.0139]
HID seg2s16 pos=447 sha=380b8f6f010d5dfb first8=[-0.0366,-0.0683,-0.0033,-0.0138,-0.0602,0.0597,0.1835,-0.1981]
HID seg0s16 pos=463 sha=34764cc766004454 first8=[-0.0055,0.0032,0.0151,-0.0051,-0.0022,-0.0042,0.0029,0.0098]
HID seg1s16 pos=463 sha=7bab35f92b216022 first8=[0.0137,-0.0071,0.0475,-0.0077,-0.0041,-0.0157,0.0242,-0.0035]
HID seg2s16 pos=463 sha=c26bb9aba7b10ac5 first8=[0.0634,0.1857,0.1648,0.2339,-0.0812,-0.0414,0.0528,-0.2174]
HID seg0s16 pos=479 sha=8c08f6a528457c7d first8=[0.0085,-0.0054,0.0243,0.0018,-0.0067,0.0098,0.0034,-0.0009]
HID seg1s16 pos=479 sha=97d4084aab38e126 first8=[-0.0097,-0.0248,0.0698,-0.0226,0.0174,0.0095,0.0099,0.0028]
HID seg2s16 pos=479 sha=b40561e67b165b85 first8=[0.0559,-0.0459,0.1511,0.0336,0.1017,0.1508,0.0919,-0.2466]
HID seg0s16 pos=495 sha=447c8c16ad7e3c33 first8=[-0.0040,-0.0029,0.0220,-0.0010,-0.0065,0.0095,0.0008,-0.0037]
HID seg1s16 pos=495 sha=ddfa6ec0b8d52779 first8=[-0.0121,0.0029,0.0490,-0.0053,-0.0010,0.0163,-0.0254,-0.0213]
HID seg2s16 pos=495 sha=df84f14144e17b52 first8=[-0.0929,0.1235,0.1737,0.2168,-0.0757,0.0051,0.1736,-0.3599]
HID seg0s16 pos=511 sha=5580c28b86c207d5 first8=[0.0013,-0.0098,0.0194,0.0059,-0.0080,0.0090,-0.0047,-0.0022]
HID seg1s16 pos=511 sha=2de5b86d4bd3f02e first8=[-0.0023,0.0085,0.0596,0.0126,0.0113,0.0439,-0.0470,-0.0232]
HID seg2s16 pos=511 sha=048a00635f283d61 first8=[0.0081,0.0926,0.1626,0.1241,-0.0294,-0.1420,0.2113,-0.4082]
HID seg0s16 pos=527 sha=aa59ff1ff403a2db first8=[0.0005,-0.0001,0.0198,0.0041,-0.0005,0.0007,0.0036,0.0013]
HID seg1s16 pos=527 sha=febdded60c0b7b79 first8=[-0.0062,-0.0236,0.0814,-0.0256,-0.0177,-0.0005,-0.0100,-0.0078]
HID seg2s16 pos=527 sha=ea7781b36e4cff86 first8=[0.1082,-0.0072,0.1294,0.0576,-0.0485,-0.2156,0.0892,0.0294]
HID seg0s16 pos=543 sha=efc73e4bb5adbb30 first8=[-0.0029,-0.0006,-0.0018,-0.0060,-0.0100,0.0181,-0.0031,-0.0029]
HID seg1s16 pos=543 sha=e0792fdf570db557 first8=[0.0056,-0.0099,0.0579,-0.0102,0.0105,0.0231,0.0204,0.0066]
HID seg2s16 pos=543 sha=935f2bedb240e7f0 first8=[-0.0430,0.0094,0.0403,0.0329,-0.1132,0.3289,-0.0468,-0.1089]
HID seg0s16 pos=559 sha=6a1c57de45442715 first8=[-0.0079,0.0054,-0.0112,-0.0038,-0.0042,0.0045,0.0038,0.0111]
HID seg1s16 pos=559 sha=85ef50a9553f4cd8 first8=[-0.0189,-0.0103,0.0208,-0.0109,-0.0170,0.0306,0.0132,0.0327]
HID seg2s16 pos=559 sha=26e7a41374745b5b first8=[0.1362,0.1843,0.2350,0.0589,0.0133,0.1486,0.1813,-0.0182]
HID seg0s16 pos=575 sha=29f81eb232f78b47 first8=[0.0034,0.0039,-0.0027,0.0031,-0.0045,0.0005,-0.0072,0.0037]
HID seg1s16 pos=575 sha=f9cf9fcbf538a655 first8=[0.0165,0.0102,0.0131,-0.0169,-0.0086,0.0141,0.0179,0.0078]
HID seg2s16 pos=575 sha=18d94fff865a4d43 first8=[-0.1194,0.2183,0.0908,0.0906,-0.0096,0.2179,0.1787,-0.1458]
HID seg0s16 pos=591 sha=adc3458cfc678e76 first8=[-0.0002,-0.0070,-0.0054,0.0086,-0.0049,0.0052,0.0020,-0.0028]
HID seg1s16 pos=591 sha=cdca859a2d34fa0e first8=[0.0095,-0.0097,-0.0064,0.0150,-0.0011,0.0156,-0.0158,-0.0083]
HID seg2s16 pos=591 sha=073d4b56d3f16be4 first8=[0.1520,-0.1080,-0.0090,0.0224,0.2003,-0.0934,0.0558,-0.1479]
HID seg0s16 pos=607 sha=c69fe69a592738ff first8=[0.0012,0.0002,0.0128,-0.0048,-0.0039,0.0050,-0.0023,-0.0079]
HID seg1s16 pos=607 sha=81b56c95497d055b first8=[-0.0079,0.0015,0.0628,0.0070,0.0025,0.0151,0.0059,-0.0017]
HID seg2s16 pos=607 sha=0d70e6344e75fb11 first8=[-0.1639,0.1415,0.1343,0.3171,0.0166,-0.0692,0.1025,-0.0396]
HID seg0s16 pos=623 sha=f0a33a79b2ba0e18 first8=[-0.0018,0.0031,0.0026,0.0054,-0.0023,0.0120,-0.0075,-0.0037]
HID seg1s16 pos=623 sha=ee1b71e7643dd329 first8=[-0.0042,0.0252,0.0328,-0.0062,0.0204,-0.0014,0.0216,-0.0224]
HID seg2s16 pos=623 sha=096ab09529ebaffa first8=[0.1026,0.0122,0.1306,-0.0870,-0.0315,0.1196,-0.0645,0.0919]
HID seg0s16 pos=15 sha=db54dc01abde14b7 first8=[0.0064,-0.0064,0.0391,0.0014,0.0035,0.0008,-0.0056,-0.0010]
HID seg1s16 pos=15 sha=250257bdf27a82e6 first8=[-0.0009,0.0109,0.1449,-0.0185,0.0072,0.0100,-0.0254,-0.0044]
HID seg2s16 pos=15 sha=69e17192bf3df7cd first8=[-0.0997,-0.0312,0.1947,-0.0671,0.0181,0.0031,0.0537,0.0366]
HID seg0s16 pos=31 sha=56fccca21bc8fc5e first8=[0.0010,-0.0079,0.0352,-0.0045,-0.0052,0.0022,-0.0117,-0.0169]
HID seg1s16 pos=31 sha=e04b56f124ccf7b8 first8=[0.0067,-0.0023,0.1096,0.0141,0.0014,0.0027,-0.0149,-0.0178]
HID seg2s16 pos=31 sha=cee079e29fdfd603 first8=[0.2025,0.1046,0.1648,0.0991,-0.0863,0.0752,0.1042,-0.2134]
HID seg0s16 pos=47 sha=f649712a1dd082b7 first8=[0.0004,0.0024,0.0394,0.0144,-0.0040,0.0049,-0.0050,0.0085]
HID seg1s16 pos=47 sha=5a1583832af1f0f8 first8=[-0.0043,-0.0177,0.1256,0.0319,0.0165,0.0182,-0.0037,0.0215]
HID seg2s16 pos=47 sha=045e9faa726035d7 first8=[0.1204,-0.0124,0.0461,0.1179,-0.0829,0.1312,-0.0675,-0.1119]
HID seg0s16 pos=63 sha=fee6321899fa2f8d first8=[-0.0031,0.0062,0.0304,0.0044,-0.0013,0.0054,-0.0020,-0.0058]
HID seg1s16 pos=63 sha=25733cb25bbae316 first8=[-0.0042,-0.0038,0.0815,0.0025,0.0154,0.0049,-0.0069,-0.0018]
HID seg2s16 pos=63 sha=fbf08d0c33ca235d first8=[-0.0992,-0.0540,0.0033,0.0869,-0.2593,-0.1599,-0.0313,-0.0495]
HID seg0s16 pos=79 sha=d69917b690df5dcb first8=[0.0078,0.0034,0.0292,-0.0069,-0.0068,-0.0047,-0.0021,0.0013]
HID seg1s16 pos=79 sha=6e131459a81bd5dd first8=[0.0028,-0.0135,0.1000,-0.0126,0.0046,0.0133,-0.0010,0.0028]
HID seg2s16 pos=79 sha=7bb4d4db71febe4d first8=[-0.0723,0.0626,-0.0074,-0.0928,0.1732,-0.0265,0.0053,-0.0440]
HID seg0s16 pos=95 sha=1dee86b3a627ca85 first8=[-0.0017,-0.0055,0.0294,-0.0076,-0.0034,0.0064,-0.0041,-0.0048]
HID seg1s16 pos=95 sha=db32b428b85b1bf6 first8=[0.0141,0.0186,0.0989,0.0038,-0.0005,0.0322,-0.0108,-0.0081]
HID seg2s16 pos=95 sha=bf1e276e02066e33 first8=[-0.0408,0.0597,0.1006,0.2590,-0.0373,0.0453,0.1522,-0.2207]
HID seg0s16 pos=111 sha=18efa15d5d912875 first8=[0.0042,-0.0028,0.0400,0.0010,-0.0082,-0.0014,0.0016,-0.0040]
HID seg1s16 pos=111 sha=4cdfebfda55478df first8=[-0.0000,-0.0154,0.1195,-0.0189,0.0015,0.0256,0.0007,-0.0136]
HID seg2s16 pos=111 sha=d5177e6d79e24764 first8=[0.0164,-0.0963,0.2983,0.0302,-0.3169,-0.0100,-0.1525,0.0825]
HID seg0s16 pos=127 sha=9436a6c61af929ff first8=[0.0052,-0.0011,0.0341,-0.0096,-0.0071,0.0013,0.0044,0.0059]
HID seg1s16 pos=127 sha=10b5c9e1c30d06b9 first8=[-0.0024,-0.0229,0.0771,0.0300,0.0101,0.0310,0.0117,0.0141]
HID seg2s16 pos=127 sha=aa5d4dafbb9a2ed6 first8=[0.0402,-0.1320,-0.0780,0.1327,-0.2178,-0.1604,0.2925,-0.0642]
HID seg0s16 pos=143 sha=a9d5f66585aacf50 first8=[-0.0028,-0.0086,0.0239,-0.0038,-0.0011,0.0065,-0.0063,-0.0018]
HID seg1s16 pos=143 sha=ed029db956176ded first8=[-0.0004,-0.0055,0.0676,-0.0074,0.0116,0.0016,0.0003,-0.0003]
HID seg2s16 pos=143 sha=f9097072508d31ac first8=[0.0269,-0.0658,-0.0209,0.1758,-0.0208,-0.0620,0.1169,-0.0714]
HID seg0s16 pos=159 sha=57f6a5482af48b0a first8=[0.0031,-0.0027,0.0350,-0.0022,-0.0057,0.0031,0.0058,-0.0084]
HID seg1s16 pos=159 sha=876b355360ff9862 first8=[-0.0027,-0.0019,0.0971,-0.0100,0.0081,0.0192,-0.0032,-0.0116]
HID seg2s16 pos=159 sha=54c59f46219efd43 first8=[-0.0932,0.0740,0.1211,0.2211,-0.0885,-0.0688,-0.0110,0.0151]
HID seg0s16 pos=175 sha=2b822009646a4ad0 first8=[0.0048,0.0021,0.0280,-0.0096,-0.0057,-0.0000,0.0060,0.0022]
HID seg1s16 pos=175 sha=9154b0d0bd4e31f8 first8=[-0.0051,-0.0115,0.0638,0.0138,0.0045,0.0149,-0.0007,0.0009]
HID seg2s16 pos=175 sha=c55affe07afd5bb5 first8=[0.0213,-0.0866,-0.0101,0.1097,-0.2238,-0.1296,0.2546,-0.1302]
HID seg0s16 pos=191 sha=2268d65feee0a5f2 first8=[0.0003,-0.0037,0.0180,-0.0044,-0.0030,0.0046,-0.0045,-0.0035]
HID seg1s16 pos=191 sha=7e73468f9f432ef4 first8=[0.0095,0.0049,0.0616,0.0001,0.0116,0.0116,-0.0056,0.0127]
HID seg2s16 pos=191 sha=3c1714e32c7cf549 first8=[0.0436,-0.0525,-0.0046,0.2242,0.0321,-0.0630,0.1224,-0.0697]
HID seg0s16 pos=207 sha=0d3928be33489acd first8=[0.0013,-0.0001,0.0320,-0.0031,-0.0054,0.0025,0.0047,-0.0080]
HID seg1s16 pos=207 sha=60e4a4c14d6f9c49 first8=[0.0017,0.0004,0.1060,0.0019,0.0077,0.0195,-0.0082,-0.0219]
HID seg2s16 pos=207 sha=08fbf8c43b9f275d first8=[-0.0444,-0.0486,0.1572,0.0761,0.0025,0.1322,-0.0240,0.0991]
HID seg0s16 pos=223 sha=36eaca905c91cde0 first8=[0.0025,0.0012,0.0224,-0.0076,-0.0039,0.0025,0.0057,0.0014]
HID seg1s16 pos=223 sha=8ba0baed7c1dddd8 first8=[-0.0078,-0.0173,0.0767,0.0105,0.0076,0.0110,-0.0007,0.0079]
HID seg2s16 pos=223 sha=9e9bf3ff87785a4e first8=[0.0141,-0.1000,-0.0172,0.0700,-0.2003,-0.2019,0.2367,-0.0845]
HID seg0s16 pos=239 sha=1dfa7a9399ec7115 first8=[-0.0014,-0.0014,0.0161,-0.0055,0.0017,0.0031,-0.0036,-0.0038]
HID seg1s16 pos=239 sha=44388130e612775f first8=[0.0080,0.0015,0.0716,-0.0006,0.0131,0.0073,-0.0083,0.0009]
HID seg2s16 pos=239 sha=a796854ae75be6d1 first8=[0.0219,-0.0711,0.0250,0.2642,-0.0192,-0.1052,0.1188,-0.0906]
HID seg0s16 pos=255 sha=b28e6d6e406e11ba first8=[0.0020,-0.0016,0.0278,-0.0046,-0.0028,0.0018,0.0056,-0.0077]
HID seg1s16 pos=255 sha=739ec519fce69c18 first8=[-0.0012,0.0032,0.1155,0.0027,0.0154,0.0096,-0.0145,-0.0286]
HID seg2s16 pos=255 sha=b251187fc360f002 first8=[-0.1649,0.0818,0.1879,0.1153,0.0982,0.1617,0.1382,0.1263]
HID seg0s16 pos=271 sha=c5a362aa0372e163 first8=[0.0051,0.0046,0.0177,-0.0081,0.0039,-0.0063,-0.0009,-0.0092]
HID seg1s16 pos=271 sha=19231cbc56b1be80 first8=[-0.0126,0.0106,0.0565,0.0107,-0.0024,-0.0096,-0.0027,0.0049]
HID seg2s16 pos=271 sha=9604014846ca91db first8=[-0.0558,0.0332,0.1278,0.3083,-0.2197,-0.1207,0.0778,-0.0056]
HID seg0s16 pos=287 sha=8bff20c33b0b28f0 first8=[0.0047,-0.0023,0.0210,-0.0039,0.0017,-0.0015,0.0036,-0.0050]
HID seg1s16 pos=287 sha=cd1ea8b4f93fba9d first8=[-0.0149,-0.0080,0.0882,0.0161,0.0009,-0.0019,-0.0005,-0.0116]
HID seg2s16 pos=287 sha=5f841d2a00b1a7fa first8=[0.0820,0.0820,0.2708,0.2017,-0.2013,-0.1409,-0.1676,-0.1747]
HID seg0s16 pos=303 sha=bbe2cb01f648ef0b first8=[0.0017,0.0026,0.0201,0.0076,-0.0024,0.0016,0.0007,-0.0040]
HID seg1s16 pos=303 sha=f1dd9b0db523423a first8=[-0.0017,-0.0069,0.0679,-0.0026,0.0135,-0.0269,-0.0044,0.0166]
HID seg2s16 pos=303 sha=eb14ea1489ec1673 first8=[0.0952,-0.1699,0.1158,0.0562,-0.0255,0.1328,0.2979,-0.1818]
HID seg0s16 pos=319 sha=0eb78b51c7314012 first8=[0.0019,0.0031,0.0117,-0.0042,0.0038,-0.0086,-0.0032,-0.0107]
HID seg1s16 pos=319 sha=1987e43748cf7f40 first8=[-0.0030,0.0031,0.0687,0.0141,0.0043,-0.0100,-0.0032,-0.0051]
HID seg2s16 pos=319 sha=22d6e8ccc970c0be first8=[0.0293,-0.0165,0.1331,0.3638,-0.2338,-0.0370,0.0770,-0.0049]
HID seg0s16 pos=335 sha=5481e16de13bc239 first8=[0.0016,-0.0016,0.0189,-0.0001,0.0016,-0.0022,0.0009,-0.0051]
HID seg1s16 pos=335 sha=c535a1d9afaa7940 first8=[-0.0090,-0.0122,0.0831,0.0094,-0.0051,-0.0005,0.0065,-0.0204]
HID seg2s16 pos=335 sha=e71b88475d853cbc first8=[0.0198,0.0464,0.2722,0.2028,-0.1901,-0.0709,-0.1327,-0.1078]
HID seg0s16 pos=351 sha=a312e930b1aa2ffc first8=[-0.0023,0.0079,0.0155,0.0039,-0.0084,-0.0031,-0.0033,-0.0085]
HID seg1s16 pos=351 sha=affa87abf69cf0b1 first8=[0.0034,-0.0048,0.0616,0.0023,0.0103,-0.0246,-0.0150,0.0029]
HID seg2s16 pos=351 sha=3509ec266b968968 first8=[0.0057,-0.1130,0.0624,-0.0059,-0.0900,0.0023,0.2756,-0.2074]
HID seg0s16 pos=367 sha=6dfec2fdd80fda09 first8=[0.0008,0.0057,0.0088,-0.0046,0.0046,-0.0080,0.0002,-0.0097]
HID seg1s16 pos=367 sha=37c031f5fa3aacb6 first8=[-0.0096,0.0066,0.0546,0.0125,0.0014,-0.0154,-0.0095,-0.0038]
HID seg2s16 pos=367 sha=9f4585835d29a9e0 first8=[0.0772,-0.0633,0.1245,0.3035,-0.2122,-0.0981,0.1020,-0.0145]
HID seg0s16 pos=383 sha=91b1c27af5de3675 first8=[0.0003,-0.0006,0.0191,-0.0014,0.0024,0.0035,0.0005,-0.0058]
HID seg1s16 pos=383 sha=5c96e46732404ad7 first8=[-0.0007,-0.0212,0.0852,0.0145,-0.0041,0.0005,-0.0050,-0.0176]
HID seg2s16 pos=383 sha=d50b537d295b4979 first8=[0.0370,0.0079,0.2578,0.2290,-0.1677,-0.1019,-0.1368,-0.0812]
HID seg0s16 pos=399 sha=623bd398b357a13e first8=[0.0018,0.0025,0.0100,0.0026,-0.0036,0.0018,-0.0004,-0.0045]
HID seg1s16 pos=399 sha=322c65bdec75f8ab first8=[-0.0020,-0.0030,0.0549,-0.0087,0.0174,-0.0249,-0.0127,0.0163]
HID seg2s16 pos=399 sha=0dc81fbf81f46cba first8=[0.0129,-0.0374,-0.0004,0.0488,-0.0241,0.0861,0.2302,-0.2144]
HID seg0s16 pos=415 sha=8ed07de76f2d3719 first8=[0.0031,0.0023,0.0058,-0.0052,0.0038,-0.0121,-0.0014,-0.0091]
HID seg1s16 pos=415 sha=b4b6edb3f19d44fa first8=[-0.0140,0.0059,0.0555,0.0108,0.0042,-0.0191,-0.0114,-0.0091]
HID seg2s16 pos=415 sha=7c1bd5630bc1f703 first8=[0.0785,-0.0495,0.1333,0.2998,-0.1858,-0.1377,0.1263,-0.0491]
HID seg0s16 pos=431 sha=f39899e4c4893ccc first8=[-0.0015,-0.0004,0.0157,0.0020,0.0009,0.0069,0.0008,-0.0062]
HID seg1s16 pos=431 sha=3656c817f95e4016 first8=[0.0031,-0.0166,0.0806,0.0201,0.0029,-0.0010,-0.0014,-0.0111]
HID seg2s16 pos=431 sha=76866e1512bf6b86 first8=[0.0172,0.0335,0.2705,0.2366,-0.1622,-0.1476,-0.1675,-0.0690]
HID seg0s16 pos=447 sha=5a8ccdbc935be320 first8=[0.0033,0.0068,0.0070,0.0083,-0.0019,0.0056,-0.0034,-0.0045]
HID seg1s16 pos=447 sha=d441ac0adede65c7 first8=[0.0015,-0.0027,0.0462,-0.0046,0.0177,-0.0215,-0.0120,0.0160]
HID seg2s16 pos=447 sha=0b7fa8a5cd8e37a7 first8=[-0.0241,-0.0819,0.0143,0.0085,-0.0028,0.0688,0.2013,-0.2281]
HID seg0s16 pos=463 sha=71556c9045e24229 first8=[-0.0074,0.0033,0.0149,-0.0037,-0.0036,-0.0060,0.0008,0.0100]
HID seg1s16 pos=463 sha=a8bb23981bfc2b7f first8=[0.0095,-0.0045,0.0523,-0.0076,0.0043,-0.0167,0.0196,-0.0078]
HID seg2s16 pos=463 sha=0c96bbdfb7947001 first8=[-0.0559,0.1780,0.1276,0.1772,-0.0571,-0.0628,0.0443,-0.2253]
HID seg0s16 pos=479 sha=17e4d79916b10004 first8=[0.0058,-0.0078,0.0253,0.0022,-0.0058,0.0097,0.0044,-0.0026]
HID seg1s16 pos=479 sha=755fab969aa85cdf first8=[-0.0100,-0.0207,0.0773,-0.0213,0.0137,0.0062,0.0085,0.0007]
HID seg2s16 pos=479 sha=4d09fb5b2ef1555d first8=[0.0348,-0.0825,0.1560,0.0004,0.1401,0.1580,0.0983,-0.2778]
HID seg0s16 pos=495 sha=9e1e1189c8078acc first8=[-0.0053,-0.0050,0.0214,-0.0009,-0.0078,0.0080,0.0010,-0.0063]
HID seg1s16 pos=495 sha=df3afd51b438523f first8=[-0.0122,0.0107,0.0531,-0.0084,-0.0033,0.0189,-0.0232,-0.0187]
HID seg2s16 pos=495 sha=f9a714eb9d7e0ed3 first8=[-0.0797,0.1176,0.1707,0.2097,-0.1357,0.0007,0.2019,-0.3542]
HID seg0s16 pos=511 sha=53d8aa137d17856e first8=[0.0029,-0.0109,0.0182,0.0033,-0.0070,0.0083,-0.0078,0.0002]
HID seg1s16 pos=511 sha=9452e4d5025195f4 first8=[-0.0020,0.0115,0.0643,0.0063,0.0142,0.0368,-0.0545,-0.0188]
HID seg2s16 pos=511 sha=89668ad92d131d63 first8=[0.0371,0.0721,0.1721,0.1149,-0.0161,-0.1298,0.1865,-0.3899]
HID seg0s16 pos=527 sha=80d8b35a4fd59e18 first8=[0.0020,-0.0021,0.0211,0.0049,-0.0005,0.0024,0.0036,0.0009]
HID seg1s16 pos=527 sha=4a465c83de0726a5 first8=[-0.0069,-0.0195,0.0832,-0.0218,-0.0157,0.0024,-0.0054,-0.0097]
HID seg2s16 pos=527 sha=b94516905a7c1dd4 first8=[0.1068,-0.0089,0.1444,0.0590,-0.0648,-0.1841,0.0870,0.0301]
HID seg0s16 pos=543 sha=9ace6c42b84857ea first8=[-0.0025,-0.0008,-0.0034,-0.0049,-0.0113,0.0195,-0.0043,-0.0013]
HID seg1s16 pos=543 sha=dc77bb65463050c6 first8=[0.0071,-0.0067,0.0471,-0.0057,0.0084,0.0234,0.0252,0.0045]
HID seg2s16 pos=543 sha=c89489b3cef9e176 first8=[-0.0321,0.0031,0.0148,0.0141,-0.0887,0.2600,-0.0573,-0.1263]
HID seg0s16 pos=559 sha=57eef2577618c175 first8=[-0.0067,0.0052,-0.0118,-0.0027,-0.0027,0.0042,0.0036,0.0111]
HID seg1s16 pos=559 sha=28d7b82aa820c631 first8=[-0.0244,-0.0120,0.0179,-0.0085,-0.0107,0.0227,0.0184,0.0244]
HID seg2s16 pos=559 sha=7e5dece5380a46e7 first8=[0.1058,0.1561,0.2148,0.0756,0.0248,0.1177,0.1703,-0.0393]
HID seg0s16 pos=575 sha=5e4510a13fadae5c first8=[0.0037,0.0048,-0.0029,0.0059,-0.0046,0.0036,-0.0061,0.0028]
HID seg1s16 pos=575 sha=beedad3cb2a65d10 first8=[0.0026,0.0176,0.0204,-0.0155,0.0068,0.0022,0.0164,0.0040]
HID seg2s16 pos=575 sha=36e11b9d92475b56 first8=[-0.0845,0.2659,0.1393,0.0926,-0.0470,0.1685,0.1265,-0.1733]
HID seg0s16 pos=591 sha=1673cf857d2ce7bc first8=[0.0006,-0.0051,-0.0051,0.0096,-0.0047,0.0078,0.0027,-0.0043]
HID seg1s16 pos=591 sha=5430114c67fbe611 first8=[0.0111,-0.0077,-0.0028,0.0135,0.0064,0.0174,-0.0173,-0.0030]
HID seg2s16 pos=591 sha=227f4c2a2a0b3825 first8=[0.1573,-0.1135,0.0647,0.0185,0.1294,-0.0956,0.0431,-0.1493]
HID seg0s16 pos=607 sha=9f3b7c7c5e0aa76f first8=[0.0043,-0.0009,0.0115,-0.0068,-0.0039,0.0043,-0.0008,-0.0079]
HID seg1s16 pos=607 sha=8516f9d0d04729ad first8=[-0.0135,-0.0096,0.0749,-0.0040,0.0049,0.0058,0.0080,-0.0051]
HID seg2s16 pos=607 sha=cc9cd9345507d2d4 first8=[-0.1752,0.1115,0.3066,0.2551,-0.0388,0.2300,0.0202,-0.0724]
HID seg0s16 pos=623 sha=051b9ac83ff9b768 first8=[-0.0000,0.0050,-0.0002,0.0062,-0.0040,0.0149,-0.0074,-0.0047]
HID seg1s16 pos=623 sha=2415630a0ee2a083 first8=[-0.0119,0.0199,-0.0042,-0.0019,0.0171,0.0014,0.0449,-0.0088]
HID seg2s16 pos=623 sha=edc15841fdfd633d first8=[0.0489,0.0553,0.1348,-0.0490,-0.0946,-0.0159,-0.0969,-0.0646]
HID seg0s16 pos=15 sha=25244ab624c23558 first8=[0.0040,-0.0081,0.0452,-0.0041,-0.0080,0.0121,0.0030,0.0006]
HID seg1s16 pos=15 sha=61564faa09831d05 first8=[0.0014,-0.0001,0.1376,0.0097,0.0010,0.0282,-0.0025,0.0050]
HID seg2s16 pos=15 sha=a655de1e5f04629f first8=[-0.1090,0.0768,0.0153,-0.0225,0.1281,0.1117,-0.2261,-0.1624]
HID seg0s16 pos=31 sha=cd9acd254d204eef first8=[0.0050,-0.0107,0.0407,0.0036,-0.0087,-0.0005,-0.0014,-0.0047]
HID seg1s16 pos=31 sha=11bad41312dee31a first8=[0.0203,-0.0073,0.1250,-0.0018,-0.0094,0.0360,-0.0043,0.0091]
HID seg2s16 pos=31 sha=b7b598f7a8d43e4e first8=[0.1321,0.0067,0.0180,0.0603,0.0637,0.2744,-0.0053,-0.4944]
HID seg0s16 pos=47 sha=4d15182fb27fca2b first8=[0.0049,-0.0035,0.0386,-0.0022,-0.0004,0.0004,0.0030,-0.0040]
HID seg1s16 pos=47 sha=63fb4a4cf3c006aa first8=[-0.0144,-0.0028,0.1222,-0.0037,0.0131,0.0164,0.0045,0.0056]
HID seg2s16 pos=47 sha=f56fc2c5a69101eb first8=[-0.1440,0.0781,0.0790,0.1749,-0.0725,0.0921,-0.0195,-0.2825]
HID seg0s16 pos=63 sha=497ec078261ef909 first8=[0.0070,-0.0052,0.0314,-0.0021,-0.0024,0.0086,-0.0032,0.0053]
HID seg1s16 pos=63 sha=e1f9ad43f3b9c25a first8=[-0.0057,0.0005,0.1007,0.0006,0.0154,0.0163,-0.0279,0.0139]
HID seg2s16 pos=63 sha=0c808596c42c7759 first8=[0.0784,0.0995,0.1296,0.0121,-0.2466,0.0109,0.0335,-0.0433]
HID seg0s16 pos=79 sha=cda15fa29ffe3353 first8=[0.0060,-0.0047,0.0321,-0.0018,-0.0033,0.0054,-0.0032,-0.0086]
HID seg1s16 pos=79 sha=1fcf5d29654782ab first8=[-0.0017,0.0048,0.0844,0.0016,0.0068,0.0207,-0.0134,-0.0347]
HID seg2s16 pos=79 sha=df29bbbcc4167671 first8=[-0.2170,-0.0314,0.1112,0.1420,-0.0615,0.0144,0.2441,-0.1134]
HID seg0s16 pos=95 sha=535aec0a7c5e7e96 first8=[0.0016,-0.0027,0.0374,-0.0063,-0.0005,0.0030,-0.0055,-0.0080]
HID seg1s16 pos=95 sha=63d95b02aede7721 first8=[-0.0103,-0.0071,0.1088,0.0164,0.0120,0.0093,0.0091,-0.0167]
HID seg2s16 pos=95 sha=064c22a7fa914df8 first8=[-0.0378,0.0940,-0.0575,0.0217,-0.0574,-0.0647,0.0253,-0.1121]
HID seg0s16 pos=111 sha=3b912ef35414e54e first8=[-0.0041,-0.0053,0.0424,-0.0031,-0.0120,0.0151,0.0035,-0.0066]
HID seg1s16 pos=111 sha=b03ecf6d2ee0db64 first8=[-0.0097,-0.0090,0.0766,-0.0082,-0.0021,0.0284,0.0134,0.0060]
HID seg2s16 pos=111 sha=fd12f9c8a4cff3d7 first8=[0.0615,-0.1404,0.1333,0.1899,-0.0690,0.1765,0.0357,-0.2231]
HID seg0s16 pos=127 sha=8060d8b4331866ad first8=[0.0039,-0.0072,0.0297,-0.0038,-0.0011,0.0043,0.0011,-0.0126]
HID seg1s16 pos=127 sha=74aa6be1edad81d2 first8=[0.0009,0.0104,0.0740,-0.0040,0.0131,0.0090,0.0187,-0.0165]
HID seg2s16 pos=127 sha=cbd5261dbca9a5e8 first8=[-0.0764,0.0122,0.1417,0.0385,-0.0745,-0.1649,0.2496,-0.2416]
HID seg0s16 pos=143 sha=e659eb1634edbbdf first8=[0.0051,-0.0012,0.0327,-0.0025,-0.0013,0.0031,-0.0025,-0.0124]
HID seg1s16 pos=143 sha=0117608a37224c4f first8=[-0.0065,-0.0080,0.0966,0.0110,0.0076,0.0017,0.0017,-0.0431]
HID seg2s16 pos=143 sha=ba41d524712499d5 first8=[0.0121,0.0664,0.0285,0.0921,0.1909,0.0666,-0.0044,-0.0287]
HID seg0s16 pos=159 sha=bc7271b3ef336564 first8=[-0.0031,-0.0031,0.0361,0.0016,-0.0098,0.0112,0.0031,-0.0049]
HID seg1s16 pos=159 sha=b14494d0f934b4d4 first8=[-0.0091,-0.0031,0.0591,-0.0051,-0.0057,0.0106,-0.0125,0.0032]
HID seg2s16 pos=159 sha=53d197cbec93a3c5 first8=[-0.0721,-0.0458,0.2620,0.2651,-0.1481,0.0428,0.1102,-0.3936]
HID seg0s16 pos=175 sha=cea1f91e60d00ba7 first8=[0.0064,-0.0042,0.0259,-0.0036,0.0003,0.0072,-0.0003,-0.0095]
HID seg1s16 pos=175 sha=42769b17835b0f31 first8=[-0.0046,0.0060,0.0645,0.0095,-0.0049,0.0030,0.0079,-0.0161]
HID seg2s16 pos=175 sha=02133033c6974cb0 first8=[-0.0714,-0.0475,0.1351,0.0742,-0.0667,-0.1592,0.1870,-0.2418]
HID seg0s16 pos=191 sha=7724b4e3889d0304 first8=[0.0031,-0.0026,0.0296,-0.0018,-0.0002,0.0001,-0.0011,-0.0122]
HID seg1s16 pos=191 sha=4818f6ee00f44142 first8=[-0.0060,0.0088,0.0995,0.0228,0.0072,0.0035,-0.0056,-0.0458]
HID seg2s16 pos=191 sha=80c362a197158718 first8=[-0.0402,0.1017,0.0363,0.0552,0.1837,0.0771,0.1459,0.0638]
HID seg0s16 pos=207 sha=67a42d07e8195f22 first8=[-0.0017,0.0007,0.0353,0.0031,-0.0078,0.0056,0.0011,-0.0007]
HID seg1s16 pos=207 sha=8c42a2a9a43580d2 first8=[-0.0106,0.0114,0.0562,-0.0047,0.0108,0.0045,-0.0077,0.0027]
HID seg2s16 pos=207 sha=f77bae04ce2095a5 first8=[-0.0802,0.0422,0.2273,0.2133,-0.1744,0.0428,0.0975,-0.3945]
HID seg0s16 pos=223 sha=840249f3b474fdb1 first8=[0.0057,-0.0022,0.0223,-0.0044,0.0001,0.0038,-0.0013,-0.0103]
HID seg1s16 pos=223 sha=8cc70d938742c1ea first8=[-0.0117,0.0007,0.0647,0.0015,-0.0058,-0.0033,-0.0009,-0.0106]
HID seg2s16 pos=223 sha=1451b32f6ccc6dc9 first8=[0.0733,-0.0945,0.0782,0.1528,-0.0381,-0.2527,0.2192,-0.3296]
HID seg0s16 pos=239 sha=681d327b0f44d3b2 first8=[0.0047,0.0006,0.0242,-0.0007,0.0007,0.0022,-0.0006,-0.0125]
HID seg1s16 pos=239 sha=0fb98573b30220e8 first8=[0.0064,0.0079,0.0837,0.0217,0.0109,-0.0038,-0.0160,-0.0385]
HID seg2s16 pos=239 sha=d23154ff5f9c73b1 first8=[0.0411,0.0356,0.1230,0.0486,-0.0513,-0.0257,0.1044,0.0362]
HID seg0s16 pos=255 sha=8af65d6dd39a66cc first8=[-0.0051,-0.0023,0.0304,-0.0005,-0.0099,0.0064,-0.0058,0.0049]
HID seg1s16 pos=255 sha=e65a689c029f1af3 first8=[-0.0100,0.0084,0.0699,0.0001,0.0053,-0.0009,-0.0149,0.0199]
HID seg2s16 pos=255 sha=a202f982f7c7f375 first8=[-0.0248,0.0665,0.1829,0.2059,-0.1337,0.0304,0.1219,-0.3118]
HID seg0s16 pos=271 sha=2ddfd963370af7ee first8=[-0.0013,0.0009,0.0262,0.0049,-0.0085,0.0089,-0.0023,-0.0039]
HID seg1s16 pos=271 sha=6d165f89b285d3dd first8=[-0.0020,-0.0119,0.0483,0.0071,0.0023,0.0120,0.0009,-0.0222]
HID seg2s16 pos=271 sha=f0ba14ffa94749bf first8=[-0.0947,-0.1597,0.0943,0.1759,0.0148,-0.2847,-0.0861,-0.3418]
HID seg0s16 pos=287 sha=eb46888d8c51c52d first8=[0.0079,-0.0026,0.0250,0.0005,-0.0015,0.0028,0.0038,-0.0067]
HID seg1s16 pos=287 sha=9bc3218745b1f1c1 first8=[-0.0170,-0.0007,0.0928,0.0132,-0.0033,0.0103,-0.0011,-0.0066]
HID seg2s16 pos=287 sha=10d4235e1fef0333 first8=[0.0713,0.1187,0.2404,0.2178,-0.1910,-0.0739,-0.1459,-0.1470]
HID seg0s16 pos=303 sha=7a7dad4426e0e17d first8=[0.0018,0.0057,0.0243,-0.0076,-0.0044,-0.0064,0.0002,-0.0055]
HID seg1s16 pos=303 sha=a09a79f592f82e49 first8=[-0.0122,0.0028,0.0604,-0.0034,0.0157,-0.0262,-0.0055,0.0182]
HID seg2s16 pos=303 sha=ba0216cc2e55f86a first8=[0.0283,-0.0538,0.1112,0.1043,-0.0289,0.1792,0.0978,-0.1484]
HID seg0s16 pos=319 sha=92ea54da0005ef4b first8=[0.0040,0.0017,0.0118,-0.0056,0.0030,-0.0055,-0.0034,-0.0123]
HID seg1s16 pos=319 sha=9936879a9b7af6a3 first8=[-0.0175,0.0027,0.0570,0.0128,-0.0064,-0.0094,0.0067,0.0061]
HID seg2s16 pos=319 sha=c31d69cd76990f96 first8=[0.0488,-0.0242,0.1376,0.2495,-0.1545,-0.1384,0.1235,-0.0423]
HID seg0s16 pos=335 sha=76acf0b854498de4 first8=[0.0036,-0.0044,0.0193,-0.0001,0.0016,-0.0000,0.0019,-0.0036]
HID seg1s16 pos=335 sha=5b23b130d638b460 first8=[-0.0197,-0.0149,0.0875,-0.0017,-0.0054,-0.0079,0.0014,-0.0114]
HID seg2s16 pos=335 sha=e9520115e26be55b first8=[0.0795,0.0837,0.2720,0.2306,-0.2122,-0.0911,-0.1492,-0.0919]
HID seg0s16 pos=351 sha=ba74c294cce3e94b first8=[-0.0021,0.0022,0.0118,0.0019,0.0029,-0.0000,-0.0019,0.0020]
HID seg1s16 pos=351 sha=20196aca028631eb first8=[0.0007,0.0033,0.0684,-0.0102,0.0220,-0.0270,-0.0037,0.0263]
HID seg2s16 pos=351 sha=31d56f05f3352ba2 first8=[0.0230,-0.0492,0.0597,0.0689,-0.0153,0.1143,0.2148,-0.1675]
HID seg0s16 pos=367 sha=bc6e72d997910f8d first8=[0.0013,0.0037,0.0071,-0.0039,0.0044,-0.0061,0.0011,-0.0088]
HID seg1s16 pos=367 sha=16c1870ea17a6068 first8=[-0.0103,0.0032,0.0531,0.0131,-0.0012,-0.0119,-0.0141,-0.0020]
HID seg2s16 pos=367 sha=caff2e7f3739e29d first8=[0.0431,-0.0637,0.0936,0.2871,-0.1500,-0.1797,0.1232,-0.0274]
HID seg0s16 pos=383 sha=a9227ed5a873cfbe first8=[0.0017,-0.0005,0.0188,0.0022,0.0040,0.0012,-0.0001,-0.0044]
HID seg1s16 pos=383 sha=c7d92c7afe902208 first8=[-0.0114,-0.0231,0.0851,0.0040,-0.0054,0.0036,0.0039,-0.0291]
HID seg2s16 pos=383 sha=da0613f0b61b1f6c first8=[0.0768,0.0799,0.2937,0.2603,-0.2524,-0.0442,-0.1595,-0.1154]
HID seg0s16 pos=399 sha=e071cfb931f7316b first8=[0.0011,0.0078,0.0062,0.0050,0.0048,-0.0003,-0.0009,-0.0050]
HID seg1s16 pos=399 sha=83a8b2664abeeb44 first8=[-0.0059,0.0025,0.0569,-0.0125,0.0169,-0.0173,-0.0073,0.0096]
HID seg2s16 pos=399 sha=ddaaa5652724ff1b first8=[-0.0189,-0.0127,0.0587,0.0296,-0.0554,0.0480,0.2234,-0.1816]
HID seg0s16 pos=415 sha=cb7ead4871c54586 first8=[0.0023,0.0038,0.0061,-0.0042,0.0038,-0.0095,-0.0000,-0.0093]
HID seg1s16 pos=415 sha=ac67644ec4f2450b first8=[-0.0174,0.0061,0.0472,0.0055,0.0038,-0.0170,-0.0094,0.0004]
HID seg2s16 pos=415 sha=3bf46cccc5fd0086 first8=[0.0857,-0.0637,0.1125,0.3079,-0.1431,-0.2249,0.1400,-0.0964]
HID seg0s16 pos=431 sha=73ee73ef1414690d first8=[0.0015,-0.0011,0.0155,0.0040,0.0021,0.0041,0.0003,-0.0033]
HID seg1s16 pos=431 sha=0cd69f9783e1158b first8=[0.0046,-0.0190,0.0777,0.0136,-0.0091,-0.0021,0.0055,-0.0054]
HID seg2s16 pos=431 sha=91f497d13a20d4ee first8=[0.0286,0.0886,0.2969,0.2429,-0.2487,-0.0493,-0.1926,-0.0912]
HID seg0s16 pos=447 sha=1cf334840e7b33f6 first8=[0.0014,0.0078,0.0018,0.0065,0.0010,-0.0035,-0.0016,0.0009]
HID seg1s16 pos=447 sha=7a20d14120e3ec89 first8=[-0.0012,0.0042,0.0514,-0.0101,0.0210,-0.0251,-0.0096,0.0127]
HID seg2s16 pos=447 sha=b656e7420c8314f0 first8=[-0.0434,-0.0143,0.0126,-0.0048,-0.0511,0.0954,0.1860,-0.2202]
HID seg0s16 pos=463 sha=b91c3f5eb7e16fdf first8=[-0.0054,0.0022,0.0141,-0.0044,-0.0036,-0.0043,0.0006,0.0080]
HID seg1s16 pos=463 sha=db16fee22ab6c757 first8=[0.0161,-0.0177,0.0437,-0.0101,-0.0022,-0.0187,0.0200,-0.0059]
HID seg2s16 pos=463 sha=41fb7d5dd64e3c19 first8=[0.0087,0.1526,0.1371,0.2661,-0.0756,-0.0472,0.0370,-0.1533]
HID seg0s16 pos=479 sha=d03633239abfe075 first8=[0.0064,-0.0077,0.0264,0.0003,-0.0047,0.0079,0.0038,-0.0033]
HID seg1s16 pos=479 sha=14ffce680769a8e7 first8=[-0.0093,-0.0236,0.0732,-0.0231,0.0213,-0.0021,0.0131,0.0034]
HID seg2s16 pos=479 sha=0d462e8e6d9f5634 first8=[0.0695,-0.0764,0.1526,0.0662,0.0973,0.0917,0.1091,-0.2642]
HID seg0s16 pos=495 sha=73ee3a7a4730d4e5 first8=[-0.0040,-0.0031,0.0233,-0.0006,-0.0063,0.0076,0.0026,-0.0063]
HID seg1s16 pos=495 sha=eaa3a4b2ceeeb07c first8=[-0.0101,0.0097,0.0565,-0.0058,-0.0018,0.0146,-0.0280,-0.0203]
HID seg2s16 pos=495 sha=f3a4d5e786a30fdd first8=[-0.0681,0.1401,0.1523,0.1897,-0.1135,0.0252,0.1691,-0.3591]
HID seg0s16 pos=511 sha=a239cdc6f2bbe0f8 first8=[-0.0013,-0.0105,0.0206,0.0051,-0.0092,0.0063,-0.0067,-0.0024]
HID seg1s16 pos=511 sha=7c1f035fbab33ce6 first8=[-0.0016,0.0082,0.0587,0.0057,0.0099,0.0281,-0.0474,-0.0278]
HID seg2s16 pos=511 sha=379de8a7a5f0b171 first8=[-0.0147,0.0762,0.1770,0.0818,-0.0163,-0.1328,0.2235,-0.4380]
HID seg0s16 pos=527 sha=7eb2d41477f9f17b first8=[0.0002,-0.0007,0.0201,0.0049,-0.0003,-0.0002,0.0035,-0.0003]
HID seg1s16 pos=527 sha=0f30ed48d5450a08 first8=[-0.0100,-0.0222,0.0813,-0.0281,-0.0168,-0.0017,-0.0061,-0.0158]
HID seg2s16 pos=527 sha=e8e724f09a55b244 first8=[0.0882,-0.0104,0.1373,0.0671,-0.0370,-0.1896,0.0894,0.0503]
HID seg0s16 pos=543 sha=ab96316bfc7918b4 first8=[-0.0033,-0.0008,-0.0005,-0.0040,-0.0096,0.0189,-0.0050,-0.0036]
HID seg1s16 pos=543 sha=9f2f5262ae663ee6 first8=[0.0125,-0.0081,0.0583,-0.0155,0.0049,0.0273,0.0159,0.0038]
HID seg2s16 pos=543 sha=c0e9f1b621703893 first8=[0.0381,0.1232,0.0340,-0.0355,-0.0453,0.2460,-0.0961,-0.2317]
HID seg0s16 pos=559 sha=7723875affe3a97b first8=[-0.0073,0.0070,-0.0119,-0.0029,-0.0046,0.0048,0.0028,0.0093]
HID seg1s16 pos=559 sha=2bb1b5fc592951c2 first8=[-0.0163,-0.0090,0.0331,-0.0088,-0.0136,0.0289,0.0085,0.0318]
HID seg2s16 pos=559 sha=cf95f19cd52c93ba first8=[0.1029,0.1917,0.2065,0.0586,-0.0348,0.1610,0.1564,-0.0848]
HID seg0s16 pos=575 sha=3c3ab617d937a308 first8=[-0.0039,-0.0029,-0.0004,0.0002,-0.0016,0.0072,0.0001,0.0006]
HID seg1s16 pos=575 sha=6973323c702a05bd first8=[0.0089,0.0058,0.0067,-0.0143,0.0128,0.0279,0.0037,-0.0116]
HID seg2s16 pos=575 sha=45823773cc27112f first8=[-0.0721,0.2703,-0.0007,0.2189,-0.0591,0.0566,0.1865,-0.0150]
HID seg0s16 pos=591 sha=af3f413ecfb311be first8=[-0.0016,-0.0077,0.0024,0.0048,-0.0026,0.0082,0.0041,-0.0035]
HID seg1s16 pos=591 sha=4fe58a9a3b3b2868 first8=[0.0057,0.0040,-0.0070,0.0028,0.0084,0.0237,-0.0014,-0.0186]
HID seg2s16 pos=591 sha=6db7e9050abfcd11 first8=[0.1704,0.0012,0.1914,0.0566,0.1714,-0.0544,0.1750,-0.2278]
HID seg0s16 pos=607 sha=d7299c17d6586937 first8=[0.0015,-0.0036,0.0125,-0.0081,-0.0024,0.0058,-0.0032,-0.0100]
HID seg1s16 pos=607 sha=dcf2c06886a521e3 first8=[-0.0213,0.0069,0.0733,0.0046,0.0026,0.0235,0.0086,-0.0082]
HID seg2s16 pos=607 sha=40643c94f6a1d316 first8=[-0.0928,0.0495,0.2009,0.2615,-0.1683,0.0395,0.0702,0.0410]
HID seg0s16 pos=623 sha=7b0722eebea99cc6 first8=[-0.0012,0.0020,0.0046,0.0035,-0.0057,0.0119,-0.0070,-0.0061]
HID seg1s16 pos=623 sha=a3c52ce3ce1a5bba first8=[-0.0057,0.0114,0.0237,-0.0012,0.0033,0.0197,0.0155,-0.0150]
HID seg2s16 pos=623 sha=60a9d6a842b24c5d first8=[0.1816,0.1113,0.0106,-0.1298,0.0727,0.1270,-0.0867,-0.1051]
HID seg0s16 pos=15 sha=25244ab624c23558 first8=[0.0040,-0.0081,0.0452,-0.0041,-0.0080,0.0121,0.0030,0.0006]
HID seg1s16 pos=15 sha=61564faa09831d05 first8=[0.0014,-0.0001,0.1376,0.0097,0.0010,0.0282,-0.0025,0.0050]
HID seg2s16 pos=15 sha=a655de1e5f04629f first8=[-0.1090,0.0768,0.0153,-0.0225,0.1281,0.1117,-0.2261,-0.1624]
HID seg0s16 pos=31 sha=cd9acd254d204eef first8=[0.0050,-0.0107,0.0407,0.0036,-0.0087,-0.0005,-0.0014,-0.0047]
HID seg1s16 pos=31 sha=11bad41312dee31a first8=[0.0203,-0.0073,0.1250,-0.0018,-0.0094,0.0360,-0.0043,0.0091]
HID seg2s16 pos=31 sha=b7b598f7a8d43e4e first8=[0.1321,0.0067,0.0180,0.0603,0.0637,0.2744,-0.0053,-0.4944]
HID seg0s16 pos=47 sha=4d15182fb27fca2b first8=[0.0049,-0.0035,0.0386,-0.0022,-0.0004,0.0004,0.0030,-0.0040]
HID seg1s16 pos=47 sha=63fb4a4cf3c006aa first8=[-0.0144,-0.0028,0.1222,-0.0037,0.0131,0.0164,0.0045,0.0056]
HID seg2s16 pos=47 sha=f56fc2c5a69101eb first8=[-0.1440,0.0781,0.0790,0.1749,-0.0725,0.0921,-0.0195,-0.2825]
HID seg0s16 pos=63 sha=497ec078261ef909 first8=[0.0070,-0.0052,0.0314,-0.0021,-0.0024,0.0086,-0.0032,0.0053]
HID seg1s16 pos=63 sha=e1f9ad43f3b9c25a first8=[-0.0057,0.0005,0.1007,0.0006,0.0154,0.0163,-0.0279,0.0139]
HID seg2s16 pos=63 sha=0c808596c42c7759 first8=[0.0784,0.0995,0.1296,0.0121,-0.2466,0.0109,0.0335,-0.0433]
HID seg0s16 pos=79 sha=cda15fa29ffe3353 first8=[0.0060,-0.0047,0.0321,-0.0018,-0.0033,0.0054,-0.0032,-0.0086]
HID seg1s16 pos=79 sha=1fcf5d29654782ab first8=[-0.0017,0.0048,0.0844,0.0016,0.0068,0.0207,-0.0134,-0.0347]
HID seg2s16 pos=79 sha=df29bbbcc4167671 first8=[-0.2170,-0.0314,0.1112,0.1420,-0.0615,0.0144,0.2441,-0.1134]
HID seg0s16 pos=95 sha=35a4450d206e580c first8=[0.0007,-0.0039,0.0373,-0.0059,-0.0019,0.0029,-0.0049,-0.0075]
HID seg1s16 pos=95 sha=0698bb1ff2365b52 first8=[-0.0070,-0.0074,0.1129,0.0087,0.0114,0.0052,0.0110,-0.0150]
HID seg2s16 pos=95 sha=19b21dd6eb0ae56e first8=[-0.0131,0.0887,-0.0812,0.0487,-0.0847,-0.1459,-0.0055,-0.1693]
HID seg0s16 pos=111 sha=541359982da6c450 first8=[-0.0045,-0.0061,0.0435,-0.0000,-0.0114,0.0160,0.0054,-0.0063]
HID seg1s16 pos=111 sha=a3e428e6e8ee8593 first8=[-0.0134,-0.0059,0.0784,-0.0091,-0.0016,0.0257,0.0116,0.0055]
HID seg2s16 pos=111 sha=3ee7929b677ad7b1 first8=[0.0745,-0.1078,0.1589,0.2434,-0.0646,0.2031,0.0546,-0.2137]
HID seg0s16 pos=127 sha=04732dda69f3b647 first8=[0.0046,-0.0070,0.0287,-0.0054,-0.0002,0.0020,0.0011,-0.0128]
HID seg1s16 pos=127 sha=97abee7b05bdecde first8=[-0.0081,0.0098,0.0723,-0.0062,0.0086,0.0044,0.0181,-0.0139]
HID seg2s16 pos=127 sha=cd13ad73dd89a19e first8=[-0.0492,0.0038,0.1725,0.0791,-0.0683,-0.1242,0.2167,-0.2554]
HID seg0s16 pos=143 sha=da192b7b383e88f7 first8=[0.0054,-0.0028,0.0334,-0.0031,-0.0008,0.0016,-0.0027,-0.0116]
HID seg1s16 pos=143 sha=00dc560e17405171 first8=[-0.0077,-0.0069,0.0917,0.0072,0.0070,0.0048,-0.0014,-0.0433]
HID seg2s16 pos=143 sha=46303cb91bfe3c9b first8=[-0.0012,0.0387,0.0015,0.1163,0.2162,0.0337,-0.0160,-0.0455]
HID seg0s16 pos=159 sha=aebdda195cf57d53 first8=[-0.0024,-0.0041,0.0362,0.0001,-0.0079,0.0112,0.0058,-0.0031]
HID seg1s16 pos=159 sha=637ae980ed7fa3bd first8=[-0.0083,-0.0011,0.0651,-0.0048,0.0009,0.0070,-0.0120,0.0078]
HID seg2s16 pos=159 sha=27576a947e372e80 first8=[-0.0870,0.0197,0.2399,0.2285,-0.0959,0.0448,0.1166,-0.3779]
HID seg0s16 pos=175 sha=c43dd73cf846075b first8=[0.0055,-0.0042,0.0251,-0.0031,0.0009,0.0029,0.0018,-0.0104]
HID seg1s16 pos=175 sha=0b89b2421a20a985 first8=[-0.0187,0.0067,0.0716,-0.0027,-0.0023,-0.0103,0.0083,-0.0140]
HID seg2s16 pos=175 sha=0e8d8ebce6632a21 first8=[-0.0149,-0.0301,0.1698,0.1472,-0.1180,-0.2024,0.1710,-0.3591]
HID seg0s16 pos=191 sha=da4b8dda26b46639 first8=[0.0025,-0.0030,0.0297,-0.0019,-0.0010,0.0012,-0.0014,-0.0140]
HID seg1s16 pos=191 sha=178adb467dcd9cf7 first8=[-0.0061,0.0048,0.0894,0.0219,0.0092,-0.0057,-0.0144,-0.0465]
HID seg2s16 pos=191 sha=5c08ab9ea02338f1 first8=[-0.0122,0.0692,0.0174,0.0917,0.2406,0.0909,0.1410,0.0183]
HID seg0s16 pos=207 sha=699f0ef28177d3ca first8=[-0.0023,0.0018,0.0352,0.0018,-0.0073,0.0037,0.0012,-0.0044]
HID seg1s16 pos=207 sha=5a4061281648f60d first8=[-0.0066,0.0113,0.0487,-0.0056,0.0070,-0.0097,-0.0071,-0.0006]
HID seg2s16 pos=207 sha=1342b4d931d4ae18 first8=[-0.0234,0.0277,0.2294,0.2534,-0.1111,0.0212,0.0452,-0.3667]
HID seg0s16 pos=223 sha=0790da0bf9270ad1 first8=[0.0065,-0.0026,0.0230,-0.0040,0.0014,0.0058,-0.0004,-0.0070]
HID seg1s16 pos=223 sha=d714711048922171 first8=[-0.0148,0.0022,0.0636,-0.0037,0.0002,-0.0070,0.0106,-0.0041]
