CONFIG compute_units=all oracle=none
SCORE_BEGIN {"probes":[{"axis":"evidence_sufficient","offset":342},{"offset":345,"axis":"still_needed"},{"offset":348,"axis":"full_content_needed"},{"offset":351,"axis":"unresolved_evidence"}],"promptDigest":"sha256:8ca1e36e6fbba76efe96140c314efaa3443de4aa2eb80542b7e90389af2175f6","candidateViewDigest":"sha256:35058c58a0cc39c4f602ce726e7045bf06464f6b299e008b2df460f3edd3d534","row":0,"axis":"","candidateId":"cand-axis-es-pos-01","requestId":"sdr-axis-es-pos-01","promptTokens":352}
HID seg0s16 pos=15 sha=d90046c44be67250 first8=[0.0110,-0.0066,0.0384,0.0014,-0.0040,-0.0121,-0.0018,-0.0042]
HID seg1s16 pos=15 sha=1663f3fdccc1466f first8=[0.0090,-0.0003,0.1375,-0.0156,0.0107,-0.0050,-0.0111,0.0126]
HID seg2s16 pos=15 sha=d31df2327f493a85 first8=[-0.0366,-0.0527,0.1782,-0.0646,-0.2118,0.0480,0.0560,-0.2014]
HID seg0s16 pos=31 sha=e8ee5498eea5d3ab first8=[0.0067,-0.0082,0.0424,0.0112,-0.0007,0.0025,-0.0033,-0.0006]
HID seg1s16 pos=31 sha=3d33222e274d64b4 first8=[-0.0040,-0.0307,0.1244,0.0183,-0.0093,0.0105,-0.0140,-0.0020]
HID seg2s16 pos=31 sha=f1bda0b216d49602 first8=[-0.1659,0.1392,0.0464,0.0714,0.0749,0.0099,0.0460,-0.2338]
HID seg0s16 pos=47 sha=08fefa5e862ac807 first8=[0.0060,-0.0177,0.0318,-0.0037,-0.0053,0.0120,0.0035,-0.0062]
HID seg1s16 pos=47 sha=f5e500aa2f805bb3 first8=[-0.0100,-0.0218,0.1015,0.0117,-0.0071,0.0202,-0.0041,-0.0108]
HID seg2s16 pos=47 sha=7f3c5c11c3284fb1 first8=[0.0471,-0.0255,0.0463,0.2104,0.1248,0.1159,-0.0401,-0.2625]
HID seg0s16 pos=63 sha=870296941e89f827 first8=[0.0073,0.0026,0.0334,0.0017,-0.0046,-0.0054,0.0009,-0.0037]
HID seg1s16 pos=63 sha=d3eaa4e1a0c44ba7 first8=[0.0102,0.0097,0.0905,-0.0088,0.0112,0.0081,-0.0095,-0.0318]
HID seg2s16 pos=63 sha=89c13a956643d1a6 first8=[-0.0682,-0.0784,0.0094,0.0770,-0.0307,0.0003,0.0607,-0.1448]
HID seg0s16 pos=79 sha=9f6451f4f553ee40 first8=[0.0005,-0.0030,0.0392,-0.0042,-0.0066,0.0059,-0.0039,-0.0128]
HID seg1s16 pos=79 sha=b37dd7ef837870d2 first8=[-0.0099,-0.0146,0.0981,-0.0008,0.0109,0.0105,0.0051,-0.0093]
HID seg2s16 pos=79 sha=caf9484e957d79f5 first8=[-0.0830,-0.0362,0.0414,0.0503,-0.0407,-0.0570,0.0228,0.0099]
HID seg0s16 pos=95 sha=a9decce5fae14337 first8=[-0.0007,-0.0036,0.0271,-0.0053,-0.0039,-0.0023,0.0002,0.0007]
HID seg1s16 pos=95 sha=5a57d45da472aeb4 first8=[0.0039,-0.0017,0.0997,-0.0202,0.0053,0.0051,0.0144,0.0087]
HID seg2s16 pos=95 sha=e892ea29116b6b16 first8=[0.0173,0.0220,0.0350,0.0385,0.0436,0.0321,0.1154,-0.1033]
HID seg0s16 pos=111 sha=15d72313ffefd502 first8=[0.0050,-0.0048,0.0332,-0.0051,-0.0013,-0.0000,0.0037,0.0003]
HID seg1s16 pos=111 sha=1ca61b33efddf44b first8=[-0.0061,-0.0007,0.0948,0.0063,0.0141,0.0150,0.0076,0.0101]
HID seg2s16 pos=111 sha=b473c7b615bfd935 first8=[0.0172,0.0882,-0.0161,-0.0657,-0.2698,0.0674,0.1228,-0.2417]
HID seg0s16 pos=127 sha=f85c8180e2cd3d95 first8=[-0.0024,0.0008,0.0357,0.0033,-0.0025,-0.0066,-0.0054,-0.0036]
HID seg1s16 pos=127 sha=d4ec2364f1add5d1 first8=[0.0235,0.0011,0.0671,0.0105,0.0034,-0.0063,0.0119,-0.0211]
HID seg2s16 pos=127 sha=f1d51a419443f921 first8=[0.0334,0.0616,0.2114,0.1553,-0.1348,0.1161,-0.1183,-0.3362]
HID seg0s16 pos=143 sha=33e2d9682a4a0f77 first8=[0.0028,-0.0035,0.0255,-0.0053,-0.0026,-0.0014,0.0027,0.0006]
HID seg1s16 pos=143 sha=a0f61d273ccad4e6 first8=[-0.0041,0.0076,0.0704,0.0029,0.0094,0.0201,0.0157,0.0034]
HID seg2s16 pos=143 sha=d536fa2a6bbc1edb first8=[0.0559,-0.0096,-0.0048,-0.1241,-0.1995,0.0253,0.0727,-0.2708]
HID seg0s16 pos=159 sha=0b12c9e9a989cf4b first8=[-0.0050,-0.0038,0.0236,-0.0041,-0.0035,-0.0073,-0.0033,0.0002]
HID seg1s16 pos=159 sha=60205f52ad483e54 first8=[0.0019,0.0040,0.0742,0.0040,0.0033,-0.0165,0.0020,-0.0178]
HID seg2s16 pos=159 sha=3710b43fb33b8a55 first8=[0.1805,-0.1533,0.0762,0.0582,-0.2028,-0.0997,-0.0760,-0.1744]
HID seg0s16 pos=175 sha=d55c00f60fc30131 first8=[-0.0034,-0.0020,0.0305,-0.0024,-0.0011,-0.0033,-0.0053,0.0036]
HID seg1s16 pos=175 sha=c8a817e0bdd186e8 first8=[-0.0065,-0.0095,0.0680,-0.0011,0.0099,-0.0105,-0.0006,0.0182]
HID seg2s16 pos=175 sha=29c889d69edaef08 first8=[0.0386,0.1561,0.1838,0.2800,-0.2205,0.0489,0.1039,-0.2825]
HID seg0s16 pos=191 sha=c79dda7773057f00 first8=[-0.0021,0.0024,0.0390,-0.0030,-0.0010,-0.0036,-0.0043,-0.0022]
HID seg1s16 pos=191 sha=96fde0a9e6d3d6c7 first8=[-0.0081,-0.0230,0.0859,0.0225,0.0084,-0.0137,0.0061,-0.0070]
HID seg2s16 pos=191 sha=23d03b476f542a4d first8=[-0.0555,-0.0882,0.1636,0.0785,0.0682,-0.1329,0.0090,-0.3494]
HID seg0s16 pos=207 sha=5d2e4ce5736a7a5f first8=[0.0027,-0.0014,0.0328,0.0068,-0.0034,0.0106,0.0079,0.0005]
HID seg1s16 pos=207 sha=4f19a59df6535da4 first8=[-0.0051,-0.0040,0.0579,0.0050,0.0043,0.0306,-0.0153,0.0107]
HID seg2s16 pos=207 sha=df61806d7282b6b2 first8=[-0.2561,0.1324,0.1594,-0.0349,0.2034,0.2086,0.0027,-0.3589]
HID seg0s16 pos=223 sha=01c943443a5d4dca first8=[-0.0051,0.0019,0.0333,-0.0032,-0.0011,0.0088,0.0051,-0.0129]
HID seg1s16 pos=223 sha=e60bd65e580302cb first8=[-0.0081,-0.0162,0.0857,-0.0126,0.0085,0.0053,-0.0058,-0.0041]
HID seg2s16 pos=223 sha=ca218b74efd8619a first8=[0.0757,-0.1696,-0.0010,0.0967,0.0948,-0.0118,-0.0760,-0.0500]
HID seg0s16 pos=239 sha=9af98bea69d7896f first8=[-0.0070,-0.0013,0.0330,-0.0045,-0.0055,0.0087,-0.0007,0.0060]
HID seg1s16 pos=239 sha=9dad5549ec3725d5 first8=[0.0008,-0.0142,0.0887,-0.0049,-0.0043,0.0194,-0.0034,0.0127]
HID seg2s16 pos=239 sha=49b64c0f452818ef first8=[0.1469,-0.0615,-0.0220,0.0386,0.0927,0.2396,0.0069,0.1203]
HID seg0s16 pos=255 sha=d36574809ab92888 first8=[-0.0064,-0.0036,0.0274,-0.0028,-0.0131,0.0116,0.0017,-0.0039]
HID seg1s16 pos=255 sha=ba36420d1aed7d69 first8=[-0.0119,-0.0164,0.0763,0.0128,-0.0037,0.0349,0.0002,-0.0064]
HID seg2s16 pos=255 sha=94830f821ec0a190 first8=[-0.1504,0.1387,0.1697,0.3140,0.0175,0.0691,0.0375,0.0518]
HID seg0s16 pos=271 sha=1cdf6558cbdcdc83 first8=[0.0039,-0.0015,0.0233,0.0033,-0.0039,0.0011,-0.0008,0.0036]
HID seg1s16 pos=271 sha=987d4f2d41c07598 first8=[0.0078,0.0056,0.0561,0.0137,-0.0008,0.0029,0.0015,-0.0181]
HID seg2s16 pos=271 sha=6301bc1d77311ea4 first8=[-0.2153,0.0364,0.1849,0.1040,0.2876,0.1555,-0.0186,-0.2771]
HID seg0s16 pos=287 sha=b6b92a5c5b78d44d first8=[-0.0007,-0.0042,0.0284,-0.0067,-0.0007,-0.0016,-0.0057,0.0065]
HID seg1s16 pos=287 sha=c07fd9c42a59151e first8=[0.0232,-0.0042,0.0609,0.0044,-0.0078,0.0111,-0.0119,-0.0028]
HID seg2s16 pos=287 sha=d909adf160b20be4 first8=[-0.0612,0.0032,-0.0342,-0.0055,-0.0281,-0.0671,0.0870,0.0641]
HID seg0s16 pos=303 sha=5e4c6687667899a8 first8=[-0.0068,0.0019,0.0317,0.0026,0.0070,0.0031,-0.0011,0.0026]
HID seg1s16 pos=303 sha=b438ab54e4e26ecd first8=[-0.0006,0.0078,0.0668,-0.0196,0.0049,0.0021,-0.0022,0.0030]
HID seg2s16 pos=303 sha=321e522ae751b6e8 first8=[0.0079,0.2456,0.1827,0.1531,-0.0502,-0.1520,0.1580,-0.1205]
HID seg0s16 pos=319 sha=ddeb09d63fb8d315 first8=[0.0013,-0.0076,0.0239,-0.0064,-0.0052,0.0137,-0.0025,-0.0046]
HID seg1s16 pos=319 sha=b7e146d171dc0c24 first8=[-0.0059,0.0055,0.0599,0.0108,0.0031,0.0284,-0.0012,-0.0118]
HID seg2s16 pos=319 sha=5e20f8de4255eef5 first8=[0.1835,0.2212,-0.0099,0.0529,0.0922,-0.0409,-0.0872,-0.1165]
HID seg0s16 pos=335 sha=42af16fe61440e3a first8=[-0.0013,0.0005,0.0208,0.0004,-0.0019,0.0045,-0.0002,-0.0072]
HID seg1s16 pos=335 sha=779ecf821511120b first8=[0.0099,-0.0078,0.0430,-0.0136,0.0014,-0.0017,0.0214,-0.0134]
HID seg2s16 pos=335 sha=9b8c4f1948215623 first8=[-0.0478,0.0034,0.0969,0.0320,-0.0374,0.0165,0.2096,-0.2422]
HID seg0s16 pos=351 sha=c3736e21e60befca first8=[-0.0029,-0.0024,0.0200,0.0056,-0.0045,0.0069,-0.0077,-0.0001]
HID seg1s16 pos=351 sha=8b6465fffca074c1 first8=[-0.0086,0.0090,0.0630,-0.0015,0.0009,0.0052,0.0129,-0.0232]
HID seg2s16 pos=351 sha=d13ec9cbf7da2e06 first8=[0.1527,-0.0247,0.0437,-0.0311,0.1232,0.0493,0.0442,-0.2705]
PROBE_JSON {"probs":{"12447":0.8558571320849967,"11683":0.00050389037748536111,"2243":0.0001388363969308823,"18171":6.6096033627667598e-05,"794":9.1572529683549839e-06,"2752":0.00045879740970011801,"4547":0.13754875835160885,"17550":0.0054173320926821106},"offset":6,"abs":{"12447":0.85175018765999011,"2752":0.00045659580923044027,"794":9.1133106704913897e-06,"17550":0.0053913363031953196,"18171":6.5778863008126339e-05,"2243":0.0001381701719910092,"11683":0.00050147239240461931,"4547":0.13688871231693653}}
PROBE_JSON {"probs":{"12447":0.083458186751839691,"11683":0.0004518503441322964,"2243":0.00016622645209251309,"18171":0.0036100468459315071,"794":0.00078072738339908586,"2752":0.18807592712300725,"4547":0.024670192881462976,"17550":0.6987868422181347},"abs":{"12447":0.039597623707592094,"2752":0.089234622516037254,"794":0.00037042440471387933,"17550":0.3315468440771065,"18171":0.0017128250940441677,"2243":7.8867906869092451e-05,"11683":0.00021438519809085434,"4547":0.011705035210249813},"offset":9}
PROBE_JSON {"probs":{"12447":0.059923970071322517,"11683":0.0018380433208427384,"2243":0.0011148296279711455,"18171":0.0066190482664158033,"794":0.0018963890789772532,"2752":0.25228933741273196,"4547":0.032074989822905305,"17550":0.64424339239883321},"offset":12,"abs":{"12447":0.00049588654183372141,"2752":0.0020877603223253775,"794":1.569311614744473e-05,"17550":0.0053312827500521433,"18171":5.4774357425864419e-05,"2243":9.22550705986935e-06,"11683":1.5210289722600801e-05,"4547":0.00026542893876525971}}
PROBE_JSON {"probs":{"12447":0.036593431779572971,"11683":0.00011646887194641143,"2243":9.2857080631343557e-05,"18171":0.0029113554546968058,"794":0.0010710278177252913,"2752":0.26619889760605914,"4547":0.013253262714562879,"17550":0.67976269867480521},"abs":{"12447":0.004130517299103631,"2752":0.030047445623231306,"794":0.00012089325088676202,"17550":0.076728840385202501,"18171":0.00032862192706882554,"2243":1.0481328458134052e-05,"11683":1.3146531139238012e-05,"4547":0.0014959742295234913},"offset":15}
SCORE_END {"ms":389599.552792,"rss_bytes":262538320,"row":0}
SCORE_BEGIN {"candidateViewDigest":"sha256:35058c58a0cc39c4f602ce726e7045bf06464f6b299e008b2df460f3edd3d534","probes":[{"axis":"evidence_sufficient","offset":239}],"requestId":"sdr-axis-es-pos-01","row":1,"axis":"evidence_sufficient","promptTokens":240,"promptDigest":"sha256:985d033346b5461817365eb1cb46eef2ab7d14e84839dd07782acf2bc43edaee","candidateId":"cand-axis-es-pos-01"}
HID seg0s16 pos=15 sha=7c304665f2947bc7 first8=[0.0097,-0.0011,0.0359,-0.0002,-0.0062,-0.0031,0.0015,-0.0001]
HID seg1s16 pos=15 sha=4cbab74e09d0ca19 first8=[-0.0113,0.0219,0.1144,0.0045,0.0049,-0.0122,-0.0019,-0.0033]
HID seg2s16 pos=15 sha=c46ad9d73338f9ea first8=[-0.1996,0.1320,0.1202,-0.1066,0.0952,-0.0269,-0.2598,-0.2319]
HID seg0s16 pos=31 sha=212bf36b886b2dcc first8=[0.0025,-0.0075,0.0379,-0.0038,-0.0080,-0.0069,-0.0066,-0.0232]
HID seg1s16 pos=31 sha=612f0e068695c7a8 first8=[0.0010,-0.0060,0.1121,-0.0094,0.0080,0.0037,0.0009,-0.0597]
HID seg2s16 pos=31 sha=10033634cd41241f first8=[-0.0888,0.0981,0.0938,-0.0305,-0.0043,0.1503,-0.0526,-0.2581]
HID seg0s16 pos=47 sha=221680c0a925b6f1 first8=[0.0056,-0.0002,0.0355,-0.0039,-0.0034,-0.0125,-0.0017,-0.0042]
HID seg1s16 pos=47 sha=d596d7bb69fd50c2 first8=[-0.0125,0.0102,0.0988,0.0189,0.0070,-0.0116,-0.0133,-0.0102]
HID seg2s16 pos=47 sha=ae7fc7e4462cc863 first8=[-0.1163,0.0603,-0.0822,0.0788,-0.1164,0.0752,0.1047,-0.1114]
HID seg0s16 pos=63 sha=e258d0457e1c56b5 first8=[0.0056,-0.0039,0.0363,-0.0009,-0.0047,-0.0045,0.0035,0.0034]
HID seg1s16 pos=63 sha=22b51d29daab654e first8=[0.0105,0.0031,0.0985,-0.0090,0.0037,0.0109,-0.0008,-0.0170]
HID seg2s16 pos=63 sha=ef6178f41f7b6d15 first8=[0.0601,0.0552,-0.0078,0.0900,-0.1117,-0.1030,0.0331,0.0134]
HID seg0s16 pos=79 sha=cd364d7db539b6f7 first8=[0.0017,-0.0058,0.0300,-0.0027,0.0058,-0.0015,-0.0039,-0.0048]
HID seg1s16 pos=79 sha=ddc4249f68a6a164 first8=[0.0184,-0.0041,0.0818,-0.0109,0.0096,-0.0317,-0.0025,-0.0250]
HID seg2s16 pos=79 sha=b279b1adb4acb3e2 first8=[0.0478,0.0220,-0.0011,0.0199,-0.0547,-0.0873,0.0858,-0.2727]
HID seg0s16 pos=95 sha=9dfaf9e19d1dbca4 first8=[0.0009,-0.0125,0.0295,-0.0089,-0.0109,-0.0087,-0.0006,0.0034]
HID seg1s16 pos=95 sha=f5e3e3cd89bc6c34 first8=[-0.0268,-0.0140,0.1132,-0.0063,0.0019,-0.0116,-0.0036,0.0063]
HID seg2s16 pos=95 sha=b3cafbddff884566 first8=[-0.1328,0.2163,0.0403,0.1377,-0.0245,0.0339,-0.1296,0.0371]
HID seg0s16 pos=111 sha=9dd53397470e38bd first8=[0.0005,-0.0040,0.0392,-0.0023,-0.0049,0.0059,0.0013,0.0109]
HID seg1s16 pos=111 sha=5a3f6595ce1d0350 first8=[-0.0141,0.0049,0.1138,0.0018,-0.0061,0.0011,0.0123,0.0072]
HID seg2s16 pos=111 sha=2c29be1418eeecfe first8=[0.0237,0.2844,0.0949,-0.0345,-0.0791,-0.0139,0.1077,-0.0213]
HID seg0s16 pos=127 sha=cc6d15cfe99eaf5f first8=[0.0012,-0.0030,0.0448,0.0051,-0.0049,0.0083,0.0017,0.0050]
HID seg1s16 pos=127 sha=112b487ad0f97895 first8=[-0.0002,-0.0193,0.0994,0.0074,0.0020,0.0110,0.0126,-0.0011]
HID seg2s16 pos=127 sha=de2f3692c6d3679e first8=[-0.0042,0.0778,0.1969,0.2067,-0.0699,0.2203,0.0737,-0.2983]
HID seg0s16 pos=143 sha=26c06ec6a49c8cd3 first8=[0.0030,-0.0037,0.0320,-0.0024,-0.0023,0.0042,-0.0014,0.0023]
HID seg1s16 pos=143 sha=cd8ac50ac19cd9c8 first8=[-0.0144,0.0130,0.1008,0.0065,0.0076,0.0042,0.0123,-0.0037]
HID seg2s16 pos=143 sha=f46987336f9f26eb first8=[0.0190,0.0047,0.0037,-0.1061,0.0439,0.0104,0.1274,-0.0994]
HID seg0s16 pos=159 sha=47487212dac21f3b first8=[-0.0065,-0.0045,0.0449,0.0030,-0.0014,0.0198,-0.0028,-0.0045]
HID seg1s16 pos=159 sha=127ca44984b046b4 first8=[-0.0060,-0.0093,0.1035,0.0008,0.0048,0.0207,0.0192,-0.0101]
HID seg2s16 pos=159 sha=e0b9c430e04b8b26 first8=[-0.0373,0.0807,0.2761,0.2426,-0.0904,0.2230,0.1300,-0.1689]
HID seg0s16 pos=175 sha=34be0dbf49902162 first8=[0.0005,-0.0017,0.0222,-0.0052,0.0014,0.0003,0.0023,0.0011]
HID seg1s16 pos=175 sha=0a3cb3221a676086 first8=[-0.0098,-0.0028,0.0827,-0.0024,0.0062,0.0014,0.0164,-0.0101]
HID seg2s16 pos=175 sha=13e5f771350ae64f first8=[0.0693,0.0245,-0.0008,-0.1301,-0.1714,0.0320,0.0839,-0.2656]
HID seg0s16 pos=191 sha=1c25245a130c20b8 first8=[-0.0002,0.0002,0.0307,-0.0070,-0.0029,-0.0034,-0.0046,0.0039]
HID seg1s16 pos=191 sha=3ef5ca1fa6644399 first8=[-0.0058,-0.0142,0.0621,-0.0116,0.0090,-0.0008,0.0107,0.0074]
HID seg2s16 pos=191 sha=6ea4bf25b3e9f369 first8=[-0.1033,-0.0881,-0.0406,0.2378,-0.0001,-0.0610,0.1772,-0.2092]
HID seg0s16 pos=207 sha=89292170ab6a7feb first8=[-0.0049,-0.0061,0.0355,-0.0033,0.0021,0.0209,-0.0062,0.0080]
HID seg1s16 pos=207 sha=3c36cf34e495ed6a first8=[-0.0144,-0.0319,0.0912,-0.0103,-0.0147,0.0452,0.0048,0.0106]
HID seg2s16 pos=207 sha=2b8169c70a4b0a1f first8=[-0.0888,0.1165,0.1335,0.0693,-0.1487,0.1554,-0.0074,-0.1169]
HID seg0s16 pos=223 sha=29cd78da95760676 first8=[0.0018,0.0114,0.0280,-0.0013,-0.0056,0.0079,-0.0012,-0.0024]
HID seg1s16 pos=223 sha=66848154ac1b8098 first8=[0.0023,0.0042,0.0601,0.0215,0.0129,0.0115,-0.0133,0.0014]
HID seg2s16 pos=223 sha=c16a3be92962672e first8=[-0.0648,0.0384,0.2429,0.2096,0.1214,0.1775,0.0399,-0.3354]
HID seg0s16 pos=239 sha=4c97d406d0cc45e3 first8=[-0.0002,-0.0052,0.0198,-0.0004,0.0002,0.0155,-0.0075,-0.0058]
HID seg1s16 pos=239 sha=41e3fe9f9c7d2b57 first8=[-0.0017,0.0015,0.0510,-0.0322,0.0086,0.0515,0.0003,-0.0122]
HID seg2s16 pos=239 sha=4d3fdd38f5b48646 first8=[0.0681,0.0781,-0.0630,-0.0911,0.1545,0.1533,-0.0621,-0.2524]
PROBE_JSON {"abs":{"2243":0.011818600069187314,"18171":0.004084398892316727,"794":0.00026939530776812903,"4547":0.0091327062855354468,"2752":0.00063622663644972977,"17550":0.0095709940113018928,"12447":0.078894543436985445,"11683":0.067482079078877988},"offset":15,"probs":{"12447":0.4337511770870468,"2752":0.0034978851569705898,"794":0.0014810977636176312,"17550":0.052619987865334394,"18171":0.022455454459286286,"2243":0.064977011947924476,"11683":0.37100704253549988,"4547":0.050210343184319876}}
SCORE_END {"row":1,"ms":271724.87704200001,"rss_bytes":414106800}
SCORE_BEGIN {"candidateViewDigest":"sha256:35058c58a0cc39c4f602ce726e7045bf06464f6b299e008b2df460f3edd3d534","probes":[{"axis":"evidence_sufficient","offset":239}],"requestId":"sdr-axis-es-pos-01-armC","row":2,"axis":"evidence_sufficient","promptTokens":240,"promptDigest":"sha256:4c542a62fb1862d8b90225d48ab6371e0122d73c7818b99fc4998cc8b6223a20","candidateId":"cand-axis-es-pos-01"}
HID seg0s16 pos=15 sha=214be92064a5db7f first8=[0.0058,-0.0059,0.0361,0.0037,-0.0021,-0.0054,-0.0002,-0.0076]
HID seg1s16 pos=15 sha=5660c7f602afc884 first8=[-0.0116,-0.0000,0.1257,0.0136,0.0077,-0.0055,0.0030,-0.0093]
HID seg2s16 pos=15 sha=7f228abe22cd0784 first8=[-0.0400,0.0760,0.1049,0.0964,-0.0058,-0.0411,0.1083,-0.1293]
HID seg0s16 pos=31 sha=0da9b8b97af45c73 first8=[0.0046,0.0014,0.0377,0.0016,-0.0034,0.0058,-0.0016,-0.0078]
HID seg1s16 pos=31 sha=10e33c1a35941b31 first8=[-0.0025,-0.0013,0.1135,0.0090,0.0010,0.0253,0.0051,-0.0104]
HID seg2s16 pos=31 sha=51b3b87873cc62cb first8=[-0.0049,0.1508,0.1089,0.1938,-0.0872,0.1127,0.0848,-0.4148]
HID seg0s16 pos=47 sha=aea21a33a66a1ad6 first8=[0.0059,-0.0078,0.0381,0.0027,-0.0075,-0.0062,0.0031,-0.0018]
HID seg1s16 pos=47 sha=9b7f8bbd615ac098 first8=[-0.0055,-0.0146,0.0956,-0.0058,0.0014,-0.0021,-0.0121,-0.0029]
HID seg2s16 pos=47 sha=0e53bbc8e747b321 first8=[0.0452,0.0188,0.1285,0.2725,-0.0108,0.0479,-0.0818,-0.2583]
HID seg0s16 pos=63 sha=d29cbeb911b2ecda first8=[0.0035,0.0040,0.0243,-0.0042,-0.0112,-0.0177,0.0009,-0.0052]
HID seg1s16 pos=63 sha=64f7ff08397ddfa4 first8=[0.0094,-0.0068,0.0848,-0.0150,0.0273,0.0143,-0.0316,-0.0482]
HID seg2s16 pos=63 sha=b1a9af406f8d602f first8=[-0.0893,0.1802,0.0008,-0.0421,-0.1320,-0.0172,-0.2035,-0.3650]
HID seg0s16 pos=79 sha=614eaf771232fc1c first8=[0.0019,0.0010,0.0313,-0.0052,-0.0063,-0.0017,-0.0025,-0.0024]
HID seg1s16 pos=79 sha=115154d32b936c9d first8=[-0.0020,0.0003,0.0958,0.0044,0.0002,0.0027,0.0027,-0.0028]
HID seg2s16 pos=79 sha=8bc1060e17464e9e first8=[-0.1732,-0.0067,-0.0193,0.2085,0.0260,-0.0983,0.1213,-0.1317]
HID seg0s16 pos=95 sha=ff7280c94f6ed618 first8=[0.0005,-0.0160,0.0306,-0.0010,-0.0118,0.0014,-0.0020,-0.0042]
HID seg1s16 pos=95 sha=28bab9f19fbec9eb first8=[0.0014,-0.0101,0.0978,-0.0127,0.0183,-0.0031,0.0003,0.0058]
HID seg2s16 pos=95 sha=2a1e136800b6aba7 first8=[0.1354,0.2234,-0.1174,-0.1852,0.1549,0.0390,-0.1261,-0.1129]
HID seg0s16 pos=111 sha=85d6692d9fcf23b1 first8=[0.0050,0.0043,0.0375,0.0046,0.0002,0.0021,0.0061,0.0003]
HID seg1s16 pos=111 sha=93ed3eb93a28e676 first8=[-0.0059,-0.0088,0.0875,0.0022,0.0113,0.0093,0.0052,-0.0166]
HID seg2s16 pos=111 sha=3178701ceef75d11 first8=[0.0166,0.1429,0.0416,0.1309,-0.1786,0.1098,-0.0110,-0.3281]
HID seg0s16 pos=127 sha=c6d4e7720d0c91a9 first8=[0.0025,-0.0046,0.0324,-0.0001,0.0004,0.0210,-0.0023,-0.0047]
HID seg1s16 pos=127 sha=48099c4fa5e625f2 first8=[0.0045,0.0028,0.0765,0.0032,0.0104,0.0381,0.0205,-0.0060]
HID seg2s16 pos=127 sha=e698700d78659eb3 first8=[0.0086,0.0081,0.1185,0.0811,-0.2223,-0.0446,-0.1228,-0.1086]
HID seg0s16 pos=143 sha=e740270cd255ca2f first8=[-0.0037,0.0043,0.0316,0.0022,0.0015,0.0064,0.0014,-0.0087]
HID seg1s16 pos=143 sha=1b9b0713801ebf10 first8=[0.0062,-0.0121,0.0799,-0.0029,0.0089,0.0116,0.0187,-0.0237]
HID seg2s16 pos=143 sha=6fcb00a333c862fe first8=[0.0375,0.1361,0.0782,0.0402,-0.1379,0.1017,0.0695,-0.2126]
HID seg0s16 pos=159 sha=2575bd9a60e15c31 first8=[0.0040,-0.0053,0.0223,-0.0016,0.0042,-0.0027,0.0006,0.0027]
HID seg1s16 pos=159 sha=440ddb80ba4c52c3 first8=[-0.0109,-0.0014,0.0622,0.0164,0.0007,-0.0033,0.0119,-0.0110]
HID seg2s16 pos=159 sha=9ee61ffa5f3d73be first8=[0.0501,-0.0370,0.1249,-0.0548,-0.1388,-0.1459,-0.0865,-0.0478]
HID seg0s16 pos=175 sha=c56aa99c4aed50b2 first8=[-0.0053,0.0005,0.0303,-0.0014,-0.0015,0.0066,-0.0067,-0.0117]
HID seg1s16 pos=175 sha=b818315734793796 first8=[-0.0043,-0.0081,0.0997,0.0085,0.0171,0.0050,-0.0223,-0.0260]
HID seg2s16 pos=175 sha=88b9afae0b17de16 first8=[0.1506,0.1488,0.0021,0.0804,0.3164,-0.1447,-0.0495,-0.0953]
HID seg0s16 pos=191 sha=04279097f4607cb1 first8=[-0.0015,0.0005,0.0312,0.0101,0.0040,-0.0006,-0.0039,0.0041]
HID seg1s16 pos=191 sha=a5142415cb2bd3ad first8=[0.0073,-0.0015,0.0619,0.0272,0.0072,-0.0082,0.0102,-0.0098]
HID seg2s16 pos=191 sha=5cc6b9518a99269d first8=[-0.1477,0.0529,0.1448,0.0276,-0.1273,-0.1495,-0.0672,-0.1786]
HID seg0s16 pos=207 sha=c1dac28d028d9473 first8=[0.0005,-0.0004,0.0349,-0.0044,-0.0115,-0.0009,0.0038,-0.0069]
HID seg1s16 pos=207 sha=19fab85d4f5f8cb6 first8=[-0.0074,-0.0217,0.0963,-0.0037,0.0125,0.0056,-0.0010,-0.0095]
HID seg2s16 pos=207 sha=44c3160fe66ce452 first8=[-0.0087,0.0343,0.0982,-0.0240,-0.0211,0.0382,-0.0400,-0.2354]
HID seg0s16 pos=223 sha=acf18784f033c569 first8=[0.0027,0.0032,0.0358,-0.0015,-0.0013,0.0095,0.0030,-0.0023]
HID seg1s16 pos=223 sha=9c20f3424c4c7725 first8=[-0.0043,-0.0125,0.0684,-0.0049,-0.0057,0.0243,-0.0099,-0.0207]
HID seg2s16 pos=223 sha=05a6ccd6b2d593cf first8=[-0.0499,-0.0535,0.1537,0.0143,0.1525,0.0384,0.0387,-0.2773]
HID seg0s16 pos=239 sha=687cdf61649f803c first8=[0.0001,-0.0014,0.0180,0.0019,-0.0017,0.0176,-0.0068,-0.0069]
HID seg1s16 pos=239 sha=8a0909d71d13e514 first8=[0.0004,0.0013,0.0505,-0.0319,-0.0026,0.0461,0.0017,0.0018]
HID seg2s16 pos=239 sha=c6b483e16796d817 first8=[0.1036,0.2167,-0.0395,-0.0848,0.0750,0.1754,-0.1075,-0.2108]
PROBE_JSON {"probs":{"12447":0.73718901492986455,"2752":0.0016899844447671676,"794":0.00047668200080766115,"17550":0.027274967076195689,"18171":0.0052055185611812145,"2243":0.016543103774365329,"11683":0.14516112387196925,"4547":0.066459605340849409},"offset":15,"abs":{"2243":0.0067117757226719272,"18171":0.0021119539343634791,"794":0.00019339676061351938,"4547":0.026963620113190256,"2752":0.00068565105573827761,"17550":0.011065847398137931,"12447":0.29908821227935029,"11683":0.058893960913754463}}
SCORE_END {"row":2,"rss_bytes":566494504,"ms":254717.89762500001}
SCORE_DONE scored=3 skipped=0
TIMING
  embed        n=52 total=393.2ms mean=7.56ms
  head         n=6 total=8412.7ms mean=1402.11ms
  load_head    n=1 total=1796.5ms mean=1796.51ms
  load_seg0_s16 n=1 total=3775.4ms mean=3775.43ms
  load_seg1_s16 n=1 total=3282.9ms mean=3282.93ms
  load_seg2_s16 n=1 total=7284.4ms mean=7284.40ms
  seg0         n=52 total=274559.5ms mean=5279.99ms
  seg1         n=52 total=275073.8ms mean=5289.88ms
  seg2         n=52 total=274459.2ms mean=5278.06ms
